# Logfile created on Mon Jan 10 13:33:46 -0800 2011 by logger.rb
  [4;36;1mSQL (0.2ms)[0m   [0;1mSET NAMES 'utf8'[0m
  [4;35;1mSQL (0.1ms)[0m   [0mSET SQL_AUTO_IS_NULL=0[0m
  [4;36;1mSQL (0.3ms)[0m   [0;1mSHOW TABLES[0m
  [4;35;1mSQL (12.6ms)[0m   [0mCREATE TABLE `account_settings` (`id` int(11) DEFAULT NULL auto_increment PRIMARY KEY, `account_id` int(11), `name` varchar(255), `value` varchar(255), `created_at` datetime, `updated_at` datetime) ENGINE=InnoDB[0m
  [4;36;1mSQL (0.4ms)[0m   [0;1mSHOW TABLES[0m
  [4;35;1mSQL (11.8ms)[0m   [0mCREATE TABLE `accounts` (`id` int(11) DEFAULT NULL auto_increment PRIMARY KEY, `name` varchar(255), `created_at` datetime, `updated_at` datetime) ENGINE=InnoDB[0m
  [4;36;1mSQL (0.3ms)[0m   [0;1mSHOW TABLES[0m
  [4;35;1mSQL (9.4ms)[0m   [0mCREATE TABLE `schema_migrations` (`version` varchar(255) NOT NULL) ENGINE=InnoDB[0m
  [4;36;1mSQL (0.3ms)[0m   [0;1mSHOW KEYS FROM `schema_migrations`[0m
  [4;35;1mSQL (10.7ms)[0m   [0mCREATE UNIQUE INDEX `unique_schema_migrations` ON `schema_migrations` (`version`)[0m
  [4;36;1mSQL (0.4ms)[0m   [0;1mSHOW TABLES[0m
  [4;35;1mSQL (0.4ms)[0m   [0mSELECT version FROM `schema_migrations`[0m
  [4;36;1mSQL (0.4ms)[0m   [0;1mINSERT INTO `schema_migrations` (version) VALUES ('1')[0m
  [4;36;1mSQL (0.2ms)[0m   [0;1mSET NAMES 'utf8'[0m
  [4;35;1mSQL (0.1ms)[0m   [0mSET SQL_AUTO_IS_NULL=0[0m
  [4;36;1mSQL (1.2ms)[0m   [0;1mSHOW TABLES[0m
  [4;35;1mSQL (1.6ms)[0m   [0mDROP TABLE `account_settings`[0m
  [4;36;1mSQL (71.1ms)[0m   [0;1mCREATE TABLE `account_settings` (`id` int(11) DEFAULT NULL auto_increment PRIMARY KEY, `account_id` int(11), `name` varchar(255), `value` varchar(255), `created_at` datetime, `updated_at` datetime) ENGINE=InnoDB[0m
  [4;35;1mSQL (0.4ms)[0m   [0mSHOW TABLES[0m
  [4;36;1mSQL (0.8ms)[0m   [0;1mDROP TABLE `accounts`[0m
  [4;35;1mSQL (14.0ms)[0m   [0mCREATE TABLE `accounts` (`id` int(11) DEFAULT NULL auto_increment PRIMARY KEY, `name` varchar(255), `created_at` datetime, `updated_at` datetime) ENGINE=InnoDB[0m
  [4;36;1mSQL (0.4ms)[0m   [0;1mSHOW TABLES[0m
  [4;35;1mSQL (0.1ms)[0m   [0mSELECT version FROM `schema_migrations`[0m
  [4;36;1mSQL (0.1ms)[0m   [0;1mSET NAMES 'utf8'[0m
  [4;35;1mSQL (0.1ms)[0m   [0mSET SQL_AUTO_IS_NULL=0[0m
  [4;36;1mSQL (0.3ms)[0m   [0;1mSHOW TABLES[0m
  [4;35;1mSQL (0.8ms)[0m   [0mDROP TABLE `account_settings`[0m
  [4;36;1mSQL (170.9ms)[0m   [0;1mCREATE TABLE `account_settings` (`id` int(11) DEFAULT NULL auto_increment PRIMARY KEY, `account_id` int(11), `name` varchar(255), `value` varchar(255), `created_at` datetime, `updated_at` datetime) ENGINE=InnoDB[0m
  [4;35;1mSQL (0.5ms)[0m   [0mSHOW TABLES[0m
  [4;36;1mSQL (1.2ms)[0m   [0;1mDROP TABLE `accounts`[0m
  [4;35;1mSQL (19.2ms)[0m   [0mCREATE TABLE `accounts` (`id` int(11) DEFAULT NULL auto_increment PRIMARY KEY, `name` varchar(255), `created_at` datetime, `updated_at` datetime) ENGINE=InnoDB[0m
  [4;36;1mSQL (0.3ms)[0m   [0;1mSHOW TABLES[0m
  [4;35;1mSQL (0.2ms)[0m   [0mSELECT version FROM `schema_migrations`[0m
  [4;36;1mSQL (0.2ms)[0m   [0;1mSET NAMES 'utf8'[0m
  [4;35;1mSQL (0.1ms)[0m   [0mSET SQL_AUTO_IS_NULL=0[0m
  [4;36;1mSQL (0.3ms)[0m   [0;1mSHOW TABLES[0m
  [4;35;1mSQL (0.8ms)[0m   [0mDROP TABLE `account_settings`[0m
  [4;36;1mSQL (246.9ms)[0m   [0;1mCREATE TABLE `account_settings` (`id` int(11) DEFAULT NULL auto_increment PRIMARY KEY, `account_id` int(11), `name` varchar(255), `value` varchar(255), `created_at` datetime, `updated_at` datetime) ENGINE=InnoDB[0m
  [4;35;1mSQL (0.4ms)[0m   [0mSHOW TABLES[0m
  [4;36;1mSQL (0.9ms)[0m   [0;1mDROP TABLE `accounts`[0m
  [4;35;1mSQL (17.9ms)[0m   [0mCREATE TABLE `accounts` (`id` int(11) DEFAULT NULL auto_increment PRIMARY KEY, `name` varchar(255), `created_at` datetime, `updated_at` datetime) ENGINE=InnoDB[0m
  [4;36;1mSQL (0.4ms)[0m   [0;1mSHOW TABLES[0m
  [4;35;1mSQL (0.1ms)[0m   [0mSELECT version FROM `schema_migrations`[0m
  [4;36;1mSQL (0.1ms)[0m   [0;1mSET NAMES 'utf8'[0m
  [4;35;1mSQL (0.2ms)[0m   [0mSET SQL_AUTO_IS_NULL=0[0m
  [4;36;1mSQL (0.4ms)[0m   [0;1mSHOW TABLES[0m
  [4;35;1mSQL (1.0ms)[0m   [0mDROP TABLE `account_settings`[0m
  [4;36;1mSQL (41.3ms)[0m   [0;1mCREATE TABLE `account_settings` (`id` int(11) DEFAULT NULL auto_increment PRIMARY KEY, `account_id` int(11), `name` varchar(255), `value` varchar(255), `created_at` datetime, `updated_at` datetime) ENGINE=InnoDB[0m
  [4;35;1mSQL (0.3ms)[0m   [0mSHOW TABLES[0m
  [4;36;1mSQL (0.8ms)[0m   [0;1mDROP TABLE `accounts`[0m
  [4;35;1mSQL (20.7ms)[0m   [0mCREATE TABLE `accounts` (`id` int(11) DEFAULT NULL auto_increment PRIMARY KEY, `name` varchar(255), `created_at` datetime, `updated_at` datetime) ENGINE=InnoDB[0m
  [4;36;1mSQL (0.3ms)[0m   [0;1mSHOW TABLES[0m
  [4;35;1mSQL (0.1ms)[0m   [0mSELECT version FROM `schema_migrations`[0m
  [4;36;1mSQL (0.2ms)[0m   [0;1mSET NAMES 'utf8'[0m
  [4;35;1mSQL (0.2ms)[0m   [0mSET SQL_AUTO_IS_NULL=0[0m
  [4;36;1mSQL (0.3ms)[0m   [0;1mSHOW TABLES[0m
  [4;35;1mSQL (1.0ms)[0m   [0mDROP TABLE `account_settings`[0m
  [4;36;1mSQL (181.5ms)[0m   [0;1mCREATE TABLE `account_settings` (`id` int(11) DEFAULT NULL auto_increment PRIMARY KEY, `account_id` int(11), `name` varchar(255), `value` varchar(255), `created_at` datetime, `updated_at` datetime) ENGINE=InnoDB[0m
  [4;35;1mSQL (0.4ms)[0m   [0mSHOW TABLES[0m
  [4;36;1mSQL (1.0ms)[0m   [0;1mDROP TABLE `accounts`[0m
  [4;35;1mSQL (11.4ms)[0m   [0mCREATE TABLE `accounts` (`id` int(11) DEFAULT NULL auto_increment PRIMARY KEY, `name` varchar(255), `created_at` datetime, `updated_at` datetime) ENGINE=InnoDB[0m
  [4;36;1mSQL (0.4ms)[0m   [0;1mSHOW TABLES[0m
  [4;35;1mSQL (0.2ms)[0m   [0mSELECT version FROM `schema_migrations`[0m
  [4;36;1mSQL (0.2ms)[0m   [0;1mSET NAMES 'utf8'[0m
  [4;35;1mSQL (0.2ms)[0m   [0mSET SQL_AUTO_IS_NULL=0[0m
  [4;36;1mSQL (0.3ms)[0m   [0;1mSHOW TABLES[0m
  [4;35;1mSQL (0.8ms)[0m   [0mDROP TABLE `account_settings`[0m
  [4;36;1mSQL (13.9ms)[0m   [0;1mCREATE TABLE `account_settings` (`id` int(11) DEFAULT NULL auto_increment PRIMARY KEY, `account_id` int(11), `name` varchar(255), `value` varchar(255), `created_at` datetime, `updated_at` datetime) ENGINE=InnoDB[0m
  [4;35;1mSQL (0.4ms)[0m   [0mSHOW TABLES[0m
  [4;36;1mSQL (0.9ms)[0m   [0;1mDROP TABLE `accounts`[0m
  [4;35;1mSQL (12.5ms)[0m   [0mCREATE TABLE `accounts` (`id` int(11) DEFAULT NULL auto_increment PRIMARY KEY, `name` varchar(255), `created_at` datetime, `updated_at` datetime) ENGINE=InnoDB[0m
  [4;36;1mSQL (0.3ms)[0m   [0;1mSHOW TABLES[0m
  [4;35;1mSQL (0.2ms)[0m   [0mSELECT version FROM `schema_migrations`[0m
  [4;36;1mSQL (0.4ms)[0m   [0;1mSHOW TABLES[0m
  [4;35;1mAccountSettings Columns (1.1ms)[0m   [0mSHOW FIELDS FROM `account_settings`[0m
  [4;36;1mSQL (0.3ms)[0m   [0;1mSET NAMES 'utf8'[0m
  [4;35;1mSQL (0.1ms)[0m   [0mSET SQL_AUTO_IS_NULL=0[0m
  [4;36;1mSQL (0.3ms)[0m   [0;1mSHOW TABLES[0m
  [4;35;1mSQL (2.2ms)[0m   [0mDROP TABLE `account_settings`[0m
  [4;36;1mSQL (11.5ms)[0m   [0;1mCREATE TABLE `account_settings` (`id` int(11) DEFAULT NULL auto_increment PRIMARY KEY, `account_id` int(11), `name` varchar(255), `value` varchar(255), `created_at` datetime, `updated_at` datetime) ENGINE=InnoDB[0m
  [4;35;1mSQL (0.5ms)[0m   [0mSHOW TABLES[0m
  [4;36;1mSQL (1.1ms)[0m   [0;1mDROP TABLE `accounts`[0m
  [4;35;1mSQL (11.2ms)[0m   [0mCREATE TABLE `accounts` (`id` int(11) DEFAULT NULL auto_increment PRIMARY KEY, `name` varchar(255), `created_at` datetime, `updated_at` datetime) ENGINE=InnoDB[0m
  [4;36;1mSQL (0.3ms)[0m   [0;1mSHOW TABLES[0m
  [4;35;1mSQL (0.1ms)[0m   [0mSELECT version FROM `schema_migrations`[0m
  [4;36;1mSQL (0.4ms)[0m   [0;1mSHOW TABLES[0m
  [4;35;1mAccountSettings Columns (1.1ms)[0m   [0mSHOW FIELDS FROM `account_settings`[0m
  [4;36;1mSQL (0.1ms)[0m   [0;1mSET NAMES 'utf8'[0m
  [4;35;1mSQL (0.2ms)[0m   [0mSET SQL_AUTO_IS_NULL=0[0m
  [4;36;1mSQL (0.9ms)[0m   [0;1mSHOW TABLES[0m
  [4;35;1mSQL (1.7ms)[0m   [0mDROP TABLE `account_settings`[0m
  [4;36;1mSQL (35.4ms)[0m   [0;1mCREATE TABLE `account_settings` (`id` int(11) DEFAULT NULL auto_increment PRIMARY KEY, `account_id` int(11), `name` varchar(255), `value` varchar(255), `created_at` datetime, `updated_at` datetime) ENGINE=InnoDB[0m
  [4;35;1mSQL (0.3ms)[0m   [0mSHOW TABLES[0m
  [4;36;1mSQL (0.8ms)[0m   [0;1mDROP TABLE `accounts`[0m
  [4;35;1mSQL (20.2ms)[0m   [0mCREATE TABLE `accounts` (`id` int(11) DEFAULT NULL auto_increment PRIMARY KEY, `name` varchar(255), `created_at` datetime, `updated_at` datetime) ENGINE=InnoDB[0m
  [4;36;1mSQL (0.3ms)[0m   [0;1mSHOW TABLES[0m
  [4;35;1mSQL (0.1ms)[0m   [0mSELECT version FROM `schema_migrations`[0m
  [4;36;1mSQL (0.4ms)[0m   [0;1mSHOW TABLES[0m
  [4;35;1mAccountSettings Columns (2.2ms)[0m   [0mSHOW FIELDS FROM `account_settings`[0m
  [4;36;1mSQL (0.2ms)[0m   [0;1mSET NAMES 'utf8'[0m
  [4;35;1mSQL (0.1ms)[0m   [0mSET SQL_AUTO_IS_NULL=0[0m
  [4;36;1mSQL (0.4ms)[0m   [0;1mSHOW TABLES[0m
  [4;35;1mSQL (1.1ms)[0m   [0mDROP TABLE `account_settings`[0m
  [4;36;1mSQL (10.1ms)[0m   [0;1mCREATE TABLE `account_settings` (`id` int(11) DEFAULT NULL auto_increment PRIMARY KEY, `account_id` int(11), `name` varchar(255), `value` varchar(255), `created_at` datetime, `updated_at` datetime) ENGINE=InnoDB[0m
  [4;35;1mSQL (0.3ms)[0m   [0mSHOW TABLES[0m
  [4;36;1mSQL (0.8ms)[0m   [0;1mDROP TABLE `accounts`[0m
  [4;35;1mSQL (10.7ms)[0m   [0mCREATE TABLE `accounts` (`id` int(11) DEFAULT NULL auto_increment PRIMARY KEY, `name` varchar(255), `created_at` datetime, `updated_at` datetime) ENGINE=InnoDB[0m
  [4;36;1mSQL (0.3ms)[0m   [0;1mSHOW TABLES[0m
  [4;35;1mSQL (0.1ms)[0m   [0mSELECT version FROM `schema_migrations`[0m
  [4;36;1mSQL (0.4ms)[0m   [0;1mSHOW TABLES[0m
  [4;35;1mAccountSettings Columns (1.3ms)[0m   [0mSHOW FIELDS FROM `account_settings`[0m
  [4;36;1mSQL (0.1ms)[0m   [0;1mSET NAMES 'utf8'[0m
  [4;35;1mSQL (0.1ms)[0m   [0mSET SQL_AUTO_IS_NULL=0[0m
  [4;36;1mSQL (0.3ms)[0m   [0;1mSHOW TABLES[0m
  [4;35;1mSQL (2.2ms)[0m   [0mDROP TABLE `account_settings`[0m
  [4;36;1mSQL (11.8ms)[0m   [0;1mCREATE TABLE `account_settings` (`id` int(11) DEFAULT NULL auto_increment PRIMARY KEY, `account_id` int(11), `name` varchar(255), `value` varchar(255), `created_at` datetime, `updated_at` datetime) ENGINE=InnoDB[0m
  [4;35;1mSQL (0.4ms)[0m   [0mSHOW TABLES[0m
  [4;36;1mSQL (1.1ms)[0m   [0;1mDROP TABLE `accounts`[0m
  [4;35;1mSQL (11.4ms)[0m   [0mCREATE TABLE `accounts` (`id` int(11) DEFAULT NULL auto_increment PRIMARY KEY, `name` varchar(255), `created_at` datetime, `updated_at` datetime) ENGINE=InnoDB[0m
  [4;36;1mSQL (0.3ms)[0m   [0;1mSHOW TABLES[0m
  [4;35;1mSQL (0.1ms)[0m   [0mSELECT version FROM `schema_migrations`[0m
  [4;36;1mSQL (0.5ms)[0m   [0;1mSHOW TABLES[0m
  [4;35;1mAccount Columns (1.1ms)[0m   [0mSHOW FIELDS FROM `accounts`[0m
Unable to load account, underlying cause no such file to load -- account.rb 

 /Users/morten/.rvm/gems/ree-1.8.7-2010.02/gems/activesupport-2.3.10/lib/active_support/dependencies.rb:406:in `load_without_new_constant_marking'
/Users/morten/.rvm/gems/ree-1.8.7-2010.02/gems/activesupport-2.3.10/lib/active_support/dependencies.rb:406:in `load_file'
/Users/morten/.rvm/gems/ree-1.8.7-2010.02/gems/activesupport-2.3.10/lib/active_support/dependencies.rb:547:in `new_constants_in'
/Users/morten/.rvm/gems/ree-1.8.7-2010.02/gems/activesupport-2.3.10/lib/active_support/dependencies.rb:405:in `load_file'
/Users/morten/.rvm/gems/ree-1.8.7-2010.02/gems/activesupport-2.3.10/lib/active_support/dependencies.rb:285:in `require_or_load'
/Users/morten/.rvm/gems/ree-1.8.7-2010.02/gems/activesupport-2.3.10/lib/active_support/dependencies.rb:250:in `depend_on'
/Users/morten/.rvm/gems/ree-1.8.7-2010.02/gems/activesupport-2.3.10/lib/active_support/dependencies.rb:162:in `require_dependency'
/Users/morten/.rvm/gems/ree-1.8.7-2010.02/gems/activerecord-2.3.10/lib/active_record/fixtures.rb:853:in `try_to_load_dependency'
/Users/morten/.rvm/gems/ree-1.8.7-2010.02/gems/activerecord-2.3.10/lib/active_record/fixtures.rb:868:in `require_fixture_classes'
/Users/morten/.rvm/gems/ree-1.8.7-2010.02/gems/activerecord-2.3.10/lib/active_record/fixtures.rb:865:in `each'
/Users/morten/.rvm/gems/ree-1.8.7-2010.02/gems/activerecord-2.3.10/lib/active_record/fixtures.rb:865:in `require_fixture_classes'
/Users/morten/.rvm/gems/ree-1.8.7-2010.02/gems/activerecord-2.3.10/lib/active_record/fixtures.rb:848:in `fixtures'
/Users/morten/.rvm/gems/ree-1.8.7-2010.02/gems/shoulda-2.11.3/lib/shoulda/context.rb:429:in `send'
/Users/morten/.rvm/gems/ree-1.8.7-2010.02/gems/shoulda-2.11.3/lib/shoulda/context.rb:429:in `method_missing'
./test/test_property_sets.rb:15:in `__bind_1294696399_958336'
/Users/morten/.rvm/gems/ree-1.8.7-2010.02/gems/shoulda-2.11.3/lib/shoulda/context.rb:306:in `call'
/Users/morten/.rvm/gems/ree-1.8.7-2010.02/gems/shoulda-2.11.3/lib/shoulda/context.rb:306:in `merge_block'
/Users/morten/.rvm/gems/ree-1.8.7-2010.02/gems/shoulda-2.11.3/lib/shoulda/context.rb:301:in `initialize'
/Users/morten/.rvm/gems/ree-1.8.7-2010.02/gems/shoulda-2.11.3/lib/shoulda/context.rb:199:in `new'
/Users/morten/.rvm/gems/ree-1.8.7-2010.02/gems/shoulda-2.11.3/lib/shoulda/context.rb:199:in `context'
./test/test_property_sets.rb:14
/Users/morten/.rvm/gems/ree-1.8.7-2010.02/gems/rake-0.8.7/lib/rake/rake_test_loader.rb:5:in `load'
/Users/morten/.rvm/gems/ree-1.8.7-2010.02/gems/rake-0.8.7/lib/rake/rake_test_loader.rb:5
/Users/morten/.rvm/gems/ree-1.8.7-2010.02/gems/rake-0.8.7/lib/rake/rake_test_loader.rb:5:in `each'
/Users/morten/.rvm/gems/ree-1.8.7-2010.02/gems/rake-0.8.7/lib/rake/rake_test_loader.rb:5
Unable to load account_setting, underlying cause no such file to load -- account_setting.rb 

 /Users/morten/.rvm/gems/ree-1.8.7-2010.02/gems/activesupport-2.3.10/lib/active_support/dependencies.rb:406:in `load_without_new_constant_marking'
/Users/morten/.rvm/gems/ree-1.8.7-2010.02/gems/activesupport-2.3.10/lib/active_support/dependencies.rb:406:in `load_file'
/Users/morten/.rvm/gems/ree-1.8.7-2010.02/gems/activesupport-2.3.10/lib/active_support/dependencies.rb:547:in `new_constants_in'
/Users/morten/.rvm/gems/ree-1.8.7-2010.02/gems/activesupport-2.3.10/lib/active_support/dependencies.rb:405:in `load_file'
/Users/morten/.rvm/gems/ree-1.8.7-2010.02/gems/activesupport-2.3.10/lib/active_support/dependencies.rb:285:in `require_or_load'
/Users/morten/.rvm/gems/ree-1.8.7-2010.02/gems/activesupport-2.3.10/lib/active_support/dependencies.rb:250:in `depend_on'
/Users/morten/.rvm/gems/ree-1.8.7-2010.02/gems/activesupport-2.3.10/lib/active_support/dependencies.rb:162:in `require_dependency'
/Users/morten/.rvm/gems/ree-1.8.7-2010.02/gems/activerecord-2.3.10/lib/active_record/fixtures.rb:853:in `try_to_load_dependency'
/Users/morten/.rvm/gems/ree-1.8.7-2010.02/gems/activerecord-2.3.10/lib/active_record/fixtures.rb:868:in `require_fixture_classes'
/Users/morten/.rvm/gems/ree-1.8.7-2010.02/gems/activerecord-2.3.10/lib/active_record/fixtures.rb:865:in `each'
/Users/morten/.rvm/gems/ree-1.8.7-2010.02/gems/activerecord-2.3.10/lib/active_record/fixtures.rb:865:in `require_fixture_classes'
/Users/morten/.rvm/gems/ree-1.8.7-2010.02/gems/activerecord-2.3.10/lib/active_record/fixtures.rb:848:in `fixtures'
/Users/morten/.rvm/gems/ree-1.8.7-2010.02/gems/shoulda-2.11.3/lib/shoulda/context.rb:429:in `send'
/Users/morten/.rvm/gems/ree-1.8.7-2010.02/gems/shoulda-2.11.3/lib/shoulda/context.rb:429:in `method_missing'
./test/test_property_sets.rb:15:in `__bind_1294696399_958336'
/Users/morten/.rvm/gems/ree-1.8.7-2010.02/gems/shoulda-2.11.3/lib/shoulda/context.rb:306:in `call'
/Users/morten/.rvm/gems/ree-1.8.7-2010.02/gems/shoulda-2.11.3/lib/shoulda/context.rb:306:in `merge_block'
/Users/morten/.rvm/gems/ree-1.8.7-2010.02/gems/shoulda-2.11.3/lib/shoulda/context.rb:301:in `initialize'
/Users/morten/.rvm/gems/ree-1.8.7-2010.02/gems/shoulda-2.11.3/lib/shoulda/context.rb:199:in `new'
/Users/morten/.rvm/gems/ree-1.8.7-2010.02/gems/shoulda-2.11.3/lib/shoulda/context.rb:199:in `context'
./test/test_property_sets.rb:14
/Users/morten/.rvm/gems/ree-1.8.7-2010.02/gems/rake-0.8.7/lib/rake/rake_test_loader.rb:5:in `load'
/Users/morten/.rvm/gems/ree-1.8.7-2010.02/gems/rake-0.8.7/lib/rake/rake_test_loader.rb:5
/Users/morten/.rvm/gems/ree-1.8.7-2010.02/gems/rake-0.8.7/lib/rake/rake_test_loader.rb:5:in `each'
/Users/morten/.rvm/gems/ree-1.8.7-2010.02/gems/rake-0.8.7/lib/rake/rake_test_loader.rb:5
  [4;36;1mSQL (0.0ms)[0m   [0;1mBEGIN[0m
  [4;35;1mSQL (0.1ms)[0m   [0mSAVEPOINT active_record_1[0m
  [4;36;1mAccount Create (0.2ms)[0m   [0;1mINSERT INTO `accounts` (`name`, `created_at`, `updated_at`) VALUES('Name', '2011-01-10 13:53:20', '2011-01-10 13:53:20')[0m
  [4;35;1mSQL (0.2ms)[0m   [0mRELEASE SAVEPOINT active_record_1[0m
  [4;36;1mAccountSettings Load (0.2ms)[0m   [0;1mSELECT * FROM `account_settings` WHERE (`account_settings`.account_id = 2) [0m
  [4;35;1mSQL (0.3ms)[0m   [0mROLLBACK[0m
  [4;36;1mSQL (0.0ms)[0m   [0;1mBEGIN[0m
  [4;35;1mSQL (0.0ms)[0m   [0mSAVEPOINT active_record_1[0m
  [4;36;1mAccount Create (0.1ms)[0m   [0;1mINSERT INTO `accounts` (`name`, `created_at`, `updated_at`) VALUES('Name', '2011-01-10 13:53:20', '2011-01-10 13:53:20')[0m
  [4;35;1mSQL (0.0ms)[0m   [0mRELEASE SAVEPOINT active_record_1[0m
  [4;36;1mAccountSettings Load (0.1ms)[0m   [0;1mSELECT * FROM `account_settings` WHERE (`account_settings`.account_id = 3) [0m
  [4;35;1mSQL (0.3ms)[0m   [0mROLLBACK[0m
  [4;36;1mSQL (0.0ms)[0m   [0;1mBEGIN[0m
  [4;35;1mSQL (0.0ms)[0m   [0mSAVEPOINT active_record_1[0m
  [4;36;1mAccount Create (0.1ms)[0m   [0;1mINSERT INTO `accounts` (`name`, `created_at`, `updated_at`) VALUES('Name', '2011-01-10 13:53:20', '2011-01-10 13:53:20')[0m
  [4;35;1mSQL (0.2ms)[0m   [0mRELEASE SAVEPOINT active_record_1[0m
  [4;36;1mAccountSettings Columns (1.1ms)[0m   [0;1mSHOW FIELDS FROM `account_settings`[0m
  [4;35;1mSQL (0.2ms)[0m   [0mSELECT count(*) AS count_all FROM `account_settings` WHERE (`account_settings`.account_id = 4) [0m
  [4;36;1mSQL (0.3ms)[0m   [0;1mROLLBACK[0m
  [4;35;1mSQL (0.0ms)[0m   [0mBEGIN[0m
  [4;36;1mSQL (0.0ms)[0m   [0;1mSAVEPOINT active_record_1[0m
  [4;35;1mAccount Create (0.2ms)[0m   [0mINSERT INTO `accounts` (`name`, `created_at`, `updated_at`) VALUES('Name', '2011-01-10 13:53:20', '2011-01-10 13:53:20')[0m
  [4;36;1mSQL (0.1ms)[0m   [0;1mRELEASE SAVEPOINT active_record_1[0m
  [4;35;1mAccountSettings Load (0.1ms)[0m   [0mSELECT * FROM `account_settings` WHERE (`account_settings`.account_id = 5) [0m
  [4;36;1mSQL (0.3ms)[0m   [0;1mROLLBACK[0m
  [4;35;1mSQL (0.1ms)[0m   [0mBEGIN[0m
  [4;36;1mSQL (0.1ms)[0m   [0;1mSAVEPOINT active_record_1[0m
  [4;35;1mAccount Create (0.1ms)[0m   [0mINSERT INTO `accounts` (`name`, `created_at`, `updated_at`) VALUES('Name', '2011-01-10 13:53:20', '2011-01-10 13:53:20')[0m
  [4;36;1mSQL (0.0ms)[0m   [0;1mRELEASE SAVEPOINT active_record_1[0m
  [4;35;1mSQL (0.5ms)[0m   [0mROLLBACK[0m
  [4;36;1mSQL (0.0ms)[0m   [0;1mBEGIN[0m
  [4;35;1mSQL (0.1ms)[0m   [0mSAVEPOINT active_record_1[0m
  [4;36;1mAccount Create (0.2ms)[0m   [0;1mINSERT INTO `accounts` (`name`, `created_at`, `updated_at`) VALUES('Name', '2011-01-10 13:53:20', '2011-01-10 13:53:20')[0m
  [4;35;1mSQL (0.1ms)[0m   [0mRELEASE SAVEPOINT active_record_1[0m
  [4;36;1mSQL (0.3ms)[0m   [0;1mROLLBACK[0m
  [4;35;1mSQL (0.1ms)[0m   [0mBEGIN[0m
  [4;36;1mSQL (0.2ms)[0m   [0;1mSAVEPOINT active_record_1[0m
  [4;35;1mAccount Create (0.4ms)[0m   [0mINSERT INTO `accounts` (`name`, `created_at`, `updated_at`) VALUES('Name', '2011-01-10 13:53:20', '2011-01-10 13:53:20')[0m
  [4;36;1mSQL (0.2ms)[0m   [0;1mRELEASE SAVEPOINT active_record_1[0m
  [4;35;1mSQL (0.5ms)[0m   [0mROLLBACK[0m
  [4;36;1mSQL (0.2ms)[0m   [0;1mSET NAMES 'utf8'[0m
  [4;35;1mSQL (0.2ms)[0m   [0mSET SQL_AUTO_IS_NULL=0[0m
  [4;36;1mSQL (0.3ms)[0m   [0;1mSHOW TABLES[0m
  [4;35;1mSQL (2.4ms)[0m   [0mDROP TABLE `account_settings`[0m
  [4;36;1mSQL (10.5ms)[0m   [0;1mCREATE TABLE `account_settings` (`id` int(11) DEFAULT NULL auto_increment PRIMARY KEY, `account_id` int(11), `name` varchar(255), `value` varchar(255), `created_at` datetime, `updated_at` datetime) ENGINE=InnoDB[0m
  [4;35;1mSQL (0.5ms)[0m   [0mSHOW TABLES[0m
  [4;36;1mSQL (1.1ms)[0m   [0;1mDROP TABLE `accounts`[0m
  [4;35;1mSQL (10.9ms)[0m   [0mCREATE TABLE `accounts` (`id` int(11) DEFAULT NULL auto_increment PRIMARY KEY, `name` varchar(255), `created_at` datetime, `updated_at` datetime) ENGINE=InnoDB[0m
  [4;36;1mSQL (0.3ms)[0m   [0;1mSHOW TABLES[0m
  [4;35;1mSQL (0.1ms)[0m   [0mSELECT version FROM `schema_migrations`[0m
  [4;36;1mSQL (0.4ms)[0m   [0;1mSHOW TABLES[0m
  [4;35;1mAccount Columns (1.3ms)[0m   [0mSHOW FIELDS FROM `accounts`[0m
Unable to load account, underlying cause no such file to load -- account.rb 

 /Users/morten/.rvm/gems/ree-1.8.7-2010.02/gems/activesupport-2.3.10/lib/active_support/dependencies.rb:406:in `load_without_new_constant_marking'
/Users/morten/.rvm/gems/ree-1.8.7-2010.02/gems/activesupport-2.3.10/lib/active_support/dependencies.rb:406:in `load_file'
/Users/morten/.rvm/gems/ree-1.8.7-2010.02/gems/activesupport-2.3.10/lib/active_support/dependencies.rb:547:in `new_constants_in'
/Users/morten/.rvm/gems/ree-1.8.7-2010.02/gems/activesupport-2.3.10/lib/active_support/dependencies.rb:405:in `load_file'
/Users/morten/.rvm/gems/ree-1.8.7-2010.02/gems/activesupport-2.3.10/lib/active_support/dependencies.rb:285:in `require_or_load'
/Users/morten/.rvm/gems/ree-1.8.7-2010.02/gems/activesupport-2.3.10/lib/active_support/dependencies.rb:250:in `depend_on'
/Users/morten/.rvm/gems/ree-1.8.7-2010.02/gems/activesupport-2.3.10/lib/active_support/dependencies.rb:162:in `require_dependency'
/Users/morten/.rvm/gems/ree-1.8.7-2010.02/gems/activerecord-2.3.10/lib/active_record/fixtures.rb:853:in `try_to_load_dependency'
/Users/morten/.rvm/gems/ree-1.8.7-2010.02/gems/activerecord-2.3.10/lib/active_record/fixtures.rb:868:in `require_fixture_classes'
/Users/morten/.rvm/gems/ree-1.8.7-2010.02/gems/activerecord-2.3.10/lib/active_record/fixtures.rb:865:in `each'
/Users/morten/.rvm/gems/ree-1.8.7-2010.02/gems/activerecord-2.3.10/lib/active_record/fixtures.rb:865:in `require_fixture_classes'
/Users/morten/.rvm/gems/ree-1.8.7-2010.02/gems/activerecord-2.3.10/lib/active_record/fixtures.rb:848:in `fixtures'
/Users/morten/.rvm/gems/ree-1.8.7-2010.02/gems/shoulda-2.11.3/lib/shoulda/context.rb:429:in `send'
/Users/morten/.rvm/gems/ree-1.8.7-2010.02/gems/shoulda-2.11.3/lib/shoulda/context.rb:429:in `method_missing'
./test/test_property_sets.rb:15:in `__bind_1294696469_533773'
/Users/morten/.rvm/gems/ree-1.8.7-2010.02/gems/shoulda-2.11.3/lib/shoulda/context.rb:306:in `call'
/Users/morten/.rvm/gems/ree-1.8.7-2010.02/gems/shoulda-2.11.3/lib/shoulda/context.rb:306:in `merge_block'
/Users/morten/.rvm/gems/ree-1.8.7-2010.02/gems/shoulda-2.11.3/lib/shoulda/context.rb:301:in `initialize'
/Users/morten/.rvm/gems/ree-1.8.7-2010.02/gems/shoulda-2.11.3/lib/shoulda/context.rb:199:in `new'
/Users/morten/.rvm/gems/ree-1.8.7-2010.02/gems/shoulda-2.11.3/lib/shoulda/context.rb:199:in `context'
./test/test_property_sets.rb:14
/Users/morten/.rvm/gems/ree-1.8.7-2010.02/gems/rake-0.8.7/lib/rake/rake_test_loader.rb:5:in `load'
/Users/morten/.rvm/gems/ree-1.8.7-2010.02/gems/rake-0.8.7/lib/rake/rake_test_loader.rb:5
/Users/morten/.rvm/gems/ree-1.8.7-2010.02/gems/rake-0.8.7/lib/rake/rake_test_loader.rb:5:in `each'
/Users/morten/.rvm/gems/ree-1.8.7-2010.02/gems/rake-0.8.7/lib/rake/rake_test_loader.rb:5
Unable to load account_setting, underlying cause no such file to load -- account_setting.rb 

 /Users/morten/.rvm/gems/ree-1.8.7-2010.02/gems/activesupport-2.3.10/lib/active_support/dependencies.rb:406:in `load_without_new_constant_marking'
/Users/morten/.rvm/gems/ree-1.8.7-2010.02/gems/activesupport-2.3.10/lib/active_support/dependencies.rb:406:in `load_file'
/Users/morten/.rvm/gems/ree-1.8.7-2010.02/gems/activesupport-2.3.10/lib/active_support/dependencies.rb:547:in `new_constants_in'
/Users/morten/.rvm/gems/ree-1.8.7-2010.02/gems/activesupport-2.3.10/lib/active_support/dependencies.rb:405:in `load_file'
/Users/morten/.rvm/gems/ree-1.8.7-2010.02/gems/activesupport-2.3.10/lib/active_support/dependencies.rb:285:in `require_or_load'
/Users/morten/.rvm/gems/ree-1.8.7-2010.02/gems/activesupport-2.3.10/lib/active_support/dependencies.rb:250:in `depend_on'
/Users/morten/.rvm/gems/ree-1.8.7-2010.02/gems/activesupport-2.3.10/lib/active_support/dependencies.rb:162:in `require_dependency'
/Users/morten/.rvm/gems/ree-1.8.7-2010.02/gems/activerecord-2.3.10/lib/active_record/fixtures.rb:853:in `try_to_load_dependency'
/Users/morten/.rvm/gems/ree-1.8.7-2010.02/gems/activerecord-2.3.10/lib/active_record/fixtures.rb:868:in `require_fixture_classes'
/Users/morten/.rvm/gems/ree-1.8.7-2010.02/gems/activerecord-2.3.10/lib/active_record/fixtures.rb:865:in `each'
/Users/morten/.rvm/gems/ree-1.8.7-2010.02/gems/activerecord-2.3.10/lib/active_record/fixtures.rb:865:in `require_fixture_classes'
/Users/morten/.rvm/gems/ree-1.8.7-2010.02/gems/activerecord-2.3.10/lib/active_record/fixtures.rb:848:in `fixtures'
/Users/morten/.rvm/gems/ree-1.8.7-2010.02/gems/shoulda-2.11.3/lib/shoulda/context.rb:429:in `send'
/Users/morten/.rvm/gems/ree-1.8.7-2010.02/gems/shoulda-2.11.3/lib/shoulda/context.rb:429:in `method_missing'
./test/test_property_sets.rb:15:in `__bind_1294696469_533773'
/Users/morten/.rvm/gems/ree-1.8.7-2010.02/gems/shoulda-2.11.3/lib/shoulda/context.rb:306:in `call'
/Users/morten/.rvm/gems/ree-1.8.7-2010.02/gems/shoulda-2.11.3/lib/shoulda/context.rb:306:in `merge_block'
/Users/morten/.rvm/gems/ree-1.8.7-2010.02/gems/shoulda-2.11.3/lib/shoulda/context.rb:301:in `initialize'
/Users/morten/.rvm/gems/ree-1.8.7-2010.02/gems/shoulda-2.11.3/lib/shoulda/context.rb:199:in `new'
/Users/morten/.rvm/gems/ree-1.8.7-2010.02/gems/shoulda-2.11.3/lib/shoulda/context.rb:199:in `context'
./test/test_property_sets.rb:14
/Users/morten/.rvm/gems/ree-1.8.7-2010.02/gems/rake-0.8.7/lib/rake/rake_test_loader.rb:5:in `load'
/Users/morten/.rvm/gems/ree-1.8.7-2010.02/gems/rake-0.8.7/lib/rake/rake_test_loader.rb:5
/Users/morten/.rvm/gems/ree-1.8.7-2010.02/gems/rake-0.8.7/lib/rake/rake_test_loader.rb:5:in `each'
/Users/morten/.rvm/gems/ree-1.8.7-2010.02/gems/rake-0.8.7/lib/rake/rake_test_loader.rb:5
  [4;36;1mSQL (0.0ms)[0m   [0;1mBEGIN[0m
  [4;35;1mSQL (0.1ms)[0m   [0mSAVEPOINT active_record_1[0m
  [4;36;1mAccount Create (0.2ms)[0m   [0;1mINSERT INTO `accounts` (`name`, `created_at`, `updated_at`) VALUES('Name', '2011-01-10 13:54:29', '2011-01-10 13:54:29')[0m
  [4;35;1mSQL (0.1ms)[0m   [0mRELEASE SAVEPOINT active_record_1[0m
  [4;36;1mAccountSettings Load (0.2ms)[0m   [0;1mSELECT * FROM `account_settings` WHERE (`account_settings`.account_id = 2) [0m
  [4;35;1mSQL (0.4ms)[0m   [0mROLLBACK[0m
  [4;36;1mSQL (0.1ms)[0m   [0;1mBEGIN[0m
  [4;35;1mSQL (0.1ms)[0m   [0mSAVEPOINT active_record_1[0m
  [4;36;1mAccount Create (0.1ms)[0m   [0;1mINSERT INTO `accounts` (`name`, `created_at`, `updated_at`) VALUES('Name', '2011-01-10 13:54:29', '2011-01-10 13:54:29')[0m
  [4;35;1mSQL (0.1ms)[0m   [0mRELEASE SAVEPOINT active_record_1[0m
  [4;36;1mAccountSettings Load (0.1ms)[0m   [0;1mSELECT * FROM `account_settings` WHERE (`account_settings`.account_id = 3) [0m
  [4;35;1mSQL (0.3ms)[0m   [0mROLLBACK[0m
  [4;36;1mSQL (0.0ms)[0m   [0;1mBEGIN[0m
  [4;35;1mSQL (0.0ms)[0m   [0mSAVEPOINT active_record_1[0m
  [4;36;1mAccount Create (0.1ms)[0m   [0;1mINSERT INTO `accounts` (`name`, `created_at`, `updated_at`) VALUES('Name', '2011-01-10 13:54:29', '2011-01-10 13:54:29')[0m
  [4;35;1mSQL (0.0ms)[0m   [0mRELEASE SAVEPOINT active_record_1[0m
  [4;36;1mAccountSettings Columns (1.1ms)[0m   [0;1mSHOW FIELDS FROM `account_settings`[0m
  [4;35;1mSQL (0.1ms)[0m   [0mSELECT count(*) AS count_all FROM `account_settings` WHERE (`account_settings`.account_id = 4) [0m
  [4;36;1mSQL (0.3ms)[0m   [0;1mROLLBACK[0m
  [4;35;1mSQL (0.1ms)[0m   [0mBEGIN[0m
  [4;36;1mSQL (0.1ms)[0m   [0;1mSAVEPOINT active_record_1[0m
  [4;35;1mAccount Create (0.2ms)[0m   [0mINSERT INTO `accounts` (`name`, `created_at`, `updated_at`) VALUES('Name', '2011-01-10 13:54:29', '2011-01-10 13:54:29')[0m
  [4;36;1mSQL (0.2ms)[0m   [0;1mRELEASE SAVEPOINT active_record_1[0m
  [4;35;1mAccountSettings Load (0.2ms)[0m   [0mSELECT * FROM `account_settings` WHERE (`account_settings`.account_id = 5) [0m
  [4;36;1mSQL (0.3ms)[0m   [0;1mROLLBACK[0m
  [4;35;1mSQL (0.0ms)[0m   [0mBEGIN[0m
  [4;36;1mSQL (0.0ms)[0m   [0;1mSAVEPOINT active_record_1[0m
  [4;35;1mAccount Create (0.1ms)[0m   [0mINSERT INTO `accounts` (`name`, `created_at`, `updated_at`) VALUES('Name', '2011-01-10 13:54:29', '2011-01-10 13:54:29')[0m
  [4;36;1mSQL (0.2ms)[0m   [0;1mRELEASE SAVEPOINT active_record_1[0m
  [4;35;1mSQL (0.4ms)[0m   [0mROLLBACK[0m
  [4;36;1mSQL (0.1ms)[0m   [0;1mBEGIN[0m
  [4;35;1mSQL (0.1ms)[0m   [0mSAVEPOINT active_record_1[0m
  [4;36;1mAccount Create (0.2ms)[0m   [0;1mINSERT INTO `accounts` (`name`, `created_at`, `updated_at`) VALUES('Name', '2011-01-10 13:54:29', '2011-01-10 13:54:29')[0m
  [4;35;1mSQL (0.1ms)[0m   [0mRELEASE SAVEPOINT active_record_1[0m
  [4;36;1mSQL (0.3ms)[0m   [0;1mROLLBACK[0m
  [4;35;1mSQL (0.0ms)[0m   [0mBEGIN[0m
  [4;36;1mSQL (0.0ms)[0m   [0;1mSAVEPOINT active_record_1[0m
  [4;35;1mAccount Create (0.1ms)[0m   [0mINSERT INTO `accounts` (`name`, `created_at`, `updated_at`) VALUES('Name', '2011-01-10 13:54:29', '2011-01-10 13:54:29')[0m
  [4;36;1mSQL (0.2ms)[0m   [0;1mRELEASE SAVEPOINT active_record_1[0m
  [4;35;1mSQL (0.4ms)[0m   [0mROLLBACK[0m
  [4;36;1mSQL (0.1ms)[0m   [0;1mSET NAMES 'utf8'[0m
  [4;35;1mSQL (0.1ms)[0m   [0mSET SQL_AUTO_IS_NULL=0[0m
  [4;36;1mSQL (0.3ms)[0m   [0;1mSHOW TABLES[0m
  [4;35;1mSQL (0.9ms)[0m   [0mDROP TABLE `account_settings`[0m
  [4;36;1mSQL (162.9ms)[0m   [0;1mCREATE TABLE `account_settings` (`id` int(11) DEFAULT NULL auto_increment PRIMARY KEY, `account_id` int(11), `name` varchar(255), `value` varchar(255), `created_at` datetime, `updated_at` datetime) ENGINE=InnoDB[0m
  [4;35;1mSQL (0.4ms)[0m   [0mSHOW TABLES[0m
  [4;36;1mSQL (1.1ms)[0m   [0;1mDROP TABLE `accounts`[0m
  [4;35;1mSQL (11.4ms)[0m   [0mCREATE TABLE `accounts` (`id` int(11) DEFAULT NULL auto_increment PRIMARY KEY, `name` varchar(255), `created_at` datetime, `updated_at` datetime) ENGINE=InnoDB[0m
  [4;36;1mSQL (0.4ms)[0m   [0;1mSHOW TABLES[0m
  [4;35;1mSQL (0.2ms)[0m   [0mSELECT version FROM `schema_migrations`[0m
  [4;36;1mSQL (0.4ms)[0m   [0;1mSHOW TABLES[0m
  [4;35;1mAccount Columns (1.0ms)[0m   [0mSHOW FIELDS FROM `accounts`[0m
Unable to load account, underlying cause no such file to load -- account.rb 

 /Users/morten/.rvm/gems/ree-1.8.7-2010.02/gems/activesupport-2.3.10/lib/active_support/dependencies.rb:406:in `load_without_new_constant_marking'
/Users/morten/.rvm/gems/ree-1.8.7-2010.02/gems/activesupport-2.3.10/lib/active_support/dependencies.rb:406:in `load_file'
/Users/morten/.rvm/gems/ree-1.8.7-2010.02/gems/activesupport-2.3.10/lib/active_support/dependencies.rb:547:in `new_constants_in'
/Users/morten/.rvm/gems/ree-1.8.7-2010.02/gems/activesupport-2.3.10/lib/active_support/dependencies.rb:405:in `load_file'
/Users/morten/.rvm/gems/ree-1.8.7-2010.02/gems/activesupport-2.3.10/lib/active_support/dependencies.rb:285:in `require_or_load'
/Users/morten/.rvm/gems/ree-1.8.7-2010.02/gems/activesupport-2.3.10/lib/active_support/dependencies.rb:250:in `depend_on'
/Users/morten/.rvm/gems/ree-1.8.7-2010.02/gems/activesupport-2.3.10/lib/active_support/dependencies.rb:162:in `require_dependency'
/Users/morten/.rvm/gems/ree-1.8.7-2010.02/gems/activerecord-2.3.10/lib/active_record/fixtures.rb:853:in `try_to_load_dependency'
/Users/morten/.rvm/gems/ree-1.8.7-2010.02/gems/activerecord-2.3.10/lib/active_record/fixtures.rb:868:in `require_fixture_classes'
/Users/morten/.rvm/gems/ree-1.8.7-2010.02/gems/activerecord-2.3.10/lib/active_record/fixtures.rb:865:in `each'
/Users/morten/.rvm/gems/ree-1.8.7-2010.02/gems/activerecord-2.3.10/lib/active_record/fixtures.rb:865:in `require_fixture_classes'
/Users/morten/.rvm/gems/ree-1.8.7-2010.02/gems/activerecord-2.3.10/lib/active_record/fixtures.rb:848:in `fixtures'
/Users/morten/.rvm/gems/ree-1.8.7-2010.02/gems/shoulda-2.11.3/lib/shoulda/context.rb:429:in `send'
/Users/morten/.rvm/gems/ree-1.8.7-2010.02/gems/shoulda-2.11.3/lib/shoulda/context.rb:429:in `method_missing'
./test/test_property_sets.rb:15:in `__bind_1294696496_718789'
/Users/morten/.rvm/gems/ree-1.8.7-2010.02/gems/shoulda-2.11.3/lib/shoulda/context.rb:306:in `call'
/Users/morten/.rvm/gems/ree-1.8.7-2010.02/gems/shoulda-2.11.3/lib/shoulda/context.rb:306:in `merge_block'
/Users/morten/.rvm/gems/ree-1.8.7-2010.02/gems/shoulda-2.11.3/lib/shoulda/context.rb:301:in `initialize'
/Users/morten/.rvm/gems/ree-1.8.7-2010.02/gems/shoulda-2.11.3/lib/shoulda/context.rb:199:in `new'
/Users/morten/.rvm/gems/ree-1.8.7-2010.02/gems/shoulda-2.11.3/lib/shoulda/context.rb:199:in `context'
./test/test_property_sets.rb:14
/Users/morten/.rvm/gems/ree-1.8.7-2010.02/gems/rake-0.8.7/lib/rake/rake_test_loader.rb:5:in `load'
/Users/morten/.rvm/gems/ree-1.8.7-2010.02/gems/rake-0.8.7/lib/rake/rake_test_loader.rb:5
/Users/morten/.rvm/gems/ree-1.8.7-2010.02/gems/rake-0.8.7/lib/rake/rake_test_loader.rb:5:in `each'
/Users/morten/.rvm/gems/ree-1.8.7-2010.02/gems/rake-0.8.7/lib/rake/rake_test_loader.rb:5
Unable to load account_setting, underlying cause no such file to load -- account_setting.rb 

 /Users/morten/.rvm/gems/ree-1.8.7-2010.02/gems/activesupport-2.3.10/lib/active_support/dependencies.rb:406:in `load_without_new_constant_marking'
/Users/morten/.rvm/gems/ree-1.8.7-2010.02/gems/activesupport-2.3.10/lib/active_support/dependencies.rb:406:in `load_file'
/Users/morten/.rvm/gems/ree-1.8.7-2010.02/gems/activesupport-2.3.10/lib/active_support/dependencies.rb:547:in `new_constants_in'
/Users/morten/.rvm/gems/ree-1.8.7-2010.02/gems/activesupport-2.3.10/lib/active_support/dependencies.rb:405:in `load_file'
/Users/morten/.rvm/gems/ree-1.8.7-2010.02/gems/activesupport-2.3.10/lib/active_support/dependencies.rb:285:in `require_or_load'
/Users/morten/.rvm/gems/ree-1.8.7-2010.02/gems/activesupport-2.3.10/lib/active_support/dependencies.rb:250:in `depend_on'
/Users/morten/.rvm/gems/ree-1.8.7-2010.02/gems/activesupport-2.3.10/lib/active_support/dependencies.rb:162:in `require_dependency'
/Users/morten/.rvm/gems/ree-1.8.7-2010.02/gems/activerecord-2.3.10/lib/active_record/fixtures.rb:853:in `try_to_load_dependency'
/Users/morten/.rvm/gems/ree-1.8.7-2010.02/gems/activerecord-2.3.10/lib/active_record/fixtures.rb:868:in `require_fixture_classes'
/Users/morten/.rvm/gems/ree-1.8.7-2010.02/gems/activerecord-2.3.10/lib/active_record/fixtures.rb:865:in `each'
/Users/morten/.rvm/gems/ree-1.8.7-2010.02/gems/activerecord-2.3.10/lib/active_record/fixtures.rb:865:in `require_fixture_classes'
/Users/morten/.rvm/gems/ree-1.8.7-2010.02/gems/activerecord-2.3.10/lib/active_record/fixtures.rb:848:in `fixtures'
/Users/morten/.rvm/gems/ree-1.8.7-2010.02/gems/shoulda-2.11.3/lib/shoulda/context.rb:429:in `send'
/Users/morten/.rvm/gems/ree-1.8.7-2010.02/gems/shoulda-2.11.3/lib/shoulda/context.rb:429:in `method_missing'
./test/test_property_sets.rb:15:in `__bind_1294696496_718789'
/Users/morten/.rvm/gems/ree-1.8.7-2010.02/gems/shoulda-2.11.3/lib/shoulda/context.rb:306:in `call'
/Users/morten/.rvm/gems/ree-1.8.7-2010.02/gems/shoulda-2.11.3/lib/shoulda/context.rb:306:in `merge_block'
/Users/morten/.rvm/gems/ree-1.8.7-2010.02/gems/shoulda-2.11.3/lib/shoulda/context.rb:301:in `initialize'
/Users/morten/.rvm/gems/ree-1.8.7-2010.02/gems/shoulda-2.11.3/lib/shoulda/context.rb:199:in `new'
/Users/morten/.rvm/gems/ree-1.8.7-2010.02/gems/shoulda-2.11.3/lib/shoulda/context.rb:199:in `context'
./test/test_property_sets.rb:14
/Users/morten/.rvm/gems/ree-1.8.7-2010.02/gems/rake-0.8.7/lib/rake/rake_test_loader.rb:5:in `load'
/Users/morten/.rvm/gems/ree-1.8.7-2010.02/gems/rake-0.8.7/lib/rake/rake_test_loader.rb:5
/Users/morten/.rvm/gems/ree-1.8.7-2010.02/gems/rake-0.8.7/lib/rake/rake_test_loader.rb:5:in `each'
/Users/morten/.rvm/gems/ree-1.8.7-2010.02/gems/rake-0.8.7/lib/rake/rake_test_loader.rb:5
  [4;36;1mSQL (0.0ms)[0m   [0;1mBEGIN[0m
  [4;35;1mSQL (0.2ms)[0m   [0mSAVEPOINT active_record_1[0m
  [4;36;1mAccount Create (0.1ms)[0m   [0;1mINSERT INTO `accounts` (`name`, `created_at`, `updated_at`) VALUES('Name', '2011-01-10 13:54:56', '2011-01-10 13:54:56')[0m
  [4;35;1mSQL (0.1ms)[0m   [0mRELEASE SAVEPOINT active_record_1[0m
  [4;36;1mAccountSettings Load (0.2ms)[0m   [0;1mSELECT * FROM `account_settings` WHERE (`account_settings`.account_id = 2) [0m
  [4;35;1mSQL (0.3ms)[0m   [0mROLLBACK[0m
  [4;36;1mSQL (0.1ms)[0m   [0;1mBEGIN[0m
  [4;35;1mSQL (0.0ms)[0m   [0mSAVEPOINT active_record_1[0m
  [4;36;1mAccount Create (0.2ms)[0m   [0;1mINSERT INTO `accounts` (`name`, `created_at`, `updated_at`) VALUES('Name', '2011-01-10 13:54:56', '2011-01-10 13:54:56')[0m
  [4;35;1mSQL (0.2ms)[0m   [0mRELEASE SAVEPOINT active_record_1[0m
  [4;36;1mAccountSettings Load (0.2ms)[0m   [0;1mSELECT * FROM `account_settings` WHERE (`account_settings`.account_id = 3) [0m
  [4;35;1mSQL (0.3ms)[0m   [0mROLLBACK[0m
  [4;36;1mSQL (0.0ms)[0m   [0;1mBEGIN[0m
  [4;35;1mSQL (0.0ms)[0m   [0mSAVEPOINT active_record_1[0m
  [4;36;1mAccount Create (0.1ms)[0m   [0;1mINSERT INTO `accounts` (`name`, `created_at`, `updated_at`) VALUES('Name', '2011-01-10 13:54:56', '2011-01-10 13:54:56')[0m
  [4;35;1mSQL (0.0ms)[0m   [0mRELEASE SAVEPOINT active_record_1[0m
  [4;36;1mAccountSettings Columns (1.0ms)[0m   [0;1mSHOW FIELDS FROM `account_settings`[0m
  [4;35;1mSQL (0.2ms)[0m   [0mSELECT count(*) AS count_all FROM `account_settings` WHERE (`account_settings`.account_id = 4) [0m
  [4;36;1mSQL (0.3ms)[0m   [0;1mROLLBACK[0m
  [4;35;1mSQL (0.0ms)[0m   [0mBEGIN[0m
  [4;36;1mSQL (0.0ms)[0m   [0;1mSAVEPOINT active_record_1[0m
  [4;35;1mAccount Create (0.2ms)[0m   [0mINSERT INTO `accounts` (`name`, `created_at`, `updated_at`) VALUES('Name', '2011-01-10 13:54:56', '2011-01-10 13:54:56')[0m
  [4;36;1mSQL (0.2ms)[0m   [0;1mRELEASE SAVEPOINT active_record_1[0m
  [4;35;1mAccountSettings Load (0.1ms)[0m   [0mSELECT * FROM `account_settings` WHERE (`account_settings`.account_id = 5) [0m
  [4;36;1mSQL (0.3ms)[0m   [0;1mROLLBACK[0m
  [4;35;1mSQL (0.0ms)[0m   [0mBEGIN[0m
  [4;36;1mSQL (0.0ms)[0m   [0;1mSAVEPOINT active_record_1[0m
  [4;35;1mAccount Create (0.1ms)[0m   [0mINSERT INTO `accounts` (`name`, `created_at`, `updated_at`) VALUES('Name', '2011-01-10 13:54:56', '2011-01-10 13:54:56')[0m
  [4;36;1mSQL (0.2ms)[0m   [0;1mRELEASE SAVEPOINT active_record_1[0m
  [4;35;1mSQL (0.5ms)[0m   [0mROLLBACK[0m
  [4;36;1mSQL (0.1ms)[0m   [0;1mBEGIN[0m
  [4;35;1mSQL (0.1ms)[0m   [0mSAVEPOINT active_record_1[0m
  [4;36;1mAccount Create (0.3ms)[0m   [0;1mINSERT INTO `accounts` (`name`, `created_at`, `updated_at`) VALUES('Name', '2011-01-10 13:54:56', '2011-01-10 13:54:56')[0m
  [4;35;1mSQL (0.2ms)[0m   [0mRELEASE SAVEPOINT active_record_1[0m
  [4;36;1mSQL (0.3ms)[0m   [0;1mROLLBACK[0m
  [4;35;1mSQL (0.1ms)[0m   [0mBEGIN[0m
  [4;36;1mSQL (0.1ms)[0m   [0;1mSAVEPOINT active_record_1[0m
  [4;35;1mAccount Create (0.2ms)[0m   [0mINSERT INTO `accounts` (`name`, `created_at`, `updated_at`) VALUES('Name', '2011-01-10 13:54:56', '2011-01-10 13:54:56')[0m
  [4;36;1mSQL (0.1ms)[0m   [0;1mRELEASE SAVEPOINT active_record_1[0m
  [4;35;1mSQL (0.3ms)[0m   [0mROLLBACK[0m
  [4;36;1mSQL (0.3ms)[0m   [0;1mSET NAMES 'utf8'[0m
  [4;35;1mSQL (0.2ms)[0m   [0mSET SQL_AUTO_IS_NULL=0[0m
  [4;36;1mSQL (0.4ms)[0m   [0;1mSHOW TABLES[0m
  [4;35;1mSQL (2.3ms)[0m   [0mDROP TABLE `account_settings`[0m
  [4;36;1mSQL (19.7ms)[0m   [0;1mCREATE TABLE `account_settings` (`id` int(11) DEFAULT NULL auto_increment PRIMARY KEY, `account_id` int(11), `name` varchar(255), `value` varchar(255), `created_at` datetime, `updated_at` datetime) ENGINE=InnoDB[0m
  [4;35;1mSQL (0.3ms)[0m   [0mSHOW TABLES[0m
  [4;36;1mSQL (0.8ms)[0m   [0;1mDROP TABLE `accounts`[0m
  [4;35;1mSQL (19.4ms)[0m   [0mCREATE TABLE `accounts` (`id` int(11) DEFAULT NULL auto_increment PRIMARY KEY, `name` varchar(255), `created_at` datetime, `updated_at` datetime) ENGINE=InnoDB[0m
  [4;36;1mSQL (0.3ms)[0m   [0;1mSHOW TABLES[0m
  [4;35;1mSQL (0.2ms)[0m   [0mSELECT version FROM `schema_migrations`[0m
  [4;36;1mSQL (0.4ms)[0m   [0;1mSHOW TABLES[0m
  [4;35;1mAccount Columns (0.9ms)[0m   [0mSHOW FIELDS FROM `accounts`[0m
Unable to load account, underlying cause no such file to load -- account.rb 

 /Users/morten/.rvm/gems/ree-1.8.7-2010.02/gems/activesupport-2.3.10/lib/active_support/dependencies.rb:406:in `load_without_new_constant_marking'
/Users/morten/.rvm/gems/ree-1.8.7-2010.02/gems/activesupport-2.3.10/lib/active_support/dependencies.rb:406:in `load_file'
/Users/morten/.rvm/gems/ree-1.8.7-2010.02/gems/activesupport-2.3.10/lib/active_support/dependencies.rb:547:in `new_constants_in'
/Users/morten/.rvm/gems/ree-1.8.7-2010.02/gems/activesupport-2.3.10/lib/active_support/dependencies.rb:405:in `load_file'
/Users/morten/.rvm/gems/ree-1.8.7-2010.02/gems/activesupport-2.3.10/lib/active_support/dependencies.rb:285:in `require_or_load'
/Users/morten/.rvm/gems/ree-1.8.7-2010.02/gems/activesupport-2.3.10/lib/active_support/dependencies.rb:250:in `depend_on'
/Users/morten/.rvm/gems/ree-1.8.7-2010.02/gems/activesupport-2.3.10/lib/active_support/dependencies.rb:162:in `require_dependency'
/Users/morten/.rvm/gems/ree-1.8.7-2010.02/gems/activerecord-2.3.10/lib/active_record/fixtures.rb:853:in `try_to_load_dependency'
/Users/morten/.rvm/gems/ree-1.8.7-2010.02/gems/activerecord-2.3.10/lib/active_record/fixtures.rb:868:in `require_fixture_classes'
/Users/morten/.rvm/gems/ree-1.8.7-2010.02/gems/activerecord-2.3.10/lib/active_record/fixtures.rb:865:in `each'
/Users/morten/.rvm/gems/ree-1.8.7-2010.02/gems/activerecord-2.3.10/lib/active_record/fixtures.rb:865:in `require_fixture_classes'
/Users/morten/.rvm/gems/ree-1.8.7-2010.02/gems/activerecord-2.3.10/lib/active_record/fixtures.rb:848:in `fixtures'
/Users/morten/.rvm/gems/ree-1.8.7-2010.02/gems/shoulda-2.11.3/lib/shoulda/context.rb:429:in `send'
/Users/morten/.rvm/gems/ree-1.8.7-2010.02/gems/shoulda-2.11.3/lib/shoulda/context.rb:429:in `method_missing'
./test/test_property_sets.rb:15:in `__bind_1294696531_311913'
/Users/morten/.rvm/gems/ree-1.8.7-2010.02/gems/shoulda-2.11.3/lib/shoulda/context.rb:306:in `call'
/Users/morten/.rvm/gems/ree-1.8.7-2010.02/gems/shoulda-2.11.3/lib/shoulda/context.rb:306:in `merge_block'
/Users/morten/.rvm/gems/ree-1.8.7-2010.02/gems/shoulda-2.11.3/lib/shoulda/context.rb:301:in `initialize'
/Users/morten/.rvm/gems/ree-1.8.7-2010.02/gems/shoulda-2.11.3/lib/shoulda/context.rb:199:in `new'
/Users/morten/.rvm/gems/ree-1.8.7-2010.02/gems/shoulda-2.11.3/lib/shoulda/context.rb:199:in `context'
./test/test_property_sets.rb:14
/Users/morten/.rvm/gems/ree-1.8.7-2010.02/gems/rake-0.8.7/lib/rake/rake_test_loader.rb:5:in `load'
/Users/morten/.rvm/gems/ree-1.8.7-2010.02/gems/rake-0.8.7/lib/rake/rake_test_loader.rb:5
/Users/morten/.rvm/gems/ree-1.8.7-2010.02/gems/rake-0.8.7/lib/rake/rake_test_loader.rb:5:in `each'
/Users/morten/.rvm/gems/ree-1.8.7-2010.02/gems/rake-0.8.7/lib/rake/rake_test_loader.rb:5
Unable to load account_setting, underlying cause no such file to load -- account_setting.rb 

 /Users/morten/.rvm/gems/ree-1.8.7-2010.02/gems/activesupport-2.3.10/lib/active_support/dependencies.rb:406:in `load_without_new_constant_marking'
/Users/morten/.rvm/gems/ree-1.8.7-2010.02/gems/activesupport-2.3.10/lib/active_support/dependencies.rb:406:in `load_file'
/Users/morten/.rvm/gems/ree-1.8.7-2010.02/gems/activesupport-2.3.10/lib/active_support/dependencies.rb:547:in `new_constants_in'
/Users/morten/.rvm/gems/ree-1.8.7-2010.02/gems/activesupport-2.3.10/lib/active_support/dependencies.rb:405:in `load_file'
/Users/morten/.rvm/gems/ree-1.8.7-2010.02/gems/activesupport-2.3.10/lib/active_support/dependencies.rb:285:in `require_or_load'
/Users/morten/.rvm/gems/ree-1.8.7-2010.02/gems/activesupport-2.3.10/lib/active_support/dependencies.rb:250:in `depend_on'
/Users/morten/.rvm/gems/ree-1.8.7-2010.02/gems/activesupport-2.3.10/lib/active_support/dependencies.rb:162:in `require_dependency'
/Users/morten/.rvm/gems/ree-1.8.7-2010.02/gems/activerecord-2.3.10/lib/active_record/fixtures.rb:853:in `try_to_load_dependency'
/Users/morten/.rvm/gems/ree-1.8.7-2010.02/gems/activerecord-2.3.10/lib/active_record/fixtures.rb:868:in `require_fixture_classes'
/Users/morten/.rvm/gems/ree-1.8.7-2010.02/gems/activerecord-2.3.10/lib/active_record/fixtures.rb:865:in `each'
/Users/morten/.rvm/gems/ree-1.8.7-2010.02/gems/activerecord-2.3.10/lib/active_record/fixtures.rb:865:in `require_fixture_classes'
/Users/morten/.rvm/gems/ree-1.8.7-2010.02/gems/activerecord-2.3.10/lib/active_record/fixtures.rb:848:in `fixtures'
/Users/morten/.rvm/gems/ree-1.8.7-2010.02/gems/shoulda-2.11.3/lib/shoulda/context.rb:429:in `send'
/Users/morten/.rvm/gems/ree-1.8.7-2010.02/gems/shoulda-2.11.3/lib/shoulda/context.rb:429:in `method_missing'
./test/test_property_sets.rb:15:in `__bind_1294696531_311913'
/Users/morten/.rvm/gems/ree-1.8.7-2010.02/gems/shoulda-2.11.3/lib/shoulda/context.rb:306:in `call'
/Users/morten/.rvm/gems/ree-1.8.7-2010.02/gems/shoulda-2.11.3/lib/shoulda/context.rb:306:in `merge_block'
/Users/morten/.rvm/gems/ree-1.8.7-2010.02/gems/shoulda-2.11.3/lib/shoulda/context.rb:301:in `initialize'
/Users/morten/.rvm/gems/ree-1.8.7-2010.02/gems/shoulda-2.11.3/lib/shoulda/context.rb:199:in `new'
/Users/morten/.rvm/gems/ree-1.8.7-2010.02/gems/shoulda-2.11.3/lib/shoulda/context.rb:199:in `context'
./test/test_property_sets.rb:14
/Users/morten/.rvm/gems/ree-1.8.7-2010.02/gems/rake-0.8.7/lib/rake/rake_test_loader.rb:5:in `load'
/Users/morten/.rvm/gems/ree-1.8.7-2010.02/gems/rake-0.8.7/lib/rake/rake_test_loader.rb:5
/Users/morten/.rvm/gems/ree-1.8.7-2010.02/gems/rake-0.8.7/lib/rake/rake_test_loader.rb:5:in `each'
/Users/morten/.rvm/gems/ree-1.8.7-2010.02/gems/rake-0.8.7/lib/rake/rake_test_loader.rb:5
  [4;36;1mSQL (0.0ms)[0m   [0;1mBEGIN[0m
  [4;35;1mSQL (0.2ms)[0m   [0mSAVEPOINT active_record_1[0m
  [4;36;1mAccount Create (0.2ms)[0m   [0;1mINSERT INTO `accounts` (`name`, `created_at`, `updated_at`) VALUES('Name', '2011-01-10 13:55:31', '2011-01-10 13:55:31')[0m
  [4;35;1mSQL (0.2ms)[0m   [0mRELEASE SAVEPOINT active_record_1[0m
  [4;36;1mAccountSettings Load (0.2ms)[0m   [0;1mSELECT * FROM `account_settings` WHERE (`account_settings`.account_id = 2) [0m
  [4;35;1mAccountSettings Columns (0.7ms)[0m   [0mSHOW FIELDS FROM `account_settings`[0m
  [4;36;1mSQL (0.5ms)[0m   [0;1mROLLBACK[0m
  [4;35;1mSQL (0.1ms)[0m   [0mBEGIN[0m
  [4;36;1mSQL (0.0ms)[0m   [0;1mSAVEPOINT active_record_1[0m
  [4;35;1mAccount Create (0.3ms)[0m   [0mINSERT INTO `accounts` (`name`, `created_at`, `updated_at`) VALUES('Name', '2011-01-10 13:55:31', '2011-01-10 13:55:31')[0m
  [4;36;1mSQL (0.1ms)[0m   [0;1mRELEASE SAVEPOINT active_record_1[0m
  [4;35;1mAccountSettings Load (0.1ms)[0m   [0mSELECT * FROM `account_settings` WHERE (`account_settings`.account_id = 3) [0m
  [4;36;1mSQL (0.3ms)[0m   [0;1mROLLBACK[0m
  [4;35;1mSQL (0.0ms)[0m   [0mBEGIN[0m
  [4;36;1mSQL (0.0ms)[0m   [0;1mSAVEPOINT active_record_1[0m
  [4;35;1mAccount Create (0.1ms)[0m   [0mINSERT INTO `accounts` (`name`, `created_at`, `updated_at`) VALUES('Name', '2011-01-10 13:55:31', '2011-01-10 13:55:31')[0m
  [4;36;1mSQL (0.0ms)[0m   [0;1mRELEASE SAVEPOINT active_record_1[0m
  [4;35;1mSQL (0.1ms)[0m   [0mSELECT count(*) AS count_all FROM `account_settings` WHERE (`account_settings`.account_id = 4) [0m
  [4;36;1mSQL (0.3ms)[0m   [0;1mROLLBACK[0m
  [4;35;1mSQL (0.0ms)[0m   [0mBEGIN[0m
  [4;36;1mSQL (0.0ms)[0m   [0;1mSAVEPOINT active_record_1[0m
  [4;35;1mAccount Create (0.1ms)[0m   [0mINSERT INTO `accounts` (`name`, `created_at`, `updated_at`) VALUES('Name', '2011-01-10 13:55:31', '2011-01-10 13:55:31')[0m
  [4;36;1mSQL (0.0ms)[0m   [0;1mRELEASE SAVEPOINT active_record_1[0m
  [4;35;1mAccountSettings Load (0.1ms)[0m   [0mSELECT * FROM `account_settings` WHERE (`account_settings`.account_id = 5) [0m
  [4;36;1mSQL (0.5ms)[0m   [0;1mROLLBACK[0m
  [4;35;1mSQL (0.0ms)[0m   [0mBEGIN[0m
  [4;36;1mSQL (0.0ms)[0m   [0;1mSAVEPOINT active_record_1[0m
  [4;35;1mAccount Create (0.1ms)[0m   [0mINSERT INTO `accounts` (`name`, `created_at`, `updated_at`) VALUES('Name', '2011-01-10 13:55:31', '2011-01-10 13:55:31')[0m
  [4;36;1mSQL (0.2ms)[0m   [0;1mRELEASE SAVEPOINT active_record_1[0m
  [4;35;1mSQL (0.8ms)[0m   [0mROLLBACK[0m
  [4;36;1mSQL (0.0ms)[0m   [0;1mBEGIN[0m
  [4;35;1mSQL (0.0ms)[0m   [0mSAVEPOINT active_record_1[0m
  [4;36;1mAccount Create (0.3ms)[0m   [0;1mINSERT INTO `accounts` (`name`, `created_at`, `updated_at`) VALUES('Name', '2011-01-10 13:55:31', '2011-01-10 13:55:31')[0m
  [4;35;1mSQL (0.2ms)[0m   [0mRELEASE SAVEPOINT active_record_1[0m
  [4;36;1mSQL (0.4ms)[0m   [0;1mROLLBACK[0m
  [4;35;1mSQL (0.0ms)[0m   [0mBEGIN[0m
  [4;36;1mSQL (0.0ms)[0m   [0;1mSAVEPOINT active_record_1[0m
  [4;35;1mAccount Create (0.1ms)[0m   [0mINSERT INTO `accounts` (`name`, `created_at`, `updated_at`) VALUES('Name', '2011-01-10 13:55:31', '2011-01-10 13:55:31')[0m
  [4;36;1mSQL (0.0ms)[0m   [0;1mRELEASE SAVEPOINT active_record_1[0m
  [4;35;1mSQL (0.3ms)[0m   [0mROLLBACK[0m
  [4;36;1mSQL (0.2ms)[0m   [0;1mSET NAMES 'utf8'[0m
  [4;35;1mSQL (0.2ms)[0m   [0mSET SQL_AUTO_IS_NULL=0[0m
  [4;36;1mSQL (0.9ms)[0m   [0;1mSHOW TABLES[0m
  [4;35;1mSQL (1.8ms)[0m   [0mDROP TABLE `account_settings`[0m
  [4;36;1mSQL (29.8ms)[0m   [0;1mCREATE TABLE `account_settings` (`id` int(11) DEFAULT NULL auto_increment PRIMARY KEY, `account_id` int(11), `name` varchar(255), `value` varchar(255), `created_at` datetime, `updated_at` datetime) ENGINE=InnoDB[0m
  [4;35;1mSQL (0.3ms)[0m   [0mSHOW TABLES[0m
  [4;36;1mSQL (0.8ms)[0m   [0;1mDROP TABLE `accounts`[0m
  [4;35;1mSQL (21.2ms)[0m   [0mCREATE TABLE `accounts` (`id` int(11) DEFAULT NULL auto_increment PRIMARY KEY, `name` varchar(255), `created_at` datetime, `updated_at` datetime) ENGINE=InnoDB[0m
  [4;36;1mSQL (0.4ms)[0m   [0;1mSHOW TABLES[0m
  [4;35;1mSQL (0.2ms)[0m   [0mSELECT version FROM `schema_migrations`[0m
  [4;36;1mSQL (0.5ms)[0m   [0;1mSHOW TABLES[0m
  [4;35;1mAccount Columns (2.2ms)[0m   [0mSHOW FIELDS FROM `accounts`[0m
Unable to load account, underlying cause no such file to load -- account.rb 

 /Users/morten/.rvm/gems/ree-1.8.7-2010.02/gems/activesupport-2.3.10/lib/active_support/dependencies.rb:406:in `load_without_new_constant_marking'
/Users/morten/.rvm/gems/ree-1.8.7-2010.02/gems/activesupport-2.3.10/lib/active_support/dependencies.rb:406:in `load_file'
/Users/morten/.rvm/gems/ree-1.8.7-2010.02/gems/activesupport-2.3.10/lib/active_support/dependencies.rb:547:in `new_constants_in'
/Users/morten/.rvm/gems/ree-1.8.7-2010.02/gems/activesupport-2.3.10/lib/active_support/dependencies.rb:405:in `load_file'
/Users/morten/.rvm/gems/ree-1.8.7-2010.02/gems/activesupport-2.3.10/lib/active_support/dependencies.rb:285:in `require_or_load'
/Users/morten/.rvm/gems/ree-1.8.7-2010.02/gems/activesupport-2.3.10/lib/active_support/dependencies.rb:250:in `depend_on'
/Users/morten/.rvm/gems/ree-1.8.7-2010.02/gems/activesupport-2.3.10/lib/active_support/dependencies.rb:162:in `require_dependency'
/Users/morten/.rvm/gems/ree-1.8.7-2010.02/gems/activerecord-2.3.10/lib/active_record/fixtures.rb:853:in `try_to_load_dependency'
/Users/morten/.rvm/gems/ree-1.8.7-2010.02/gems/activerecord-2.3.10/lib/active_record/fixtures.rb:868:in `require_fixture_classes'
/Users/morten/.rvm/gems/ree-1.8.7-2010.02/gems/activerecord-2.3.10/lib/active_record/fixtures.rb:865:in `each'
/Users/morten/.rvm/gems/ree-1.8.7-2010.02/gems/activerecord-2.3.10/lib/active_record/fixtures.rb:865:in `require_fixture_classes'
/Users/morten/.rvm/gems/ree-1.8.7-2010.02/gems/activerecord-2.3.10/lib/active_record/fixtures.rb:848:in `fixtures'
/Users/morten/.rvm/gems/ree-1.8.7-2010.02/gems/shoulda-2.11.3/lib/shoulda/context.rb:429:in `send'
/Users/morten/.rvm/gems/ree-1.8.7-2010.02/gems/shoulda-2.11.3/lib/shoulda/context.rb:429:in `method_missing'
./test/test_property_sets.rb:15:in `__bind_1294696874_82716'
/Users/morten/.rvm/gems/ree-1.8.7-2010.02/gems/shoulda-2.11.3/lib/shoulda/context.rb:306:in `call'
/Users/morten/.rvm/gems/ree-1.8.7-2010.02/gems/shoulda-2.11.3/lib/shoulda/context.rb:306:in `merge_block'
/Users/morten/.rvm/gems/ree-1.8.7-2010.02/gems/shoulda-2.11.3/lib/shoulda/context.rb:301:in `initialize'
/Users/morten/.rvm/gems/ree-1.8.7-2010.02/gems/shoulda-2.11.3/lib/shoulda/context.rb:199:in `new'
/Users/morten/.rvm/gems/ree-1.8.7-2010.02/gems/shoulda-2.11.3/lib/shoulda/context.rb:199:in `context'
./test/test_property_sets.rb:14
/Users/morten/.rvm/gems/ree-1.8.7-2010.02/gems/rake-0.8.7/lib/rake/rake_test_loader.rb:5:in `load'
/Users/morten/.rvm/gems/ree-1.8.7-2010.02/gems/rake-0.8.7/lib/rake/rake_test_loader.rb:5
/Users/morten/.rvm/gems/ree-1.8.7-2010.02/gems/rake-0.8.7/lib/rake/rake_test_loader.rb:5:in `each'
/Users/morten/.rvm/gems/ree-1.8.7-2010.02/gems/rake-0.8.7/lib/rake/rake_test_loader.rb:5
Unable to load account_setting, underlying cause no such file to load -- account_setting.rb 

 /Users/morten/.rvm/gems/ree-1.8.7-2010.02/gems/activesupport-2.3.10/lib/active_support/dependencies.rb:406:in `load_without_new_constant_marking'
/Users/morten/.rvm/gems/ree-1.8.7-2010.02/gems/activesupport-2.3.10/lib/active_support/dependencies.rb:406:in `load_file'
/Users/morten/.rvm/gems/ree-1.8.7-2010.02/gems/activesupport-2.3.10/lib/active_support/dependencies.rb:547:in `new_constants_in'
/Users/morten/.rvm/gems/ree-1.8.7-2010.02/gems/activesupport-2.3.10/lib/active_support/dependencies.rb:405:in `load_file'
/Users/morten/.rvm/gems/ree-1.8.7-2010.02/gems/activesupport-2.3.10/lib/active_support/dependencies.rb:285:in `require_or_load'
/Users/morten/.rvm/gems/ree-1.8.7-2010.02/gems/activesupport-2.3.10/lib/active_support/dependencies.rb:250:in `depend_on'
/Users/morten/.rvm/gems/ree-1.8.7-2010.02/gems/activesupport-2.3.10/lib/active_support/dependencies.rb:162:in `require_dependency'
/Users/morten/.rvm/gems/ree-1.8.7-2010.02/gems/activerecord-2.3.10/lib/active_record/fixtures.rb:853:in `try_to_load_dependency'
/Users/morten/.rvm/gems/ree-1.8.7-2010.02/gems/activerecord-2.3.10/lib/active_record/fixtures.rb:868:in `require_fixture_classes'
/Users/morten/.rvm/gems/ree-1.8.7-2010.02/gems/activerecord-2.3.10/lib/active_record/fixtures.rb:865:in `each'
/Users/morten/.rvm/gems/ree-1.8.7-2010.02/gems/activerecord-2.3.10/lib/active_record/fixtures.rb:865:in `require_fixture_classes'
/Users/morten/.rvm/gems/ree-1.8.7-2010.02/gems/activerecord-2.3.10/lib/active_record/fixtures.rb:848:in `fixtures'
/Users/morten/.rvm/gems/ree-1.8.7-2010.02/gems/shoulda-2.11.3/lib/shoulda/context.rb:429:in `send'
/Users/morten/.rvm/gems/ree-1.8.7-2010.02/gems/shoulda-2.11.3/lib/shoulda/context.rb:429:in `method_missing'
./test/test_property_sets.rb:15:in `__bind_1294696874_82716'
/Users/morten/.rvm/gems/ree-1.8.7-2010.02/gems/shoulda-2.11.3/lib/shoulda/context.rb:306:in `call'
/Users/morten/.rvm/gems/ree-1.8.7-2010.02/gems/shoulda-2.11.3/lib/shoulda/context.rb:306:in `merge_block'
/Users/morten/.rvm/gems/ree-1.8.7-2010.02/gems/shoulda-2.11.3/lib/shoulda/context.rb:301:in `initialize'
/Users/morten/.rvm/gems/ree-1.8.7-2010.02/gems/shoulda-2.11.3/lib/shoulda/context.rb:199:in `new'
/Users/morten/.rvm/gems/ree-1.8.7-2010.02/gems/shoulda-2.11.3/lib/shoulda/context.rb:199:in `context'
./test/test_property_sets.rb:14
/Users/morten/.rvm/gems/ree-1.8.7-2010.02/gems/rake-0.8.7/lib/rake/rake_test_loader.rb:5:in `load'
/Users/morten/.rvm/gems/ree-1.8.7-2010.02/gems/rake-0.8.7/lib/rake/rake_test_loader.rb:5
/Users/morten/.rvm/gems/ree-1.8.7-2010.02/gems/rake-0.8.7/lib/rake/rake_test_loader.rb:5:in `each'
/Users/morten/.rvm/gems/ree-1.8.7-2010.02/gems/rake-0.8.7/lib/rake/rake_test_loader.rb:5
  [4;36;1mSQL (0.0ms)[0m   [0;1mBEGIN[0m
  [4;35;1mSQL (0.1ms)[0m   [0mSAVEPOINT active_record_1[0m
  [4;36;1mAccount Create (0.1ms)[0m   [0;1mINSERT INTO `accounts` (`name`, `created_at`, `updated_at`) VALUES('Name', '2011-01-10 14:01:14', '2011-01-10 14:01:14')[0m
  [4;35;1mSQL (0.1ms)[0m   [0mRELEASE SAVEPOINT active_record_1[0m
  [4;36;1mAccountSettings Load (0.3ms)[0m   [0;1mSELECT * FROM `account_settings` WHERE (`account_settings`.account_id = 2) [0m
  [4;35;1mAccountSettings Columns (0.9ms)[0m   [0mSHOW FIELDS FROM `account_settings`[0m
  [4;36;1mSQL (0.5ms)[0m   [0;1mROLLBACK[0m
  [4;35;1mSQL (0.2ms)[0m   [0mBEGIN[0m
  [4;36;1mSQL (0.2ms)[0m   [0;1mSAVEPOINT active_record_1[0m
  [4;35;1mAccount Create (0.2ms)[0m   [0mINSERT INTO `accounts` (`name`, `created_at`, `updated_at`) VALUES('Name', '2011-01-10 14:01:14', '2011-01-10 14:01:14')[0m
  [4;36;1mSQL (0.2ms)[0m   [0;1mRELEASE SAVEPOINT active_record_1[0m
  [4;35;1mAccountSettings Load (0.3ms)[0m   [0mSELECT * FROM `account_settings` WHERE (`account_settings`.account_id = 3) [0m
  [4;36;1mSQL (0.4ms)[0m   [0;1mROLLBACK[0m
  [4;35;1mSQL (0.2ms)[0m   [0mBEGIN[0m
  [4;36;1mSQL (0.2ms)[0m   [0;1mSAVEPOINT active_record_1[0m
  [4;35;1mAccount Create (0.3ms)[0m   [0mINSERT INTO `accounts` (`name`, `created_at`, `updated_at`) VALUES('Name', '2011-01-10 14:01:14', '2011-01-10 14:01:14')[0m
  [4;36;1mSQL (0.1ms)[0m   [0;1mRELEASE SAVEPOINT active_record_1[0m
  [4;35;1mSQL (0.2ms)[0m   [0mSELECT count(*) AS count_all FROM `account_settings` WHERE (`account_settings`.account_id = 4) [0m
  [4;36;1mSQL (0.3ms)[0m   [0;1mROLLBACK[0m
  [4;35;1mSQL (0.0ms)[0m   [0mBEGIN[0m
  [4;36;1mSQL (0.0ms)[0m   [0;1mSAVEPOINT active_record_1[0m
  [4;35;1mAccount Create (0.1ms)[0m   [0mINSERT INTO `accounts` (`name`, `created_at`, `updated_at`) VALUES('Name', '2011-01-10 14:01:14', '2011-01-10 14:01:14')[0m
  [4;36;1mSQL (0.0ms)[0m   [0;1mRELEASE SAVEPOINT active_record_1[0m
  [4;35;1mAccountSettings Load (0.1ms)[0m   [0mSELECT * FROM `account_settings` WHERE (`account_settings`.account_id = 5) [0m
  [4;36;1mSQL (0.5ms)[0m   [0;1mROLLBACK[0m
  [4;35;1mSQL (0.1ms)[0m   [0mBEGIN[0m
  [4;36;1mSQL (0.2ms)[0m   [0;1mSAVEPOINT active_record_1[0m
  [4;35;1mAccount Create (0.2ms)[0m   [0mINSERT INTO `accounts` (`name`, `created_at`, `updated_at`) VALUES('Name', '2011-01-10 14:01:14', '2011-01-10 14:01:14')[0m
  [4;36;1mSQL (0.0ms)[0m   [0;1mRELEASE SAVEPOINT active_record_1[0m
  [4;35;1mSQL (0.3ms)[0m   [0mROLLBACK[0m
  [4;36;1mSQL (0.0ms)[0m   [0;1mBEGIN[0m
  [4;35;1mSQL (0.0ms)[0m   [0mSAVEPOINT active_record_1[0m
  [4;36;1mAccount Create (0.1ms)[0m   [0;1mINSERT INTO `accounts` (`name`, `created_at`, `updated_at`) VALUES('Name', '2011-01-10 14:01:14', '2011-01-10 14:01:14')[0m
  [4;35;1mSQL (0.2ms)[0m   [0mRELEASE SAVEPOINT active_record_1[0m
  [4;36;1mSQL (0.5ms)[0m   [0;1mROLLBACK[0m
  [4;35;1mSQL (0.0ms)[0m   [0mBEGIN[0m
  [4;36;1mSQL (0.0ms)[0m   [0;1mSAVEPOINT active_record_1[0m
  [4;35;1mAccount Create (0.2ms)[0m   [0mINSERT INTO `accounts` (`name`, `created_at`, `updated_at`) VALUES('Name', '2011-01-10 14:01:14', '2011-01-10 14:01:14')[0m
  [4;36;1mSQL (0.2ms)[0m   [0;1mRELEASE SAVEPOINT active_record_1[0m
  [4;35;1mSQL (0.3ms)[0m   [0mROLLBACK[0m
  [4;36;1mSQL (0.2ms)[0m   [0;1mSET NAMES 'utf8'[0m
  [4;35;1mSQL (0.2ms)[0m   [0mSET SQL_AUTO_IS_NULL=0[0m
  [4;36;1mSQL (0.3ms)[0m   [0;1mSHOW TABLES[0m
  [4;35;1mSQL (0.9ms)[0m   [0mDROP TABLE `account_settings`[0m
  [4;36;1mSQL (166.5ms)[0m   [0;1mCREATE TABLE `account_settings` (`id` int(11) DEFAULT NULL auto_increment PRIMARY KEY, `account_id` int(11), `name` varchar(255), `value` varchar(255), `created_at` datetime, `updated_at` datetime) ENGINE=InnoDB[0m
  [4;35;1mSQL (0.4ms)[0m   [0mSHOW TABLES[0m
  [4;36;1mSQL (1.2ms)[0m   [0;1mDROP TABLE `accounts`[0m
  [4;35;1mSQL (11.9ms)[0m   [0mCREATE TABLE `accounts` (`id` int(11) DEFAULT NULL auto_increment PRIMARY KEY, `name` varchar(255), `created_at` datetime, `updated_at` datetime) ENGINE=InnoDB[0m
  [4;36;1mSQL (0.3ms)[0m   [0;1mSHOW TABLES[0m
  [4;35;1mSQL (0.2ms)[0m   [0mSELECT version FROM `schema_migrations`[0m
  [4;36;1mSQL (0.5ms)[0m   [0;1mSHOW TABLES[0m
  [4;35;1mAccount Columns (1.1ms)[0m   [0mSHOW FIELDS FROM `accounts`[0m
Unable to load account, underlying cause no such file to load -- account.rb 

 /Users/morten/.rvm/gems/ree-1.8.7-2010.02/gems/activesupport-2.3.10/lib/active_support/dependencies.rb:406:in `load_without_new_constant_marking'
/Users/morten/.rvm/gems/ree-1.8.7-2010.02/gems/activesupport-2.3.10/lib/active_support/dependencies.rb:406:in `load_file'
/Users/morten/.rvm/gems/ree-1.8.7-2010.02/gems/activesupport-2.3.10/lib/active_support/dependencies.rb:547:in `new_constants_in'
/Users/morten/.rvm/gems/ree-1.8.7-2010.02/gems/activesupport-2.3.10/lib/active_support/dependencies.rb:405:in `load_file'
/Users/morten/.rvm/gems/ree-1.8.7-2010.02/gems/activesupport-2.3.10/lib/active_support/dependencies.rb:285:in `require_or_load'
/Users/morten/.rvm/gems/ree-1.8.7-2010.02/gems/activesupport-2.3.10/lib/active_support/dependencies.rb:250:in `depend_on'
/Users/morten/.rvm/gems/ree-1.8.7-2010.02/gems/activesupport-2.3.10/lib/active_support/dependencies.rb:162:in `require_dependency'
/Users/morten/.rvm/gems/ree-1.8.7-2010.02/gems/activerecord-2.3.10/lib/active_record/fixtures.rb:853:in `try_to_load_dependency'
/Users/morten/.rvm/gems/ree-1.8.7-2010.02/gems/activerecord-2.3.10/lib/active_record/fixtures.rb:868:in `require_fixture_classes'
/Users/morten/.rvm/gems/ree-1.8.7-2010.02/gems/activerecord-2.3.10/lib/active_record/fixtures.rb:865:in `each'
/Users/morten/.rvm/gems/ree-1.8.7-2010.02/gems/activerecord-2.3.10/lib/active_record/fixtures.rb:865:in `require_fixture_classes'
/Users/morten/.rvm/gems/ree-1.8.7-2010.02/gems/activerecord-2.3.10/lib/active_record/fixtures.rb:848:in `fixtures'
/Users/morten/.rvm/gems/ree-1.8.7-2010.02/gems/shoulda-2.11.3/lib/shoulda/context.rb:429:in `send'
/Users/morten/.rvm/gems/ree-1.8.7-2010.02/gems/shoulda-2.11.3/lib/shoulda/context.rb:429:in `method_missing'
./test/test_property_sets.rb:15:in `__bind_1294696927_504650'
/Users/morten/.rvm/gems/ree-1.8.7-2010.02/gems/shoulda-2.11.3/lib/shoulda/context.rb:306:in `call'
/Users/morten/.rvm/gems/ree-1.8.7-2010.02/gems/shoulda-2.11.3/lib/shoulda/context.rb:306:in `merge_block'
/Users/morten/.rvm/gems/ree-1.8.7-2010.02/gems/shoulda-2.11.3/lib/shoulda/context.rb:301:in `initialize'
/Users/morten/.rvm/gems/ree-1.8.7-2010.02/gems/shoulda-2.11.3/lib/shoulda/context.rb:199:in `new'
/Users/morten/.rvm/gems/ree-1.8.7-2010.02/gems/shoulda-2.11.3/lib/shoulda/context.rb:199:in `context'
./test/test_property_sets.rb:14
/Users/morten/.rvm/gems/ree-1.8.7-2010.02/gems/rake-0.8.7/lib/rake/rake_test_loader.rb:5:in `load'
/Users/morten/.rvm/gems/ree-1.8.7-2010.02/gems/rake-0.8.7/lib/rake/rake_test_loader.rb:5
/Users/morten/.rvm/gems/ree-1.8.7-2010.02/gems/rake-0.8.7/lib/rake/rake_test_loader.rb:5:in `each'
/Users/morten/.rvm/gems/ree-1.8.7-2010.02/gems/rake-0.8.7/lib/rake/rake_test_loader.rb:5
Unable to load account_setting, underlying cause no such file to load -- account_setting.rb 

 /Users/morten/.rvm/gems/ree-1.8.7-2010.02/gems/activesupport-2.3.10/lib/active_support/dependencies.rb:406:in `load_without_new_constant_marking'
/Users/morten/.rvm/gems/ree-1.8.7-2010.02/gems/activesupport-2.3.10/lib/active_support/dependencies.rb:406:in `load_file'
/Users/morten/.rvm/gems/ree-1.8.7-2010.02/gems/activesupport-2.3.10/lib/active_support/dependencies.rb:547:in `new_constants_in'
/Users/morten/.rvm/gems/ree-1.8.7-2010.02/gems/activesupport-2.3.10/lib/active_support/dependencies.rb:405:in `load_file'
/Users/morten/.rvm/gems/ree-1.8.7-2010.02/gems/activesupport-2.3.10/lib/active_support/dependencies.rb:285:in `require_or_load'
/Users/morten/.rvm/gems/ree-1.8.7-2010.02/gems/activesupport-2.3.10/lib/active_support/dependencies.rb:250:in `depend_on'
/Users/morten/.rvm/gems/ree-1.8.7-2010.02/gems/activesupport-2.3.10/lib/active_support/dependencies.rb:162:in `require_dependency'
/Users/morten/.rvm/gems/ree-1.8.7-2010.02/gems/activerecord-2.3.10/lib/active_record/fixtures.rb:853:in `try_to_load_dependency'
/Users/morten/.rvm/gems/ree-1.8.7-2010.02/gems/activerecord-2.3.10/lib/active_record/fixtures.rb:868:in `require_fixture_classes'
/Users/morten/.rvm/gems/ree-1.8.7-2010.02/gems/activerecord-2.3.10/lib/active_record/fixtures.rb:865:in `each'
/Users/morten/.rvm/gems/ree-1.8.7-2010.02/gems/activerecord-2.3.10/lib/active_record/fixtures.rb:865:in `require_fixture_classes'
/Users/morten/.rvm/gems/ree-1.8.7-2010.02/gems/activerecord-2.3.10/lib/active_record/fixtures.rb:848:in `fixtures'
/Users/morten/.rvm/gems/ree-1.8.7-2010.02/gems/shoulda-2.11.3/lib/shoulda/context.rb:429:in `send'
/Users/morten/.rvm/gems/ree-1.8.7-2010.02/gems/shoulda-2.11.3/lib/shoulda/context.rb:429:in `method_missing'
./test/test_property_sets.rb:15:in `__bind_1294696927_504650'
/Users/morten/.rvm/gems/ree-1.8.7-2010.02/gems/shoulda-2.11.3/lib/shoulda/context.rb:306:in `call'
/Users/morten/.rvm/gems/ree-1.8.7-2010.02/gems/shoulda-2.11.3/lib/shoulda/context.rb:306:in `merge_block'
/Users/morten/.rvm/gems/ree-1.8.7-2010.02/gems/shoulda-2.11.3/lib/shoulda/context.rb:301:in `initialize'
/Users/morten/.rvm/gems/ree-1.8.7-2010.02/gems/shoulda-2.11.3/lib/shoulda/context.rb:199:in `new'
/Users/morten/.rvm/gems/ree-1.8.7-2010.02/gems/shoulda-2.11.3/lib/shoulda/context.rb:199:in `context'
./test/test_property_sets.rb:14
/Users/morten/.rvm/gems/ree-1.8.7-2010.02/gems/rake-0.8.7/lib/rake/rake_test_loader.rb:5:in `load'
/Users/morten/.rvm/gems/ree-1.8.7-2010.02/gems/rake-0.8.7/lib/rake/rake_test_loader.rb:5
/Users/morten/.rvm/gems/ree-1.8.7-2010.02/gems/rake-0.8.7/lib/rake/rake_test_loader.rb:5:in `each'
/Users/morten/.rvm/gems/ree-1.8.7-2010.02/gems/rake-0.8.7/lib/rake/rake_test_loader.rb:5
  [4;36;1mSQL (0.0ms)[0m   [0;1mBEGIN[0m
  [4;35;1mSQL (0.2ms)[0m   [0mSAVEPOINT active_record_1[0m
  [4;36;1mAccount Create (0.2ms)[0m   [0;1mINSERT INTO `accounts` (`name`, `created_at`, `updated_at`) VALUES('Name', '2011-01-10 14:02:07', '2011-01-10 14:02:07')[0m
  [4;35;1mSQL (0.2ms)[0m   [0mRELEASE SAVEPOINT active_record_1[0m
  [4;36;1mAccountSettings Load (0.2ms)[0m   [0;1mSELECT * FROM `account_settings` WHERE (`account_settings`.account_id = 2) [0m
  [4;35;1mAccountSettings Columns (0.9ms)[0m   [0mSHOW FIELDS FROM `account_settings`[0m
  [4;36;1mSQL (0.3ms)[0m   [0;1mROLLBACK[0m
  [4;35;1mSQL (0.0ms)[0m   [0mBEGIN[0m
  [4;36;1mSQL (0.0ms)[0m   [0;1mSAVEPOINT active_record_1[0m
  [4;35;1mAccount Create (0.1ms)[0m   [0mINSERT INTO `accounts` (`name`, `created_at`, `updated_at`) VALUES('Name', '2011-01-10 14:02:07', '2011-01-10 14:02:07')[0m
  [4;36;1mSQL (0.0ms)[0m   [0;1mRELEASE SAVEPOINT active_record_1[0m
  [4;35;1mAccountSettings Load (0.1ms)[0m   [0mSELECT * FROM `account_settings` WHERE (`account_settings`.account_id = 3) [0m
  [4;36;1mSQL (0.4ms)[0m   [0;1mROLLBACK[0m
  [4;35;1mSQL (0.0ms)[0m   [0mBEGIN[0m
  [4;36;1mSQL (0.0ms)[0m   [0;1mSAVEPOINT active_record_1[0m
  [4;35;1mAccount Create (0.1ms)[0m   [0mINSERT INTO `accounts` (`name`, `created_at`, `updated_at`) VALUES('Name', '2011-01-10 14:02:07', '2011-01-10 14:02:07')[0m
  [4;36;1mSQL (0.2ms)[0m   [0;1mRELEASE SAVEPOINT active_record_1[0m
  [4;35;1mSQL (0.2ms)[0m   [0mSELECT count(*) AS count_all FROM `account_settings` WHERE (`account_settings`.account_id = 4) [0m
  [4;36;1mSQL (0.5ms)[0m   [0;1mROLLBACK[0m
  [4;35;1mSQL (0.1ms)[0m   [0mBEGIN[0m
  [4;36;1mSQL (0.0ms)[0m   [0;1mSAVEPOINT active_record_1[0m
  [4;35;1mAccount Create (0.2ms)[0m   [0mINSERT INTO `accounts` (`name`, `created_at`, `updated_at`) VALUES('Name', '2011-01-10 14:02:07', '2011-01-10 14:02:07')[0m
  [4;36;1mSQL (0.2ms)[0m   [0;1mRELEASE SAVEPOINT active_record_1[0m
  [4;35;1mAccountSettings Load (0.2ms)[0m   [0mSELECT * FROM `account_settings` WHERE (`account_settings`.account_id = 5) [0m
  [4;36;1mSQL (0.5ms)[0m   [0;1mROLLBACK[0m
  [4;35;1mSQL (0.1ms)[0m   [0mBEGIN[0m
  [4;36;1mSQL (0.1ms)[0m   [0;1mSAVEPOINT active_record_1[0m
  [4;35;1mAccount Create (0.2ms)[0m   [0mINSERT INTO `accounts` (`name`, `created_at`, `updated_at`) VALUES('Name', '2011-01-10 14:02:07', '2011-01-10 14:02:07')[0m
  [4;36;1mSQL (0.1ms)[0m   [0;1mRELEASE SAVEPOINT active_record_1[0m
  [4;35;1mSQL (0.4ms)[0m   [0mROLLBACK[0m
  [4;36;1mSQL (0.1ms)[0m   [0;1mBEGIN[0m
  [4;35;1mSQL (0.1ms)[0m   [0mSAVEPOINT active_record_1[0m
  [4;36;1mAccount Create (0.1ms)[0m   [0;1mINSERT INTO `accounts` (`name`, `created_at`, `updated_at`) VALUES('Name', '2011-01-10 14:02:07', '2011-01-10 14:02:07')[0m
  [4;35;1mSQL (0.0ms)[0m   [0mRELEASE SAVEPOINT active_record_1[0m
  [4;36;1mSQL (0.3ms)[0m   [0;1mROLLBACK[0m
  [4;35;1mSQL (0.0ms)[0m   [0mBEGIN[0m
  [4;36;1mSQL (0.0ms)[0m   [0;1mSAVEPOINT active_record_1[0m
  [4;35;1mAccount Create (0.1ms)[0m   [0mINSERT INTO `accounts` (`name`, `created_at`, `updated_at`) VALUES('Name', '2011-01-10 14:02:07', '2011-01-10 14:02:07')[0m
  [4;36;1mSQL (0.0ms)[0m   [0;1mRELEASE SAVEPOINT active_record_1[0m
  [4;35;1mSQL (0.3ms)[0m   [0mROLLBACK[0m
  [4;36;1mSQL (0.2ms)[0m   [0;1mSET NAMES 'utf8'[0m
  [4;35;1mSQL (0.2ms)[0m   [0mSET SQL_AUTO_IS_NULL=0[0m
  [4;36;1mSQL (0.3ms)[0m   [0;1mSHOW TABLES[0m
  [4;35;1mSQL (2.3ms)[0m   [0mDROP TABLE `account_settings`[0m
  [4;36;1mSQL (166.9ms)[0m   [0;1mCREATE TABLE `account_settings` (`id` int(11) DEFAULT NULL auto_increment PRIMARY KEY, `account_id` int(11), `name` varchar(255), `value` varchar(255), `created_at` datetime, `updated_at` datetime) ENGINE=InnoDB[0m
  [4;35;1mSQL (0.4ms)[0m   [0mSHOW TABLES[0m
  [4;36;1mSQL (1.0ms)[0m   [0;1mDROP TABLE `accounts`[0m
  [4;35;1mSQL (12.3ms)[0m   [0mCREATE TABLE `accounts` (`id` int(11) DEFAULT NULL auto_increment PRIMARY KEY, `name` varchar(255), `created_at` datetime, `updated_at` datetime) ENGINE=InnoDB[0m
  [4;36;1mSQL (0.3ms)[0m   [0;1mSHOW TABLES[0m
  [4;35;1mSQL (0.1ms)[0m   [0mSELECT version FROM `schema_migrations`[0m
  [4;36;1mSQL (0.4ms)[0m   [0;1mSHOW TABLES[0m
  [4;35;1mAccount Columns (1.0ms)[0m   [0mSHOW FIELDS FROM `accounts`[0m
Unable to load account, underlying cause no such file to load -- account.rb 

 /Users/morten/.rvm/gems/ree-1.8.7-2010.02/gems/activesupport-2.3.10/lib/active_support/dependencies.rb:406:in `load_without_new_constant_marking'
/Users/morten/.rvm/gems/ree-1.8.7-2010.02/gems/activesupport-2.3.10/lib/active_support/dependencies.rb:406:in `load_file'
/Users/morten/.rvm/gems/ree-1.8.7-2010.02/gems/activesupport-2.3.10/lib/active_support/dependencies.rb:547:in `new_constants_in'
/Users/morten/.rvm/gems/ree-1.8.7-2010.02/gems/activesupport-2.3.10/lib/active_support/dependencies.rb:405:in `load_file'
/Users/morten/.rvm/gems/ree-1.8.7-2010.02/gems/activesupport-2.3.10/lib/active_support/dependencies.rb:285:in `require_or_load'
/Users/morten/.rvm/gems/ree-1.8.7-2010.02/gems/activesupport-2.3.10/lib/active_support/dependencies.rb:250:in `depend_on'
/Users/morten/.rvm/gems/ree-1.8.7-2010.02/gems/activesupport-2.3.10/lib/active_support/dependencies.rb:162:in `require_dependency'
/Users/morten/.rvm/gems/ree-1.8.7-2010.02/gems/activerecord-2.3.10/lib/active_record/fixtures.rb:853:in `try_to_load_dependency'
/Users/morten/.rvm/gems/ree-1.8.7-2010.02/gems/activerecord-2.3.10/lib/active_record/fixtures.rb:868:in `require_fixture_classes'
/Users/morten/.rvm/gems/ree-1.8.7-2010.02/gems/activerecord-2.3.10/lib/active_record/fixtures.rb:865:in `each'
/Users/morten/.rvm/gems/ree-1.8.7-2010.02/gems/activerecord-2.3.10/lib/active_record/fixtures.rb:865:in `require_fixture_classes'
/Users/morten/.rvm/gems/ree-1.8.7-2010.02/gems/activerecord-2.3.10/lib/active_record/fixtures.rb:848:in `fixtures'
/Users/morten/.rvm/gems/ree-1.8.7-2010.02/gems/shoulda-2.11.3/lib/shoulda/context.rb:429:in `send'
/Users/morten/.rvm/gems/ree-1.8.7-2010.02/gems/shoulda-2.11.3/lib/shoulda/context.rb:429:in `method_missing'
./test/test_property_sets.rb:15:in `__bind_1294696939_767492'
/Users/morten/.rvm/gems/ree-1.8.7-2010.02/gems/shoulda-2.11.3/lib/shoulda/context.rb:306:in `call'
/Users/morten/.rvm/gems/ree-1.8.7-2010.02/gems/shoulda-2.11.3/lib/shoulda/context.rb:306:in `merge_block'
/Users/morten/.rvm/gems/ree-1.8.7-2010.02/gems/shoulda-2.11.3/lib/shoulda/context.rb:301:in `initialize'
/Users/morten/.rvm/gems/ree-1.8.7-2010.02/gems/shoulda-2.11.3/lib/shoulda/context.rb:199:in `new'
/Users/morten/.rvm/gems/ree-1.8.7-2010.02/gems/shoulda-2.11.3/lib/shoulda/context.rb:199:in `context'
./test/test_property_sets.rb:14
/Users/morten/.rvm/gems/ree-1.8.7-2010.02/gems/rake-0.8.7/lib/rake/rake_test_loader.rb:5:in `load'
/Users/morten/.rvm/gems/ree-1.8.7-2010.02/gems/rake-0.8.7/lib/rake/rake_test_loader.rb:5
/Users/morten/.rvm/gems/ree-1.8.7-2010.02/gems/rake-0.8.7/lib/rake/rake_test_loader.rb:5:in `each'
/Users/morten/.rvm/gems/ree-1.8.7-2010.02/gems/rake-0.8.7/lib/rake/rake_test_loader.rb:5
Unable to load account_setting, underlying cause no such file to load -- account_setting.rb 

 /Users/morten/.rvm/gems/ree-1.8.7-2010.02/gems/activesupport-2.3.10/lib/active_support/dependencies.rb:406:in `load_without_new_constant_marking'
/Users/morten/.rvm/gems/ree-1.8.7-2010.02/gems/activesupport-2.3.10/lib/active_support/dependencies.rb:406:in `load_file'
/Users/morten/.rvm/gems/ree-1.8.7-2010.02/gems/activesupport-2.3.10/lib/active_support/dependencies.rb:547:in `new_constants_in'
/Users/morten/.rvm/gems/ree-1.8.7-2010.02/gems/activesupport-2.3.10/lib/active_support/dependencies.rb:405:in `load_file'
/Users/morten/.rvm/gems/ree-1.8.7-2010.02/gems/activesupport-2.3.10/lib/active_support/dependencies.rb:285:in `require_or_load'
/Users/morten/.rvm/gems/ree-1.8.7-2010.02/gems/activesupport-2.3.10/lib/active_support/dependencies.rb:250:in `depend_on'
/Users/morten/.rvm/gems/ree-1.8.7-2010.02/gems/activesupport-2.3.10/lib/active_support/dependencies.rb:162:in `require_dependency'
/Users/morten/.rvm/gems/ree-1.8.7-2010.02/gems/activerecord-2.3.10/lib/active_record/fixtures.rb:853:in `try_to_load_dependency'
/Users/morten/.rvm/gems/ree-1.8.7-2010.02/gems/activerecord-2.3.10/lib/active_record/fixtures.rb:868:in `require_fixture_classes'
/Users/morten/.rvm/gems/ree-1.8.7-2010.02/gems/activerecord-2.3.10/lib/active_record/fixtures.rb:865:in `each'
/Users/morten/.rvm/gems/ree-1.8.7-2010.02/gems/activerecord-2.3.10/lib/active_record/fixtures.rb:865:in `require_fixture_classes'
/Users/morten/.rvm/gems/ree-1.8.7-2010.02/gems/activerecord-2.3.10/lib/active_record/fixtures.rb:848:in `fixtures'
/Users/morten/.rvm/gems/ree-1.8.7-2010.02/gems/shoulda-2.11.3/lib/shoulda/context.rb:429:in `send'
/Users/morten/.rvm/gems/ree-1.8.7-2010.02/gems/shoulda-2.11.3/lib/shoulda/context.rb:429:in `method_missing'
./test/test_property_sets.rb:15:in `__bind_1294696939_767492'
/Users/morten/.rvm/gems/ree-1.8.7-2010.02/gems/shoulda-2.11.3/lib/shoulda/context.rb:306:in `call'
/Users/morten/.rvm/gems/ree-1.8.7-2010.02/gems/shoulda-2.11.3/lib/shoulda/context.rb:306:in `merge_block'
/Users/morten/.rvm/gems/ree-1.8.7-2010.02/gems/shoulda-2.11.3/lib/shoulda/context.rb:301:in `initialize'
/Users/morten/.rvm/gems/ree-1.8.7-2010.02/gems/shoulda-2.11.3/lib/shoulda/context.rb:199:in `new'
/Users/morten/.rvm/gems/ree-1.8.7-2010.02/gems/shoulda-2.11.3/lib/shoulda/context.rb:199:in `context'
./test/test_property_sets.rb:14
/Users/morten/.rvm/gems/ree-1.8.7-2010.02/gems/rake-0.8.7/lib/rake/rake_test_loader.rb:5:in `load'
/Users/morten/.rvm/gems/ree-1.8.7-2010.02/gems/rake-0.8.7/lib/rake/rake_test_loader.rb:5
/Users/morten/.rvm/gems/ree-1.8.7-2010.02/gems/rake-0.8.7/lib/rake/rake_test_loader.rb:5:in `each'
/Users/morten/.rvm/gems/ree-1.8.7-2010.02/gems/rake-0.8.7/lib/rake/rake_test_loader.rb:5
  [4;36;1mSQL (0.0ms)[0m   [0;1mBEGIN[0m
  [4;35;1mSQL (0.2ms)[0m   [0mSAVEPOINT active_record_1[0m
  [4;36;1mAccount Create (0.2ms)[0m   [0;1mINSERT INTO `accounts` (`name`, `created_at`, `updated_at`) VALUES('Name', '2011-01-10 14:02:19', '2011-01-10 14:02:19')[0m
  [4;35;1mSQL (0.1ms)[0m   [0mRELEASE SAVEPOINT active_record_1[0m
  [4;36;1mAccountSettings Load (0.3ms)[0m   [0;1mSELECT * FROM `account_settings` WHERE (`account_settings`.account_id = 2) [0m
  [4;35;1mAccountSettings Columns (1.0ms)[0m   [0mSHOW FIELDS FROM `account_settings`[0m
  [4;36;1mSQL (0.5ms)[0m   [0;1mROLLBACK[0m
  [4;35;1mSQL (0.2ms)[0m   [0mBEGIN[0m
  [4;36;1mSQL (0.1ms)[0m   [0;1mSAVEPOINT active_record_1[0m
  [4;35;1mAccount Create (0.2ms)[0m   [0mINSERT INTO `accounts` (`name`, `created_at`, `updated_at`) VALUES('Name', '2011-01-10 14:02:19', '2011-01-10 14:02:19')[0m
  [4;36;1mSQL (0.0ms)[0m   [0;1mRELEASE SAVEPOINT active_record_1[0m
  [4;35;1mAccountSettings Load (0.2ms)[0m   [0mSELECT * FROM `account_settings` WHERE (`account_settings`.account_id = 3) [0m
  [4;36;1mSQL (0.3ms)[0m   [0;1mROLLBACK[0m
  [4;35;1mSQL (0.1ms)[0m   [0mBEGIN[0m
  [4;36;1mSQL (0.1ms)[0m   [0;1mSAVEPOINT active_record_1[0m
  [4;35;1mAccount Create (0.2ms)[0m   [0mINSERT INTO `accounts` (`name`, `created_at`, `updated_at`) VALUES('Name', '2011-01-10 14:02:19', '2011-01-10 14:02:19')[0m
  [4;36;1mSQL (0.1ms)[0m   [0;1mRELEASE SAVEPOINT active_record_1[0m
  [4;35;1mSQL (0.2ms)[0m   [0mSELECT count(*) AS count_all FROM `account_settings` WHERE (`account_settings`.account_id = 4) [0m
  [4;36;1mSQL (0.3ms)[0m   [0;1mROLLBACK[0m
  [4;35;1mSQL (0.0ms)[0m   [0mBEGIN[0m
  [4;36;1mSQL (0.0ms)[0m   [0;1mSAVEPOINT active_record_1[0m
  [4;35;1mAccount Create (0.3ms)[0m   [0mINSERT INTO `accounts` (`name`, `created_at`, `updated_at`) VALUES('Name', '2011-01-10 14:02:19', '2011-01-10 14:02:19')[0m
  [4;36;1mSQL (0.1ms)[0m   [0;1mRELEASE SAVEPOINT active_record_1[0m
  [4;35;1mAccountSettings Load (0.1ms)[0m   [0mSELECT * FROM `account_settings` WHERE (`account_settings`.account_id = 5) [0m
  [4;36;1mSQL (0.5ms)[0m   [0;1mROLLBACK[0m
  [4;35;1mSQL (0.2ms)[0m   [0mBEGIN[0m
  [4;36;1mSQL (0.1ms)[0m   [0;1mSAVEPOINT active_record_1[0m
  [4;35;1mAccount Create (0.2ms)[0m   [0mINSERT INTO `accounts` (`name`, `created_at`, `updated_at`) VALUES('Name', '2011-01-10 14:02:19', '2011-01-10 14:02:19')[0m
  [4;36;1mSQL (0.0ms)[0m   [0;1mRELEASE SAVEPOINT active_record_1[0m
  [4;35;1mSQL (0.5ms)[0m   [0mROLLBACK[0m
  [4;36;1mSQL (0.1ms)[0m   [0;1mBEGIN[0m
  [4;35;1mSQL (0.1ms)[0m   [0mSAVEPOINT active_record_1[0m
  [4;36;1mAccount Create (0.2ms)[0m   [0;1mINSERT INTO `accounts` (`name`, `created_at`, `updated_at`) VALUES('Name', '2011-01-10 14:02:19', '2011-01-10 14:02:19')[0m
  [4;35;1mSQL (0.2ms)[0m   [0mRELEASE SAVEPOINT active_record_1[0m
  [4;36;1mSQL (0.3ms)[0m   [0;1mROLLBACK[0m
  [4;35;1mSQL (0.0ms)[0m   [0mBEGIN[0m
  [4;36;1mSQL (0.0ms)[0m   [0;1mSAVEPOINT active_record_1[0m
  [4;35;1mAccount Create (0.1ms)[0m   [0mINSERT INTO `accounts` (`name`, `created_at`, `updated_at`) VALUES('Name', '2011-01-10 14:02:19', '2011-01-10 14:02:19')[0m
  [4;36;1mSQL (0.0ms)[0m   [0;1mRELEASE SAVEPOINT active_record_1[0m
  [4;35;1mSQL (0.3ms)[0m   [0mROLLBACK[0m
  [4;36;1mSQL (0.2ms)[0m   [0;1mSET NAMES 'utf8'[0m
  [4;35;1mSQL (0.1ms)[0m   [0mSET SQL_AUTO_IS_NULL=0[0m
  [4;36;1mSQL (0.3ms)[0m   [0;1mSHOW TABLES[0m
  [4;35;1mSQL (2.2ms)[0m   [0mDROP TABLE `account_settings`[0m
  [4;36;1mSQL (12.1ms)[0m   [0;1mCREATE TABLE `account_settings` (`id` int(11) DEFAULT NULL auto_increment PRIMARY KEY, `account_id` int(11), `name` varchar(255), `value` varchar(255), `created_at` datetime, `updated_at` datetime) ENGINE=InnoDB[0m
  [4;35;1mSQL (0.6ms)[0m   [0mSHOW TABLES[0m
  [4;36;1mSQL (1.4ms)[0m   [0;1mDROP TABLE `accounts`[0m
  [4;35;1mSQL (11.3ms)[0m   [0mCREATE TABLE `accounts` (`id` int(11) DEFAULT NULL auto_increment PRIMARY KEY, `name` varchar(255), `created_at` datetime, `updated_at` datetime) ENGINE=InnoDB[0m
  [4;36;1mSQL (0.3ms)[0m   [0;1mSHOW TABLES[0m
  [4;35;1mSQL (0.1ms)[0m   [0mSELECT version FROM `schema_migrations`[0m
  [4;36;1mSQL (0.3ms)[0m   [0;1mSHOW TABLES[0m
  [4;35;1mAccount Columns (1.1ms)[0m   [0mSHOW FIELDS FROM `accounts`[0m
Unable to load account, underlying cause no such file to load -- account.rb 

 /Users/morten/.rvm/gems/ree-1.8.7-2010.02/gems/activesupport-2.3.10/lib/active_support/dependencies.rb:406:in `load_without_new_constant_marking'
/Users/morten/.rvm/gems/ree-1.8.7-2010.02/gems/activesupport-2.3.10/lib/active_support/dependencies.rb:406:in `load_file'
/Users/morten/.rvm/gems/ree-1.8.7-2010.02/gems/activesupport-2.3.10/lib/active_support/dependencies.rb:547:in `new_constants_in'
/Users/morten/.rvm/gems/ree-1.8.7-2010.02/gems/activesupport-2.3.10/lib/active_support/dependencies.rb:405:in `load_file'
/Users/morten/.rvm/gems/ree-1.8.7-2010.02/gems/activesupport-2.3.10/lib/active_support/dependencies.rb:285:in `require_or_load'
/Users/morten/.rvm/gems/ree-1.8.7-2010.02/gems/activesupport-2.3.10/lib/active_support/dependencies.rb:250:in `depend_on'
/Users/morten/.rvm/gems/ree-1.8.7-2010.02/gems/activesupport-2.3.10/lib/active_support/dependencies.rb:162:in `require_dependency'
/Users/morten/.rvm/gems/ree-1.8.7-2010.02/gems/activerecord-2.3.10/lib/active_record/fixtures.rb:853:in `try_to_load_dependency'
/Users/morten/.rvm/gems/ree-1.8.7-2010.02/gems/activerecord-2.3.10/lib/active_record/fixtures.rb:868:in `require_fixture_classes'
/Users/morten/.rvm/gems/ree-1.8.7-2010.02/gems/activerecord-2.3.10/lib/active_record/fixtures.rb:865:in `each'
/Users/morten/.rvm/gems/ree-1.8.7-2010.02/gems/activerecord-2.3.10/lib/active_record/fixtures.rb:865:in `require_fixture_classes'
/Users/morten/.rvm/gems/ree-1.8.7-2010.02/gems/activerecord-2.3.10/lib/active_record/fixtures.rb:848:in `fixtures'
/Users/morten/.rvm/gems/ree-1.8.7-2010.02/gems/shoulda-2.11.3/lib/shoulda/context.rb:429:in `send'
/Users/morten/.rvm/gems/ree-1.8.7-2010.02/gems/shoulda-2.11.3/lib/shoulda/context.rb:429:in `method_missing'
./test/test_property_sets.rb:15:in `__bind_1294697163_850069'
/Users/morten/.rvm/gems/ree-1.8.7-2010.02/gems/shoulda-2.11.3/lib/shoulda/context.rb:306:in `call'
/Users/morten/.rvm/gems/ree-1.8.7-2010.02/gems/shoulda-2.11.3/lib/shoulda/context.rb:306:in `merge_block'
/Users/morten/.rvm/gems/ree-1.8.7-2010.02/gems/shoulda-2.11.3/lib/shoulda/context.rb:301:in `initialize'
/Users/morten/.rvm/gems/ree-1.8.7-2010.02/gems/shoulda-2.11.3/lib/shoulda/context.rb:199:in `new'
/Users/morten/.rvm/gems/ree-1.8.7-2010.02/gems/shoulda-2.11.3/lib/shoulda/context.rb:199:in `context'
./test/test_property_sets.rb:14
/Users/morten/.rvm/gems/ree-1.8.7-2010.02/gems/rake-0.8.7/lib/rake/rake_test_loader.rb:5:in `load'
/Users/morten/.rvm/gems/ree-1.8.7-2010.02/gems/rake-0.8.7/lib/rake/rake_test_loader.rb:5
/Users/morten/.rvm/gems/ree-1.8.7-2010.02/gems/rake-0.8.7/lib/rake/rake_test_loader.rb:5:in `each'
/Users/morten/.rvm/gems/ree-1.8.7-2010.02/gems/rake-0.8.7/lib/rake/rake_test_loader.rb:5
Unable to load account_setting, underlying cause no such file to load -- account_setting.rb 

 /Users/morten/.rvm/gems/ree-1.8.7-2010.02/gems/activesupport-2.3.10/lib/active_support/dependencies.rb:406:in `load_without_new_constant_marking'
/Users/morten/.rvm/gems/ree-1.8.7-2010.02/gems/activesupport-2.3.10/lib/active_support/dependencies.rb:406:in `load_file'
/Users/morten/.rvm/gems/ree-1.8.7-2010.02/gems/activesupport-2.3.10/lib/active_support/dependencies.rb:547:in `new_constants_in'
/Users/morten/.rvm/gems/ree-1.8.7-2010.02/gems/activesupport-2.3.10/lib/active_support/dependencies.rb:405:in `load_file'
/Users/morten/.rvm/gems/ree-1.8.7-2010.02/gems/activesupport-2.3.10/lib/active_support/dependencies.rb:285:in `require_or_load'
/Users/morten/.rvm/gems/ree-1.8.7-2010.02/gems/activesupport-2.3.10/lib/active_support/dependencies.rb:250:in `depend_on'
/Users/morten/.rvm/gems/ree-1.8.7-2010.02/gems/activesupport-2.3.10/lib/active_support/dependencies.rb:162:in `require_dependency'
/Users/morten/.rvm/gems/ree-1.8.7-2010.02/gems/activerecord-2.3.10/lib/active_record/fixtures.rb:853:in `try_to_load_dependency'
/Users/morten/.rvm/gems/ree-1.8.7-2010.02/gems/activerecord-2.3.10/lib/active_record/fixtures.rb:868:in `require_fixture_classes'
/Users/morten/.rvm/gems/ree-1.8.7-2010.02/gems/activerecord-2.3.10/lib/active_record/fixtures.rb:865:in `each'
/Users/morten/.rvm/gems/ree-1.8.7-2010.02/gems/activerecord-2.3.10/lib/active_record/fixtures.rb:865:in `require_fixture_classes'
/Users/morten/.rvm/gems/ree-1.8.7-2010.02/gems/activerecord-2.3.10/lib/active_record/fixtures.rb:848:in `fixtures'
/Users/morten/.rvm/gems/ree-1.8.7-2010.02/gems/shoulda-2.11.3/lib/shoulda/context.rb:429:in `send'
/Users/morten/.rvm/gems/ree-1.8.7-2010.02/gems/shoulda-2.11.3/lib/shoulda/context.rb:429:in `method_missing'
./test/test_property_sets.rb:15:in `__bind_1294697163_850069'
/Users/morten/.rvm/gems/ree-1.8.7-2010.02/gems/shoulda-2.11.3/lib/shoulda/context.rb:306:in `call'
/Users/morten/.rvm/gems/ree-1.8.7-2010.02/gems/shoulda-2.11.3/lib/shoulda/context.rb:306:in `merge_block'
/Users/morten/.rvm/gems/ree-1.8.7-2010.02/gems/shoulda-2.11.3/lib/shoulda/context.rb:301:in `initialize'
/Users/morten/.rvm/gems/ree-1.8.7-2010.02/gems/shoulda-2.11.3/lib/shoulda/context.rb:199:in `new'
/Users/morten/.rvm/gems/ree-1.8.7-2010.02/gems/shoulda-2.11.3/lib/shoulda/context.rb:199:in `context'
./test/test_property_sets.rb:14
/Users/morten/.rvm/gems/ree-1.8.7-2010.02/gems/rake-0.8.7/lib/rake/rake_test_loader.rb:5:in `load'
/Users/morten/.rvm/gems/ree-1.8.7-2010.02/gems/rake-0.8.7/lib/rake/rake_test_loader.rb:5
/Users/morten/.rvm/gems/ree-1.8.7-2010.02/gems/rake-0.8.7/lib/rake/rake_test_loader.rb:5:in `each'
/Users/morten/.rvm/gems/ree-1.8.7-2010.02/gems/rake-0.8.7/lib/rake/rake_test_loader.rb:5
  [4;36;1mSQL (0.0ms)[0m   [0;1mBEGIN[0m
  [4;35;1mSQL (0.2ms)[0m   [0mSAVEPOINT active_record_1[0m
  [4;36;1mAccount Create (0.3ms)[0m   [0;1mINSERT INTO `accounts` (`name`, `created_at`, `updated_at`) VALUES('Name', '2011-01-10 14:06:03', '2011-01-10 14:06:03')[0m
  [4;35;1mSQL (0.1ms)[0m   [0mRELEASE SAVEPOINT active_record_1[0m
  [4;36;1mAccountSettings Load (0.3ms)[0m   [0;1mSELECT * FROM `account_settings` WHERE (`account_settings`.account_id = 2) [0m
  [4;35;1mAccountSettings Columns (0.9ms)[0m   [0mSHOW FIELDS FROM `account_settings`[0m
  [4;36;1mSQL (0.2ms)[0m   [0;1mSAVEPOINT active_record_1[0m
  [4;35;1mAccountSettings Load (0.4ms)[0m   [0mSELECT `account_settings`.id FROM `account_settings` WHERE (`account_settings`.`name` = BINARY 'foo' AND `account_settings`.`account_id` = 2) LIMIT 1[0m
  [4;36;1mAccount Update (0.4ms)[0m   [0;1mUPDATE `accounts` SET `updated_at` = '2011-01-10 14:06:03' WHERE `id` = 2[0m
  [4;35;1mAccountSettings Create (0.4ms)[0m   [0mINSERT INTO `account_settings` (`name`, `created_at`, `updated_at`, `account_id`, `value`) VALUES('foo', '2011-01-10 14:06:03', '2011-01-10 14:06:03', 2, '1')[0m
  [4;36;1mAccountSettings Load (0.4ms)[0m   [0;1mSELECT * FROM `account_settings` WHERE (`account_settings`.account_id = 2) [0m
  [4;35;1mSQL (0.3ms)[0m   [0mRELEASE SAVEPOINT active_record_1[0m
  [4;36;1mSQL (0.6ms)[0m   [0;1mROLLBACK[0m
  [4;35;1mSQL (0.2ms)[0m   [0mBEGIN[0m
  [4;36;1mSQL (0.1ms)[0m   [0;1mSAVEPOINT active_record_1[0m
  [4;35;1mAccount Create (0.1ms)[0m   [0mINSERT INTO `accounts` (`name`, `created_at`, `updated_at`) VALUES('Name', '2011-01-10 14:06:03', '2011-01-10 14:06:03')[0m
  [4;36;1mSQL (0.0ms)[0m   [0;1mRELEASE SAVEPOINT active_record_1[0m
  [4;35;1mAccountSettings Load (0.1ms)[0m   [0mSELECT * FROM `account_settings` WHERE (`account_settings`.account_id = 3) [0m
  [4;36;1mSQL (0.1ms)[0m   [0;1mSAVEPOINT active_record_1[0m
  [4;35;1mAccountSettings Load (0.2ms)[0m   [0mSELECT `account_settings`.id FROM `account_settings` WHERE (`account_settings`.`name` = BINARY 'foo' AND `account_settings`.`account_id` = 3) LIMIT 1[0m
  [4;36;1mAccount Update (0.2ms)[0m   [0;1mUPDATE `accounts` SET `updated_at` = '2011-01-10 14:06:03' WHERE `id` = 3[0m
  [4;35;1mAccountSettings Create (0.2ms)[0m   [0mINSERT INTO `account_settings` (`name`, `created_at`, `updated_at`, `account_id`, `value`) VALUES('foo', '2011-01-10 14:06:03', '2011-01-10 14:06:03', 3, '1')[0m
  [4;36;1mAccountSettings Load (0.2ms)[0m   [0;1mSELECT * FROM `account_settings` WHERE (`account_settings`.account_id = 3) [0m
  [4;35;1mSQL (0.1ms)[0m   [0mRELEASE SAVEPOINT active_record_1[0m
  [4;36;1mSQL (0.0ms)[0m   [0;1mSAVEPOINT active_record_1[0m
  [4;35;1mAccount Load (0.1ms)[0m   [0mSELECT * FROM `accounts` WHERE (`accounts`.`id` = 3) [0m
  [4;36;1mAccount Update (0.1ms)[0m   [0;1mUPDATE `accounts` SET `updated_at` = '2011-01-10 14:06:03' WHERE `id` = 3[0m
  [4;35;1mAccountSettings Destroy (0.2ms)[0m   [0mDELETE FROM `account_settings` WHERE `id` = 5[0m
  [4;36;1mAccountSettings Load (0.2ms)[0m   [0;1mSELECT * FROM `account_settings` WHERE (`account_settings`.account_id = 3) [0m
  [4;35;1mSQL (0.1ms)[0m   [0mRELEASE SAVEPOINT active_record_1[0m
  [4;36;1mAccountSettings Load (0.3ms)[0m   [0;1mSELECT * FROM `account_settings` WHERE (`account_settings`.account_id = 3) [0m
  [4;35;1mSQL (0.6ms)[0m   [0mROLLBACK[0m
  [4;36;1mSQL (0.1ms)[0m   [0;1mBEGIN[0m
  [4;35;1mSQL (0.1ms)[0m   [0mSAVEPOINT active_record_1[0m
  [4;36;1mAccount Create (0.3ms)[0m   [0;1mINSERT INTO `accounts` (`name`, `created_at`, `updated_at`) VALUES('Name', '2011-01-10 14:06:03', '2011-01-10 14:06:03')[0m
  [4;35;1mSQL (0.2ms)[0m   [0mRELEASE SAVEPOINT active_record_1[0m
  [4;36;1mSQL (0.3ms)[0m   [0;1mSELECT count(*) AS count_all FROM `account_settings` WHERE (`account_settings`.account_id = 4) [0m
  [4;35;1mSQL (0.5ms)[0m   [0mROLLBACK[0m
  [4;36;1mSQL (0.0ms)[0m   [0;1mBEGIN[0m
  [4;35;1mSQL (0.0ms)[0m   [0mSAVEPOINT active_record_1[0m
  [4;36;1mAccount Create (0.2ms)[0m   [0;1mINSERT INTO `accounts` (`name`, `created_at`, `updated_at`) VALUES('Name', '2011-01-10 14:06:03', '2011-01-10 14:06:03')[0m
  [4;35;1mSQL (0.2ms)[0m   [0mRELEASE SAVEPOINT active_record_1[0m
  [4;36;1mAccountSettings Load (0.1ms)[0m   [0;1mSELECT * FROM `account_settings` WHERE (`account_settings`.account_id = 5) [0m
  [4;35;1mSQL (0.5ms)[0m   [0mROLLBACK[0m
  [4;36;1mSQL (0.0ms)[0m   [0;1mBEGIN[0m
  [4;35;1mSQL (0.0ms)[0m   [0mSAVEPOINT active_record_1[0m
  [4;36;1mAccount Create (0.3ms)[0m   [0;1mINSERT INTO `accounts` (`name`, `created_at`, `updated_at`) VALUES('Name', '2011-01-10 14:06:03', '2011-01-10 14:06:03')[0m
  [4;35;1mSQL (0.2ms)[0m   [0mRELEASE SAVEPOINT active_record_1[0m
  [4;36;1mSQL (0.4ms)[0m   [0;1mROLLBACK[0m
  [4;35;1mSQL (0.0ms)[0m   [0mBEGIN[0m
  [4;36;1mSQL (0.0ms)[0m   [0;1mSAVEPOINT active_record_1[0m
  [4;35;1mAccount Create (0.1ms)[0m   [0mINSERT INTO `accounts` (`name`, `created_at`, `updated_at`) VALUES('Name', '2011-01-10 14:06:03', '2011-01-10 14:06:03')[0m
  [4;36;1mSQL (0.1ms)[0m   [0;1mRELEASE SAVEPOINT active_record_1[0m
  [4;35;1mSQL (0.4ms)[0m   [0mROLLBACK[0m
  [4;36;1mSQL (0.1ms)[0m   [0;1mBEGIN[0m
  [4;35;1mSQL (0.1ms)[0m   [0mSAVEPOINT active_record_1[0m
  [4;36;1mAccount Create (0.4ms)[0m   [0;1mINSERT INTO `accounts` (`name`, `created_at`, `updated_at`) VALUES('Name', '2011-01-10 14:06:03', '2011-01-10 14:06:03')[0m
  [4;35;1mSQL (0.2ms)[0m   [0mRELEASE SAVEPOINT active_record_1[0m
  [4;36;1mSQL (0.5ms)[0m   [0;1mROLLBACK[0m
  [4;35;1mSQL (0.4ms)[0m   [0mSHOW TABLES[0m
  [4;36;1mSQL (0.2ms)[0m   [0;1mSET NAMES 'utf8'[0m
  [4;35;1mSQL (0.2ms)[0m   [0mSET SQL_AUTO_IS_NULL=0[0m
  [4;36;1mSQL (0.3ms)[0m   [0;1mSHOW TABLES[0m
  [4;35;1mSQL (2.1ms)[0m   [0mDROP TABLE `account_settings`[0m
  [4;36;1mSQL (29.4ms)[0m   [0;1mCREATE TABLE `account_settings` (`id` int(11) DEFAULT NULL auto_increment PRIMARY KEY, `account_id` int(11), `name` varchar(255), `value` varchar(255), `created_at` datetime, `updated_at` datetime) ENGINE=InnoDB[0m
  [4;35;1mSQL (0.3ms)[0m   [0mSHOW TABLES[0m
  [4;36;1mSQL (0.9ms)[0m   [0;1mDROP TABLE `accounts`[0m
  [4;35;1mSQL (21.5ms)[0m   [0mCREATE TABLE `accounts` (`id` int(11) DEFAULT NULL auto_increment PRIMARY KEY, `name` varchar(255), `created_at` datetime, `updated_at` datetime) ENGINE=InnoDB[0m
  [4;36;1mSQL (0.3ms)[0m   [0;1mSHOW TABLES[0m
  [4;35;1mSQL (0.1ms)[0m   [0mSELECT version FROM `schema_migrations`[0m
  [4;36;1mSQL (0.4ms)[0m   [0;1mSHOW TABLES[0m
  [4;35;1mAccount Columns (1.1ms)[0m   [0mSHOW FIELDS FROM `accounts`[0m
Unable to load account, underlying cause no such file to load -- account.rb 

 /Users/morten/.rvm/gems/ree-1.8.7-2010.02/gems/activesupport-2.3.10/lib/active_support/dependencies.rb:406:in `load_without_new_constant_marking'
/Users/morten/.rvm/gems/ree-1.8.7-2010.02/gems/activesupport-2.3.10/lib/active_support/dependencies.rb:406:in `load_file'
/Users/morten/.rvm/gems/ree-1.8.7-2010.02/gems/activesupport-2.3.10/lib/active_support/dependencies.rb:547:in `new_constants_in'
/Users/morten/.rvm/gems/ree-1.8.7-2010.02/gems/activesupport-2.3.10/lib/active_support/dependencies.rb:405:in `load_file'
/Users/morten/.rvm/gems/ree-1.8.7-2010.02/gems/activesupport-2.3.10/lib/active_support/dependencies.rb:285:in `require_or_load'
/Users/morten/.rvm/gems/ree-1.8.7-2010.02/gems/activesupport-2.3.10/lib/active_support/dependencies.rb:250:in `depend_on'
/Users/morten/.rvm/gems/ree-1.8.7-2010.02/gems/activesupport-2.3.10/lib/active_support/dependencies.rb:162:in `require_dependency'
/Users/morten/.rvm/gems/ree-1.8.7-2010.02/gems/activerecord-2.3.10/lib/active_record/fixtures.rb:853:in `try_to_load_dependency'
/Users/morten/.rvm/gems/ree-1.8.7-2010.02/gems/activerecord-2.3.10/lib/active_record/fixtures.rb:868:in `require_fixture_classes'
/Users/morten/.rvm/gems/ree-1.8.7-2010.02/gems/activerecord-2.3.10/lib/active_record/fixtures.rb:865:in `each'
/Users/morten/.rvm/gems/ree-1.8.7-2010.02/gems/activerecord-2.3.10/lib/active_record/fixtures.rb:865:in `require_fixture_classes'
/Users/morten/.rvm/gems/ree-1.8.7-2010.02/gems/activerecord-2.3.10/lib/active_record/fixtures.rb:848:in `fixtures'
/Users/morten/.rvm/gems/ree-1.8.7-2010.02/gems/shoulda-2.11.3/lib/shoulda/context.rb:429:in `send'
/Users/morten/.rvm/gems/ree-1.8.7-2010.02/gems/shoulda-2.11.3/lib/shoulda/context.rb:429:in `method_missing'
./test/test_property_sets.rb:15:in `__bind_1294697182_522080'
/Users/morten/.rvm/gems/ree-1.8.7-2010.02/gems/shoulda-2.11.3/lib/shoulda/context.rb:306:in `call'
/Users/morten/.rvm/gems/ree-1.8.7-2010.02/gems/shoulda-2.11.3/lib/shoulda/context.rb:306:in `merge_block'
/Users/morten/.rvm/gems/ree-1.8.7-2010.02/gems/shoulda-2.11.3/lib/shoulda/context.rb:301:in `initialize'
/Users/morten/.rvm/gems/ree-1.8.7-2010.02/gems/shoulda-2.11.3/lib/shoulda/context.rb:199:in `new'
/Users/morten/.rvm/gems/ree-1.8.7-2010.02/gems/shoulda-2.11.3/lib/shoulda/context.rb:199:in `context'
./test/test_property_sets.rb:14
/Users/morten/.rvm/gems/ree-1.8.7-2010.02/gems/rake-0.8.7/lib/rake/rake_test_loader.rb:5:in `load'
/Users/morten/.rvm/gems/ree-1.8.7-2010.02/gems/rake-0.8.7/lib/rake/rake_test_loader.rb:5
/Users/morten/.rvm/gems/ree-1.8.7-2010.02/gems/rake-0.8.7/lib/rake/rake_test_loader.rb:5:in `each'
/Users/morten/.rvm/gems/ree-1.8.7-2010.02/gems/rake-0.8.7/lib/rake/rake_test_loader.rb:5
Unable to load account_setting, underlying cause no such file to load -- account_setting.rb 

 /Users/morten/.rvm/gems/ree-1.8.7-2010.02/gems/activesupport-2.3.10/lib/active_support/dependencies.rb:406:in `load_without_new_constant_marking'
/Users/morten/.rvm/gems/ree-1.8.7-2010.02/gems/activesupport-2.3.10/lib/active_support/dependencies.rb:406:in `load_file'
/Users/morten/.rvm/gems/ree-1.8.7-2010.02/gems/activesupport-2.3.10/lib/active_support/dependencies.rb:547:in `new_constants_in'
/Users/morten/.rvm/gems/ree-1.8.7-2010.02/gems/activesupport-2.3.10/lib/active_support/dependencies.rb:405:in `load_file'
/Users/morten/.rvm/gems/ree-1.8.7-2010.02/gems/activesupport-2.3.10/lib/active_support/dependencies.rb:285:in `require_or_load'
/Users/morten/.rvm/gems/ree-1.8.7-2010.02/gems/activesupport-2.3.10/lib/active_support/dependencies.rb:250:in `depend_on'
/Users/morten/.rvm/gems/ree-1.8.7-2010.02/gems/activesupport-2.3.10/lib/active_support/dependencies.rb:162:in `require_dependency'
/Users/morten/.rvm/gems/ree-1.8.7-2010.02/gems/activerecord-2.3.10/lib/active_record/fixtures.rb:853:in `try_to_load_dependency'
/Users/morten/.rvm/gems/ree-1.8.7-2010.02/gems/activerecord-2.3.10/lib/active_record/fixtures.rb:868:in `require_fixture_classes'
/Users/morten/.rvm/gems/ree-1.8.7-2010.02/gems/activerecord-2.3.10/lib/active_record/fixtures.rb:865:in `each'
/Users/morten/.rvm/gems/ree-1.8.7-2010.02/gems/activerecord-2.3.10/lib/active_record/fixtures.rb:865:in `require_fixture_classes'
/Users/morten/.rvm/gems/ree-1.8.7-2010.02/gems/activerecord-2.3.10/lib/active_record/fixtures.rb:848:in `fixtures'
/Users/morten/.rvm/gems/ree-1.8.7-2010.02/gems/shoulda-2.11.3/lib/shoulda/context.rb:429:in `send'
/Users/morten/.rvm/gems/ree-1.8.7-2010.02/gems/shoulda-2.11.3/lib/shoulda/context.rb:429:in `method_missing'
./test/test_property_sets.rb:15:in `__bind_1294697182_522080'
/Users/morten/.rvm/gems/ree-1.8.7-2010.02/gems/shoulda-2.11.3/lib/shoulda/context.rb:306:in `call'
/Users/morten/.rvm/gems/ree-1.8.7-2010.02/gems/shoulda-2.11.3/lib/shoulda/context.rb:306:in `merge_block'
/Users/morten/.rvm/gems/ree-1.8.7-2010.02/gems/shoulda-2.11.3/lib/shoulda/context.rb:301:in `initialize'
/Users/morten/.rvm/gems/ree-1.8.7-2010.02/gems/shoulda-2.11.3/lib/shoulda/context.rb:199:in `new'
/Users/morten/.rvm/gems/ree-1.8.7-2010.02/gems/shoulda-2.11.3/lib/shoulda/context.rb:199:in `context'
./test/test_property_sets.rb:14
/Users/morten/.rvm/gems/ree-1.8.7-2010.02/gems/rake-0.8.7/lib/rake/rake_test_loader.rb:5:in `load'
/Users/morten/.rvm/gems/ree-1.8.7-2010.02/gems/rake-0.8.7/lib/rake/rake_test_loader.rb:5
/Users/morten/.rvm/gems/ree-1.8.7-2010.02/gems/rake-0.8.7/lib/rake/rake_test_loader.rb:5:in `each'
/Users/morten/.rvm/gems/ree-1.8.7-2010.02/gems/rake-0.8.7/lib/rake/rake_test_loader.rb:5
  [4;36;1mSQL (0.0ms)[0m   [0;1mBEGIN[0m
  [4;35;1mSQL (0.2ms)[0m   [0mSAVEPOINT active_record_1[0m
  [4;36;1mAccount Create (0.2ms)[0m   [0;1mINSERT INTO `accounts` (`name`, `created_at`, `updated_at`) VALUES('Name', '2011-01-10 14:06:22', '2011-01-10 14:06:22')[0m
  [4;35;1mSQL (0.2ms)[0m   [0mRELEASE SAVEPOINT active_record_1[0m
  [4;36;1mAccountSettings Load (0.3ms)[0m   [0;1mSELECT * FROM `account_settings` WHERE (`account_settings`.account_id = 2) [0m
  [4;35;1mAccountSettings Columns (0.8ms)[0m   [0mSHOW FIELDS FROM `account_settings`[0m
  [4;36;1mSQL (0.2ms)[0m   [0;1mSAVEPOINT active_record_1[0m
  [4;35;1mAccountSettings Load (0.3ms)[0m   [0mSELECT `account_settings`.id FROM `account_settings` WHERE (`account_settings`.`name` = BINARY 'foo' AND `account_settings`.`account_id` = 2) LIMIT 1[0m
  [4;36;1mAccount Update (0.2ms)[0m   [0;1mUPDATE `accounts` SET `updated_at` = '2011-01-10 14:06:22' WHERE `id` = 2[0m
  [4;35;1mAccountSettings Create (0.2ms)[0m   [0mINSERT INTO `account_settings` (`name`, `created_at`, `updated_at`, `account_id`, `value`) VALUES('foo', '2011-01-10 14:06:22', '2011-01-10 14:06:22', 2, '1')[0m
  [4;36;1mAccountSettings Load (0.2ms)[0m   [0;1mSELECT * FROM `account_settings` WHERE (`account_settings`.account_id = 2) [0m
  [4;35;1mSQL (0.1ms)[0m   [0mRELEASE SAVEPOINT active_record_1[0m
  [4;36;1mSQL (0.4ms)[0m   [0;1mROLLBACK[0m
  [4;35;1mSQL (0.0ms)[0m   [0mBEGIN[0m
  [4;36;1mSQL (0.0ms)[0m   [0;1mSAVEPOINT active_record_1[0m
  [4;35;1mAccount Create (0.2ms)[0m   [0mINSERT INTO `accounts` (`name`, `created_at`, `updated_at`) VALUES('Name', '2011-01-10 14:06:22', '2011-01-10 14:06:22')[0m
  [4;36;1mSQL (0.1ms)[0m   [0;1mRELEASE SAVEPOINT active_record_1[0m
  [4;35;1mAccountSettings Load (0.3ms)[0m   [0mSELECT * FROM `account_settings` WHERE (`account_settings`.account_id = 3) [0m
  [4;36;1mSQL (0.1ms)[0m   [0;1mSAVEPOINT active_record_1[0m
  [4;35;1mAccountSettings Load (0.3ms)[0m   [0mSELECT `account_settings`.id FROM `account_settings` WHERE (`account_settings`.`name` = BINARY 'foo' AND `account_settings`.`account_id` = 3) LIMIT 1[0m
  [4;36;1mAccount Update (0.4ms)[0m   [0;1mUPDATE `accounts` SET `updated_at` = '2011-01-10 14:06:22' WHERE `id` = 3[0m
  [4;35;1mAccountSettings Create (0.3ms)[0m   [0mINSERT INTO `account_settings` (`name`, `created_at`, `updated_at`, `account_id`, `value`) VALUES('foo', '2011-01-10 14:06:22', '2011-01-10 14:06:22', 3, '1')[0m
  [4;36;1mAccountSettings Load (0.2ms)[0m   [0;1mSELECT * FROM `account_settings` WHERE (`account_settings`.account_id = 3) [0m
  [4;35;1mSQL (0.2ms)[0m   [0mRELEASE SAVEPOINT active_record_1[0m
  [4;36;1mSQL (0.2ms)[0m   [0;1mSAVEPOINT active_record_1[0m
  [4;35;1mAccount Load (0.2ms)[0m   [0mSELECT * FROM `accounts` WHERE (`accounts`.`id` = 3) [0m
  [4;36;1mAccount Update (0.2ms)[0m   [0;1mUPDATE `accounts` SET `updated_at` = '2011-01-10 14:06:22' WHERE `id` = 3[0m
  [4;35;1mAccountSettings Destroy (0.2ms)[0m   [0mDELETE FROM `account_settings` WHERE `id` = 5[0m
  [4;36;1mAccountSettings Load (0.2ms)[0m   [0;1mSELECT * FROM `account_settings` WHERE (`account_settings`.account_id = 3) [0m
  [4;35;1mSQL (0.2ms)[0m   [0mRELEASE SAVEPOINT active_record_1[0m
  [4;36;1mAccountSettings Load (0.1ms)[0m   [0;1mSELECT * FROM `account_settings` WHERE (`account_settings`.account_id = 3) [0m
  [4;35;1mSQL (0.4ms)[0m   [0mROLLBACK[0m
  [4;36;1mSQL (0.1ms)[0m   [0;1mBEGIN[0m
  [4;35;1mSQL (0.1ms)[0m   [0mSAVEPOINT active_record_1[0m
  [4;36;1mAccount Create (0.3ms)[0m   [0;1mINSERT INTO `accounts` (`name`, `created_at`, `updated_at`) VALUES('Name', '2011-01-10 14:06:22', '2011-01-10 14:06:22')[0m
  [4;35;1mSQL (0.1ms)[0m   [0mRELEASE SAVEPOINT active_record_1[0m
  [4;36;1mSQL (0.3ms)[0m   [0;1mSELECT count(*) AS count_all FROM `account_settings` WHERE (`account_settings`.account_id = 4) [0m
  [4;35;1mSQL (0.5ms)[0m   [0mROLLBACK[0m
  [4;36;1mSQL (0.0ms)[0m   [0;1mBEGIN[0m
  [4;35;1mSQL (0.0ms)[0m   [0mSAVEPOINT active_record_1[0m
  [4;36;1mAccount Create (0.2ms)[0m   [0;1mINSERT INTO `accounts` (`name`, `created_at`, `updated_at`) VALUES('Name', '2011-01-10 14:06:22', '2011-01-10 14:06:22')[0m
  [4;35;1mSQL (0.2ms)[0m   [0mRELEASE SAVEPOINT active_record_1[0m
  [4;36;1mAccountSettings Load (0.1ms)[0m   [0;1mSELECT * FROM `account_settings` WHERE (`account_settings`.account_id = 5) [0m
  [4;35;1mSQL (0.5ms)[0m   [0mROLLBACK[0m
  [4;36;1mSQL (0.2ms)[0m   [0;1mBEGIN[0m
  [4;35;1mSQL (0.2ms)[0m   [0mSAVEPOINT active_record_1[0m
  [4;36;1mAccount Create (0.3ms)[0m   [0;1mINSERT INTO `accounts` (`name`, `created_at`, `updated_at`) VALUES('Name', '2011-01-10 14:06:22', '2011-01-10 14:06:22')[0m
  [4;35;1mSQL (0.2ms)[0m   [0mRELEASE SAVEPOINT active_record_1[0m
  [4;36;1mSQL (0.4ms)[0m   [0;1mROLLBACK[0m
  [4;35;1mSQL (0.0ms)[0m   [0mBEGIN[0m
  [4;36;1mSQL (0.0ms)[0m   [0;1mSAVEPOINT active_record_1[0m
  [4;35;1mAccount Create (0.1ms)[0m   [0mINSERT INTO `accounts` (`name`, `created_at`, `updated_at`) VALUES('Name', '2011-01-10 14:06:22', '2011-01-10 14:06:22')[0m
  [4;36;1mSQL (0.1ms)[0m   [0;1mRELEASE SAVEPOINT active_record_1[0m
  [4;35;1mSQL (0.3ms)[0m   [0mROLLBACK[0m
  [4;36;1mSQL (0.1ms)[0m   [0;1mBEGIN[0m
  [4;35;1mSQL (0.1ms)[0m   [0mSAVEPOINT active_record_1[0m
  [4;36;1mAccount Create (0.3ms)[0m   [0;1mINSERT INTO `accounts` (`name`, `created_at`, `updated_at`) VALUES('Name', '2011-01-10 14:06:22', '2011-01-10 14:06:22')[0m
  [4;35;1mSQL (0.1ms)[0m   [0mRELEASE SAVEPOINT active_record_1[0m
  [4;36;1mSQL (0.3ms)[0m   [0;1mROLLBACK[0m
  [4;36;1mSQL (0.2ms)[0m   [0;1mSET NAMES 'utf8'[0m
  [4;35;1mSQL (0.2ms)[0m   [0mSET SQL_AUTO_IS_NULL=0[0m
  [4;36;1mSQL (0.3ms)[0m   [0;1mSHOW TABLES[0m
  [4;35;1mSQL (2.1ms)[0m   [0mDROP TABLE `account_settings`[0m
  [4;36;1mSQL (166.4ms)[0m   [0;1mCREATE TABLE `account_settings` (`id` int(11) DEFAULT NULL auto_increment PRIMARY KEY, `account_id` int(11), `name` varchar(255), `value` varchar(255), `created_at` datetime, `updated_at` datetime) ENGINE=InnoDB[0m
  [4;35;1mSQL (0.4ms)[0m   [0mSHOW TABLES[0m
  [4;36;1mSQL (1.0ms)[0m   [0;1mDROP TABLE `accounts`[0m
  [4;35;1mSQL (10.5ms)[0m   [0mCREATE TABLE `accounts` (`id` int(11) DEFAULT NULL auto_increment PRIMARY KEY, `name` varchar(255), `created_at` datetime, `updated_at` datetime) ENGINE=InnoDB[0m
  [4;36;1mSQL (0.3ms)[0m   [0;1mSHOW TABLES[0m
  [4;35;1mSQL (0.2ms)[0m   [0mSELECT version FROM `schema_migrations`[0m
  [4;36;1mSQL (0.3ms)[0m   [0;1mSHOW TABLES[0m
  [4;35;1mAccount Columns (1.0ms)[0m   [0mSHOW FIELDS FROM `accounts`[0m
Unable to load account, underlying cause no such file to load -- account.rb 

 /Users/morten/.rvm/gems/ree-1.8.7-2010.02/gems/activesupport-2.3.10/lib/active_support/dependencies.rb:406:in `load_without_new_constant_marking'
/Users/morten/.rvm/gems/ree-1.8.7-2010.02/gems/activesupport-2.3.10/lib/active_support/dependencies.rb:406:in `load_file'
/Users/morten/.rvm/gems/ree-1.8.7-2010.02/gems/activesupport-2.3.10/lib/active_support/dependencies.rb:547:in `new_constants_in'
/Users/morten/.rvm/gems/ree-1.8.7-2010.02/gems/activesupport-2.3.10/lib/active_support/dependencies.rb:405:in `load_file'
/Users/morten/.rvm/gems/ree-1.8.7-2010.02/gems/activesupport-2.3.10/lib/active_support/dependencies.rb:285:in `require_or_load'
/Users/morten/.rvm/gems/ree-1.8.7-2010.02/gems/activesupport-2.3.10/lib/active_support/dependencies.rb:250:in `depend_on'
/Users/morten/.rvm/gems/ree-1.8.7-2010.02/gems/activesupport-2.3.10/lib/active_support/dependencies.rb:162:in `require_dependency'
/Users/morten/.rvm/gems/ree-1.8.7-2010.02/gems/activerecord-2.3.10/lib/active_record/fixtures.rb:853:in `try_to_load_dependency'
/Users/morten/.rvm/gems/ree-1.8.7-2010.02/gems/activerecord-2.3.10/lib/active_record/fixtures.rb:868:in `require_fixture_classes'
/Users/morten/.rvm/gems/ree-1.8.7-2010.02/gems/activerecord-2.3.10/lib/active_record/fixtures.rb:865:in `each'
/Users/morten/.rvm/gems/ree-1.8.7-2010.02/gems/activerecord-2.3.10/lib/active_record/fixtures.rb:865:in `require_fixture_classes'
/Users/morten/.rvm/gems/ree-1.8.7-2010.02/gems/activerecord-2.3.10/lib/active_record/fixtures.rb:848:in `fixtures'
/Users/morten/.rvm/gems/ree-1.8.7-2010.02/gems/shoulda-2.11.3/lib/shoulda/context.rb:429:in `send'
/Users/morten/.rvm/gems/ree-1.8.7-2010.02/gems/shoulda-2.11.3/lib/shoulda/context.rb:429:in `method_missing'
./test/test_property_sets.rb:15:in `__bind_1294697227_546060'
/Users/morten/.rvm/gems/ree-1.8.7-2010.02/gems/shoulda-2.11.3/lib/shoulda/context.rb:306:in `call'
/Users/morten/.rvm/gems/ree-1.8.7-2010.02/gems/shoulda-2.11.3/lib/shoulda/context.rb:306:in `merge_block'
/Users/morten/.rvm/gems/ree-1.8.7-2010.02/gems/shoulda-2.11.3/lib/shoulda/context.rb:301:in `initialize'
/Users/morten/.rvm/gems/ree-1.8.7-2010.02/gems/shoulda-2.11.3/lib/shoulda/context.rb:199:in `new'
/Users/morten/.rvm/gems/ree-1.8.7-2010.02/gems/shoulda-2.11.3/lib/shoulda/context.rb:199:in `context'
./test/test_property_sets.rb:14
/Users/morten/.rvm/gems/ree-1.8.7-2010.02/gems/rake-0.8.7/lib/rake/rake_test_loader.rb:5:in `load'
/Users/morten/.rvm/gems/ree-1.8.7-2010.02/gems/rake-0.8.7/lib/rake/rake_test_loader.rb:5
/Users/morten/.rvm/gems/ree-1.8.7-2010.02/gems/rake-0.8.7/lib/rake/rake_test_loader.rb:5:in `each'
/Users/morten/.rvm/gems/ree-1.8.7-2010.02/gems/rake-0.8.7/lib/rake/rake_test_loader.rb:5
Unable to load account_setting, underlying cause no such file to load -- account_setting.rb 

 /Users/morten/.rvm/gems/ree-1.8.7-2010.02/gems/activesupport-2.3.10/lib/active_support/dependencies.rb:406:in `load_without_new_constant_marking'
/Users/morten/.rvm/gems/ree-1.8.7-2010.02/gems/activesupport-2.3.10/lib/active_support/dependencies.rb:406:in `load_file'
/Users/morten/.rvm/gems/ree-1.8.7-2010.02/gems/activesupport-2.3.10/lib/active_support/dependencies.rb:547:in `new_constants_in'
/Users/morten/.rvm/gems/ree-1.8.7-2010.02/gems/activesupport-2.3.10/lib/active_support/dependencies.rb:405:in `load_file'
/Users/morten/.rvm/gems/ree-1.8.7-2010.02/gems/activesupport-2.3.10/lib/active_support/dependencies.rb:285:in `require_or_load'
/Users/morten/.rvm/gems/ree-1.8.7-2010.02/gems/activesupport-2.3.10/lib/active_support/dependencies.rb:250:in `depend_on'
/Users/morten/.rvm/gems/ree-1.8.7-2010.02/gems/activesupport-2.3.10/lib/active_support/dependencies.rb:162:in `require_dependency'
/Users/morten/.rvm/gems/ree-1.8.7-2010.02/gems/activerecord-2.3.10/lib/active_record/fixtures.rb:853:in `try_to_load_dependency'
/Users/morten/.rvm/gems/ree-1.8.7-2010.02/gems/activerecord-2.3.10/lib/active_record/fixtures.rb:868:in `require_fixture_classes'
/Users/morten/.rvm/gems/ree-1.8.7-2010.02/gems/activerecord-2.3.10/lib/active_record/fixtures.rb:865:in `each'
/Users/morten/.rvm/gems/ree-1.8.7-2010.02/gems/activerecord-2.3.10/lib/active_record/fixtures.rb:865:in `require_fixture_classes'
/Users/morten/.rvm/gems/ree-1.8.7-2010.02/gems/activerecord-2.3.10/lib/active_record/fixtures.rb:848:in `fixtures'
/Users/morten/.rvm/gems/ree-1.8.7-2010.02/gems/shoulda-2.11.3/lib/shoulda/context.rb:429:in `send'
/Users/morten/.rvm/gems/ree-1.8.7-2010.02/gems/shoulda-2.11.3/lib/shoulda/context.rb:429:in `method_missing'
./test/test_property_sets.rb:15:in `__bind_1294697227_546060'
/Users/morten/.rvm/gems/ree-1.8.7-2010.02/gems/shoulda-2.11.3/lib/shoulda/context.rb:306:in `call'
/Users/morten/.rvm/gems/ree-1.8.7-2010.02/gems/shoulda-2.11.3/lib/shoulda/context.rb:306:in `merge_block'
/Users/morten/.rvm/gems/ree-1.8.7-2010.02/gems/shoulda-2.11.3/lib/shoulda/context.rb:301:in `initialize'
/Users/morten/.rvm/gems/ree-1.8.7-2010.02/gems/shoulda-2.11.3/lib/shoulda/context.rb:199:in `new'
/Users/morten/.rvm/gems/ree-1.8.7-2010.02/gems/shoulda-2.11.3/lib/shoulda/context.rb:199:in `context'
./test/test_property_sets.rb:14
/Users/morten/.rvm/gems/ree-1.8.7-2010.02/gems/rake-0.8.7/lib/rake/rake_test_loader.rb:5:in `load'
/Users/morten/.rvm/gems/ree-1.8.7-2010.02/gems/rake-0.8.7/lib/rake/rake_test_loader.rb:5
/Users/morten/.rvm/gems/ree-1.8.7-2010.02/gems/rake-0.8.7/lib/rake/rake_test_loader.rb:5:in `each'
/Users/morten/.rvm/gems/ree-1.8.7-2010.02/gems/rake-0.8.7/lib/rake/rake_test_loader.rb:5
  [4;36;1mSQL (0.0ms)[0m   [0;1mBEGIN[0m
  [4;35;1mSQL (0.2ms)[0m   [0mSAVEPOINT active_record_1[0m
  [4;36;1mAccount Create (0.2ms)[0m   [0;1mINSERT INTO `accounts` (`name`, `created_at`, `updated_at`) VALUES('Name', '2011-01-10 14:07:07', '2011-01-10 14:07:07')[0m
  [4;35;1mSQL (0.1ms)[0m   [0mRELEASE SAVEPOINT active_record_1[0m
  [4;36;1mAccountSettings Load (0.3ms)[0m   [0;1mSELECT * FROM `account_settings` WHERE (`account_settings`.account_id = 2) [0m
  [4;35;1mAccountSettings Columns (0.8ms)[0m   [0mSHOW FIELDS FROM `account_settings`[0m
  [4;36;1mSQL (0.2ms)[0m   [0;1mSAVEPOINT active_record_1[0m
  [4;35;1mAccountSettings Load (0.3ms)[0m   [0mSELECT `account_settings`.id FROM `account_settings` WHERE (`account_settings`.`name` = BINARY 'foo' AND `account_settings`.`account_id` = 2) LIMIT 1[0m
  [4;36;1mAccount Update (0.3ms)[0m   [0;1mUPDATE `accounts` SET `updated_at` = '2011-01-10 14:07:07' WHERE `id` = 2[0m
  [4;35;1mAccountSettings Create (0.2ms)[0m   [0mINSERT INTO `account_settings` (`name`, `created_at`, `updated_at`, `account_id`, `value`) VALUES('foo', '2011-01-10 14:07:07', '2011-01-10 14:07:07', 2, '1')[0m
  [4;36;1mAccountSettings Load (0.2ms)[0m   [0;1mSELECT * FROM `account_settings` WHERE (`account_settings`.account_id = 2) [0m
  [4;35;1mSQL (0.1ms)[0m   [0mRELEASE SAVEPOINT active_record_1[0m
  [4;36;1mSQL (0.0ms)[0m   [0;1mSAVEPOINT active_record_1[0m
  [4;35;1mAccount Load (0.1ms)[0m   [0mSELECT * FROM `accounts` WHERE (`accounts`.`id` = 2) [0m
  [4;36;1mAccountSettings Load (0.2ms)[0m   [0;1mSELECT `account_settings`.id FROM `account_settings` WHERE (`account_settings`.`name` = BINARY 'foo' AND `account_settings`.`account_id` = 2 AND `account_settings`.id <> 4) LIMIT 1[0m
  [4;35;1mAccountSettings Update (0.2ms)[0m   [0mUPDATE `account_settings` SET `updated_at` = '2011-01-10 14:07:07', `value` = '2' WHERE `id` = 4[0m
  [4;36;1mSQL (0.1ms)[0m   [0;1mRELEASE SAVEPOINT active_record_1[0m
  [4;35;1mSQL (0.4ms)[0m   [0mROLLBACK[0m
  [4;36;1mSQL (0.1ms)[0m   [0;1mBEGIN[0m
  [4;35;1mSQL (0.1ms)[0m   [0mSAVEPOINT active_record_1[0m
  [4;36;1mAccount Create (0.3ms)[0m   [0;1mINSERT INTO `accounts` (`name`, `created_at`, `updated_at`) VALUES('Name', '2011-01-10 14:07:07', '2011-01-10 14:07:07')[0m
  [4;35;1mSQL (0.2ms)[0m   [0mRELEASE SAVEPOINT active_record_1[0m
  [4;36;1mAccountSettings Load (0.2ms)[0m   [0;1mSELECT * FROM `account_settings` WHERE (`account_settings`.account_id = 3) [0m
  [4;35;1mSQL (0.1ms)[0m   [0mSAVEPOINT active_record_1[0m
  [4;36;1mAccountSettings Load (0.2ms)[0m   [0;1mSELECT `account_settings`.id FROM `account_settings` WHERE (`account_settings`.`name` = BINARY 'foo' AND `account_settings`.`account_id` = 3) LIMIT 1[0m
  [4;35;1mAccount Update (0.3ms)[0m   [0mUPDATE `accounts` SET `updated_at` = '2011-01-10 14:07:07' WHERE `id` = 3[0m
  [4;36;1mAccountSettings Create (0.2ms)[0m   [0;1mINSERT INTO `account_settings` (`name`, `created_at`, `updated_at`, `account_id`, `value`) VALUES('foo', '2011-01-10 14:07:07', '2011-01-10 14:07:07', 3, '1')[0m
  [4;35;1mAccountSettings Load (0.2ms)[0m   [0mSELECT * FROM `account_settings` WHERE (`account_settings`.account_id = 3) [0m
  [4;36;1mSQL (0.2ms)[0m   [0;1mRELEASE SAVEPOINT active_record_1[0m
  [4;35;1mSQL (0.2ms)[0m   [0mSAVEPOINT active_record_1[0m
  [4;36;1mAccount Load (0.1ms)[0m   [0;1mSELECT * FROM `accounts` WHERE (`accounts`.`id` = 3) [0m
  [4;35;1mAccount Update (0.1ms)[0m   [0mUPDATE `accounts` SET `updated_at` = '2011-01-10 14:07:07' WHERE `id` = 3[0m
  [4;36;1mAccountSettings Destroy (0.1ms)[0m   [0;1mDELETE FROM `account_settings` WHERE `id` = 5[0m
  [4;35;1mAccountSettings Load (0.2ms)[0m   [0mSELECT * FROM `account_settings` WHERE (`account_settings`.account_id = 3) [0m
  [4;36;1mSQL (0.1ms)[0m   [0;1mRELEASE SAVEPOINT active_record_1[0m
  [4;35;1mAccountSettings Load (0.2ms)[0m   [0mSELECT * FROM `account_settings` WHERE (`account_settings`.account_id = 3) [0m
  [4;36;1mSQL (0.6ms)[0m   [0;1mROLLBACK[0m
  [4;35;1mSQL (0.1ms)[0m   [0mBEGIN[0m
  [4;36;1mSQL (0.1ms)[0m   [0;1mSAVEPOINT active_record_1[0m
  [4;35;1mAccount Create (0.2ms)[0m   [0mINSERT INTO `accounts` (`name`, `created_at`, `updated_at`) VALUES('Name', '2011-01-10 14:07:07', '2011-01-10 14:07:07')[0m
  [4;36;1mSQL (0.0ms)[0m   [0;1mRELEASE SAVEPOINT active_record_1[0m
  [4;35;1mSQL (0.2ms)[0m   [0mSELECT count(*) AS count_all FROM `account_settings` WHERE (`account_settings`.account_id = 4) [0m
  [4;36;1mSQL (0.3ms)[0m   [0;1mROLLBACK[0m
  [4;35;1mSQL (0.1ms)[0m   [0mBEGIN[0m
  [4;36;1mSQL (0.0ms)[0m   [0;1mSAVEPOINT active_record_1[0m
  [4;35;1mAccount Create (0.1ms)[0m   [0mINSERT INTO `accounts` (`name`, `created_at`, `updated_at`) VALUES('Name', '2011-01-10 14:07:07', '2011-01-10 14:07:07')[0m
  [4;36;1mSQL (0.0ms)[0m   [0;1mRELEASE SAVEPOINT active_record_1[0m
  [4;35;1mAccountSettings Load (0.1ms)[0m   [0mSELECT * FROM `account_settings` WHERE (`account_settings`.account_id = 5) [0m
  [4;36;1mSQL (0.4ms)[0m   [0;1mROLLBACK[0m
  [4;35;1mSQL (0.0ms)[0m   [0mBEGIN[0m
  [4;36;1mSQL (0.0ms)[0m   [0;1mSAVEPOINT active_record_1[0m
  [4;35;1mAccount Create (0.2ms)[0m   [0mINSERT INTO `accounts` (`name`, `created_at`, `updated_at`) VALUES('Name', '2011-01-10 14:07:07', '2011-01-10 14:07:07')[0m
  [4;36;1mSQL (0.1ms)[0m   [0;1mRELEASE SAVEPOINT active_record_1[0m
  [4;35;1mSQL (0.3ms)[0m   [0mROLLBACK[0m
  [4;36;1mSQL (0.0ms)[0m   [0;1mBEGIN[0m
  [4;35;1mSQL (0.0ms)[0m   [0mSAVEPOINT active_record_1[0m
  [4;36;1mAccount Create (0.1ms)[0m   [0;1mINSERT INTO `accounts` (`name`, `created_at`, `updated_at`) VALUES('Name', '2011-01-10 14:07:07', '2011-01-10 14:07:07')[0m
  [4;35;1mSQL (0.0ms)[0m   [0mRELEASE SAVEPOINT active_record_1[0m
  [4;36;1mSQL (0.3ms)[0m   [0;1mROLLBACK[0m
  [4;35;1mSQL (0.1ms)[0m   [0mBEGIN[0m
  [4;36;1mSQL (0.1ms)[0m   [0;1mSAVEPOINT active_record_1[0m
  [4;35;1mAccount Create (0.1ms)[0m   [0mINSERT INTO `accounts` (`name`, `created_at`, `updated_at`) VALUES('Name', '2011-01-10 14:07:07', '2011-01-10 14:07:07')[0m
  [4;36;1mSQL (0.2ms)[0m   [0;1mRELEASE SAVEPOINT active_record_1[0m
  [4;35;1mSQL (0.4ms)[0m   [0mROLLBACK[0m
  [4;36;1mSQL (0.1ms)[0m   [0;1mSET NAMES 'utf8'[0m
  [4;35;1mSQL (0.1ms)[0m   [0mSET SQL_AUTO_IS_NULL=0[0m
  [4;36;1mSQL (0.3ms)[0m   [0;1mSHOW TABLES[0m
  [4;35;1mSQL (2.2ms)[0m   [0mDROP TABLE `account_settings`[0m
  [4;36;1mSQL (190.5ms)[0m   [0;1mCREATE TABLE `account_settings` (`id` int(11) DEFAULT NULL auto_increment PRIMARY KEY, `account_id` int(11), `name` varchar(255), `value` varchar(255), `created_at` datetime, `updated_at` datetime) ENGINE=InnoDB[0m
  [4;35;1mSQL (0.4ms)[0m   [0mSHOW TABLES[0m
  [4;36;1mSQL (1.5ms)[0m   [0;1mDROP TABLE `accounts`[0m
  [4;35;1mSQL (20.0ms)[0m   [0mCREATE TABLE `accounts` (`id` int(11) DEFAULT NULL auto_increment PRIMARY KEY, `name` varchar(255), `created_at` datetime, `updated_at` datetime) ENGINE=InnoDB[0m
  [4;36;1mSQL (0.4ms)[0m   [0;1mSHOW TABLES[0m
  [4;35;1mSQL (0.2ms)[0m   [0mSELECT version FROM `schema_migrations`[0m
  [4;36;1mSQL (0.4ms)[0m   [0;1mSHOW TABLES[0m
  [4;35;1mAccount Columns (1.1ms)[0m   [0mSHOW FIELDS FROM `accounts`[0m
Unable to load account, underlying cause no such file to load -- account.rb 

 /Users/morten/.rvm/gems/ree-1.8.7-2010.02/gems/activesupport-2.3.10/lib/active_support/dependencies.rb:406:in `load_without_new_constant_marking'
/Users/morten/.rvm/gems/ree-1.8.7-2010.02/gems/activesupport-2.3.10/lib/active_support/dependencies.rb:406:in `load_file'
/Users/morten/.rvm/gems/ree-1.8.7-2010.02/gems/activesupport-2.3.10/lib/active_support/dependencies.rb:547:in `new_constants_in'
/Users/morten/.rvm/gems/ree-1.8.7-2010.02/gems/activesupport-2.3.10/lib/active_support/dependencies.rb:405:in `load_file'
/Users/morten/.rvm/gems/ree-1.8.7-2010.02/gems/activesupport-2.3.10/lib/active_support/dependencies.rb:285:in `require_or_load'
/Users/morten/.rvm/gems/ree-1.8.7-2010.02/gems/activesupport-2.3.10/lib/active_support/dependencies.rb:250:in `depend_on'
/Users/morten/.rvm/gems/ree-1.8.7-2010.02/gems/activesupport-2.3.10/lib/active_support/dependencies.rb:162:in `require_dependency'
/Users/morten/.rvm/gems/ree-1.8.7-2010.02/gems/activerecord-2.3.10/lib/active_record/fixtures.rb:853:in `try_to_load_dependency'
/Users/morten/.rvm/gems/ree-1.8.7-2010.02/gems/activerecord-2.3.10/lib/active_record/fixtures.rb:868:in `require_fixture_classes'
/Users/morten/.rvm/gems/ree-1.8.7-2010.02/gems/activerecord-2.3.10/lib/active_record/fixtures.rb:865:in `each'
/Users/morten/.rvm/gems/ree-1.8.7-2010.02/gems/activerecord-2.3.10/lib/active_record/fixtures.rb:865:in `require_fixture_classes'
/Users/morten/.rvm/gems/ree-1.8.7-2010.02/gems/activerecord-2.3.10/lib/active_record/fixtures.rb:848:in `fixtures'
/Users/morten/.rvm/gems/ree-1.8.7-2010.02/gems/shoulda-2.11.3/lib/shoulda/context.rb:429:in `send'
/Users/morten/.rvm/gems/ree-1.8.7-2010.02/gems/shoulda-2.11.3/lib/shoulda/context.rb:429:in `method_missing'
./test/test_property_sets.rb:15:in `__bind_1294697270_666492'
/Users/morten/.rvm/gems/ree-1.8.7-2010.02/gems/shoulda-2.11.3/lib/shoulda/context.rb:306:in `call'
/Users/morten/.rvm/gems/ree-1.8.7-2010.02/gems/shoulda-2.11.3/lib/shoulda/context.rb:306:in `merge_block'
/Users/morten/.rvm/gems/ree-1.8.7-2010.02/gems/shoulda-2.11.3/lib/shoulda/context.rb:301:in `initialize'
/Users/morten/.rvm/gems/ree-1.8.7-2010.02/gems/shoulda-2.11.3/lib/shoulda/context.rb:199:in `new'
/Users/morten/.rvm/gems/ree-1.8.7-2010.02/gems/shoulda-2.11.3/lib/shoulda/context.rb:199:in `context'
./test/test_property_sets.rb:14
/Users/morten/.rvm/gems/ree-1.8.7-2010.02/gems/rake-0.8.7/lib/rake/rake_test_loader.rb:5:in `load'
/Users/morten/.rvm/gems/ree-1.8.7-2010.02/gems/rake-0.8.7/lib/rake/rake_test_loader.rb:5
/Users/morten/.rvm/gems/ree-1.8.7-2010.02/gems/rake-0.8.7/lib/rake/rake_test_loader.rb:5:in `each'
/Users/morten/.rvm/gems/ree-1.8.7-2010.02/gems/rake-0.8.7/lib/rake/rake_test_loader.rb:5
Unable to load account_setting, underlying cause no such file to load -- account_setting.rb 

 /Users/morten/.rvm/gems/ree-1.8.7-2010.02/gems/activesupport-2.3.10/lib/active_support/dependencies.rb:406:in `load_without_new_constant_marking'
/Users/morten/.rvm/gems/ree-1.8.7-2010.02/gems/activesupport-2.3.10/lib/active_support/dependencies.rb:406:in `load_file'
/Users/morten/.rvm/gems/ree-1.8.7-2010.02/gems/activesupport-2.3.10/lib/active_support/dependencies.rb:547:in `new_constants_in'
/Users/morten/.rvm/gems/ree-1.8.7-2010.02/gems/activesupport-2.3.10/lib/active_support/dependencies.rb:405:in `load_file'
/Users/morten/.rvm/gems/ree-1.8.7-2010.02/gems/activesupport-2.3.10/lib/active_support/dependencies.rb:285:in `require_or_load'
/Users/morten/.rvm/gems/ree-1.8.7-2010.02/gems/activesupport-2.3.10/lib/active_support/dependencies.rb:250:in `depend_on'
/Users/morten/.rvm/gems/ree-1.8.7-2010.02/gems/activesupport-2.3.10/lib/active_support/dependencies.rb:162:in `require_dependency'
/Users/morten/.rvm/gems/ree-1.8.7-2010.02/gems/activerecord-2.3.10/lib/active_record/fixtures.rb:853:in `try_to_load_dependency'
/Users/morten/.rvm/gems/ree-1.8.7-2010.02/gems/activerecord-2.3.10/lib/active_record/fixtures.rb:868:in `require_fixture_classes'
/Users/morten/.rvm/gems/ree-1.8.7-2010.02/gems/activerecord-2.3.10/lib/active_record/fixtures.rb:865:in `each'
/Users/morten/.rvm/gems/ree-1.8.7-2010.02/gems/activerecord-2.3.10/lib/active_record/fixtures.rb:865:in `require_fixture_classes'
/Users/morten/.rvm/gems/ree-1.8.7-2010.02/gems/activerecord-2.3.10/lib/active_record/fixtures.rb:848:in `fixtures'
/Users/morten/.rvm/gems/ree-1.8.7-2010.02/gems/shoulda-2.11.3/lib/shoulda/context.rb:429:in `send'
/Users/morten/.rvm/gems/ree-1.8.7-2010.02/gems/shoulda-2.11.3/lib/shoulda/context.rb:429:in `method_missing'
./test/test_property_sets.rb:15:in `__bind_1294697270_666492'
/Users/morten/.rvm/gems/ree-1.8.7-2010.02/gems/shoulda-2.11.3/lib/shoulda/context.rb:306:in `call'
/Users/morten/.rvm/gems/ree-1.8.7-2010.02/gems/shoulda-2.11.3/lib/shoulda/context.rb:306:in `merge_block'
/Users/morten/.rvm/gems/ree-1.8.7-2010.02/gems/shoulda-2.11.3/lib/shoulda/context.rb:301:in `initialize'
/Users/morten/.rvm/gems/ree-1.8.7-2010.02/gems/shoulda-2.11.3/lib/shoulda/context.rb:199:in `new'
/Users/morten/.rvm/gems/ree-1.8.7-2010.02/gems/shoulda-2.11.3/lib/shoulda/context.rb:199:in `context'
./test/test_property_sets.rb:14
/Users/morten/.rvm/gems/ree-1.8.7-2010.02/gems/rake-0.8.7/lib/rake/rake_test_loader.rb:5:in `load'
/Users/morten/.rvm/gems/ree-1.8.7-2010.02/gems/rake-0.8.7/lib/rake/rake_test_loader.rb:5
/Users/morten/.rvm/gems/ree-1.8.7-2010.02/gems/rake-0.8.7/lib/rake/rake_test_loader.rb:5:in `each'
/Users/morten/.rvm/gems/ree-1.8.7-2010.02/gems/rake-0.8.7/lib/rake/rake_test_loader.rb:5
  [4;36;1mSQL (0.0ms)[0m   [0;1mBEGIN[0m
  [4;35;1mSQL (0.2ms)[0m   [0mSAVEPOINT active_record_1[0m
  [4;36;1mAccount Create (0.2ms)[0m   [0;1mINSERT INTO `accounts` (`name`, `created_at`, `updated_at`) VALUES('Name', '2011-01-10 14:07:50', '2011-01-10 14:07:50')[0m
  [4;35;1mSQL (0.2ms)[0m   [0mRELEASE SAVEPOINT active_record_1[0m
  [4;36;1mAccountSettings Load (0.3ms)[0m   [0;1mSELECT * FROM `account_settings` WHERE (`account_settings`.account_id = 2) [0m
  [4;35;1mAccountSettings Columns (0.9ms)[0m   [0mSHOW FIELDS FROM `account_settings`[0m
  [4;36;1mSQL (0.2ms)[0m   [0;1mSAVEPOINT active_record_1[0m
  [4;35;1mAccountSettings Load (0.3ms)[0m   [0mSELECT `account_settings`.id FROM `account_settings` WHERE (`account_settings`.`name` = BINARY 'foo' AND `account_settings`.`account_id` = 2) LIMIT 1[0m
  [4;36;1mAccount Update (0.3ms)[0m   [0;1mUPDATE `accounts` SET `updated_at` = '2011-01-10 14:07:50' WHERE `id` = 2[0m
  [4;35;1mAccountSettings Create (0.2ms)[0m   [0mINSERT INTO `account_settings` (`name`, `created_at`, `updated_at`, `account_id`, `value`) VALUES('foo', '2011-01-10 14:07:50', '2011-01-10 14:07:50', 2, '1')[0m
  [4;36;1mAccountSettings Load (0.2ms)[0m   [0;1mSELECT * FROM `account_settings` WHERE (`account_settings`.account_id = 2) [0m
  [4;35;1mSQL (0.2ms)[0m   [0mRELEASE SAVEPOINT active_record_1[0m
  [4;36;1mSQL (0.2ms)[0m   [0;1mSAVEPOINT active_record_1[0m
  [4;35;1mAccount Load (0.2ms)[0m   [0mSELECT * FROM `accounts` WHERE (`accounts`.`id` = 2) [0m
  [4;36;1mAccountSettings Load (0.3ms)[0m   [0;1mSELECT `account_settings`.id FROM `account_settings` WHERE (`account_settings`.`name` = BINARY 'foo' AND `account_settings`.`account_id` = 2 AND `account_settings`.id <> 4) LIMIT 1[0m
  [4;35;1mAccountSettings Update (0.3ms)[0m   [0mUPDATE `account_settings` SET `updated_at` = '2011-01-10 14:07:50', `value` = '2' WHERE `id` = 4[0m
  [4;36;1mSQL (0.1ms)[0m   [0;1mRELEASE SAVEPOINT active_record_1[0m
  [4;35;1mSQL (0.4ms)[0m   [0mROLLBACK[0m
  [4;36;1mSQL (0.0ms)[0m   [0;1mBEGIN[0m
  [4;35;1mSQL (0.0ms)[0m   [0mSAVEPOINT active_record_1[0m
  [4;36;1mAccount Create (0.2ms)[0m   [0;1mINSERT INTO `accounts` (`name`, `created_at`, `updated_at`) VALUES('Name', '2011-01-10 14:07:50', '2011-01-10 14:07:50')[0m
  [4;35;1mSQL (0.0ms)[0m   [0mRELEASE SAVEPOINT active_record_1[0m
  [4;36;1mAccountSettings Load (0.1ms)[0m   [0;1mSELECT * FROM `account_settings` WHERE (`account_settings`.account_id = 3) [0m
  [4;35;1mSQL (0.1ms)[0m   [0mSAVEPOINT active_record_1[0m
  [4;36;1mAccountSettings Load (0.2ms)[0m   [0;1mSELECT `account_settings`.id FROM `account_settings` WHERE (`account_settings`.`name` = BINARY 'foo' AND `account_settings`.`account_id` = 3) LIMIT 1[0m
  [4;35;1mAccount Update (0.3ms)[0m   [0mUPDATE `accounts` SET `updated_at` = '2011-01-10 14:07:50' WHERE `id` = 3[0m
  [4;36;1mAccountSettings Create (0.2ms)[0m   [0;1mINSERT INTO `account_settings` (`name`, `created_at`, `updated_at`, `account_id`, `value`) VALUES('foo', '2011-01-10 14:07:50', '2011-01-10 14:07:50', 3, '1')[0m
  [4;35;1mAccountSettings Load (0.2ms)[0m   [0mSELECT * FROM `account_settings` WHERE (`account_settings`.account_id = 3) [0m
  [4;36;1mSQL (0.2ms)[0m   [0;1mRELEASE SAVEPOINT active_record_1[0m
  [4;35;1mSQL (0.2ms)[0m   [0mSAVEPOINT active_record_1[0m
  [4;36;1mAccount Load (0.1ms)[0m   [0;1mSELECT * FROM `accounts` WHERE (`accounts`.`id` = 3) [0m
  [4;35;1mAccount Update (0.2ms)[0m   [0mUPDATE `accounts` SET `updated_at` = '2011-01-10 14:07:50' WHERE `id` = 3[0m
  [4;36;1mAccountSettings Destroy (0.2ms)[0m   [0;1mDELETE FROM `account_settings` WHERE `id` = 5[0m
  [4;35;1mAccountSettings Load (0.3ms)[0m   [0mSELECT * FROM `account_settings` WHERE (`account_settings`.account_id = 3) [0m
  [4;36;1mSQL (0.1ms)[0m   [0;1mRELEASE SAVEPOINT active_record_1[0m
  [4;35;1mAccountSettings Load (0.2ms)[0m   [0mSELECT * FROM `account_settings` WHERE (`account_settings`.account_id = 3) [0m
  [4;36;1mSQL (0.5ms)[0m   [0;1mROLLBACK[0m
  [4;35;1mSQL (0.0ms)[0m   [0mBEGIN[0m
  [4;36;1mSQL (0.0ms)[0m   [0;1mSAVEPOINT active_record_1[0m
  [4;35;1mAccount Create (0.2ms)[0m   [0mINSERT INTO `accounts` (`name`, `created_at`, `updated_at`) VALUES('Name', '2011-01-10 14:07:50', '2011-01-10 14:07:50')[0m
  [4;36;1mSQL (0.1ms)[0m   [0;1mRELEASE SAVEPOINT active_record_1[0m
  [4;35;1mSQL (0.1ms)[0m   [0mSELECT count(*) AS count_all FROM `account_settings` WHERE (`account_settings`.account_id = 4) [0m
  [4;36;1mSQL (0.3ms)[0m   [0;1mROLLBACK[0m
  [4;35;1mSQL (0.0ms)[0m   [0mBEGIN[0m
  [4;36;1mSQL (0.0ms)[0m   [0;1mSAVEPOINT active_record_1[0m
  [4;35;1mAccount Create (0.1ms)[0m   [0mINSERT INTO `accounts` (`name`, `created_at`, `updated_at`) VALUES('Name', '2011-01-10 14:07:50', '2011-01-10 14:07:50')[0m
  [4;36;1mSQL (0.1ms)[0m   [0;1mRELEASE SAVEPOINT active_record_1[0m
  [4;35;1mAccountSettings Load (0.1ms)[0m   [0mSELECT * FROM `account_settings` WHERE (`account_settings`.account_id = 5) [0m
  [4;36;1mSQL (0.6ms)[0m   [0;1mROLLBACK[0m
  [4;35;1mSQL (0.0ms)[0m   [0mBEGIN[0m
  [4;36;1mSQL (0.0ms)[0m   [0;1mSAVEPOINT active_record_1[0m
  [4;35;1mAccount Create (0.2ms)[0m   [0mINSERT INTO `accounts` (`name`, `created_at`, `updated_at`) VALUES('Name', '2011-01-10 14:07:50', '2011-01-10 14:07:50')[0m
  [4;36;1mSQL (0.2ms)[0m   [0;1mRELEASE SAVEPOINT active_record_1[0m
  [4;35;1mSQL (0.5ms)[0m   [0mROLLBACK[0m
  [4;36;1mSQL (0.0ms)[0m   [0;1mBEGIN[0m
  [4;35;1mSQL (0.1ms)[0m   [0mSAVEPOINT active_record_1[0m
  [4;36;1mAccount Create (0.2ms)[0m   [0;1mINSERT INTO `accounts` (`name`, `created_at`, `updated_at`) VALUES('Name', '2011-01-10 14:07:50', '2011-01-10 14:07:50')[0m
  [4;35;1mSQL (0.1ms)[0m   [0mRELEASE SAVEPOINT active_record_1[0m
  [4;36;1mSQL (0.3ms)[0m   [0;1mROLLBACK[0m
  [4;35;1mSQL (0.1ms)[0m   [0mBEGIN[0m
  [4;36;1mSQL (0.2ms)[0m   [0;1mSAVEPOINT active_record_1[0m
  [4;35;1mAccount Create (0.5ms)[0m   [0mINSERT INTO `accounts` (`name`, `created_at`, `updated_at`) VALUES('Name', '2011-01-10 14:07:50', '2011-01-10 14:07:50')[0m
  [4;36;1mSQL (0.2ms)[0m   [0;1mRELEASE SAVEPOINT active_record_1[0m
  [4;35;1mSQL (0.5ms)[0m   [0mROLLBACK[0m
  [4;36;1mSQL (0.2ms)[0m   [0;1mSET NAMES 'utf8'[0m
  [4;35;1mSQL (0.2ms)[0m   [0mSET SQL_AUTO_IS_NULL=0[0m
  [4;36;1mSQL (0.3ms)[0m   [0;1mSHOW TABLES[0m
  [4;35;1mSQL (2.2ms)[0m   [0mDROP TABLE `account_settings`[0m
  [4;36;1mSQL (10.8ms)[0m   [0;1mCREATE TABLE `account_settings` (`id` int(11) DEFAULT NULL auto_increment PRIMARY KEY, `account_id` int(11), `name` varchar(255), `value` varchar(255), `created_at` datetime, `updated_at` datetime) ENGINE=InnoDB[0m
  [4;35;1mSQL (0.5ms)[0m   [0mSHOW TABLES[0m
  [4;36;1mSQL (1.2ms)[0m   [0;1mDROP TABLE `accounts`[0m
  [4;35;1mSQL (10.8ms)[0m   [0mCREATE TABLE `accounts` (`id` int(11) DEFAULT NULL auto_increment PRIMARY KEY, `name` varchar(255), `created_at` datetime, `updated_at` datetime) ENGINE=InnoDB[0m
  [4;36;1mSQL (0.3ms)[0m   [0;1mSHOW TABLES[0m
  [4;35;1mSQL (0.2ms)[0m   [0mSELECT version FROM `schema_migrations`[0m
  [4;36;1mSQL (0.3ms)[0m   [0;1mSHOW TABLES[0m
  [4;35;1mAccount Columns (1.0ms)[0m   [0mSHOW FIELDS FROM `accounts`[0m
Unable to load account, underlying cause no such file to load -- account.rb 

 /Users/morten/.rvm/gems/ree-1.8.7-2010.02/gems/activesupport-2.3.10/lib/active_support/dependencies.rb:406:in `load_without_new_constant_marking'
/Users/morten/.rvm/gems/ree-1.8.7-2010.02/gems/activesupport-2.3.10/lib/active_support/dependencies.rb:406:in `load_file'
/Users/morten/.rvm/gems/ree-1.8.7-2010.02/gems/activesupport-2.3.10/lib/active_support/dependencies.rb:547:in `new_constants_in'
/Users/morten/.rvm/gems/ree-1.8.7-2010.02/gems/activesupport-2.3.10/lib/active_support/dependencies.rb:405:in `load_file'
/Users/morten/.rvm/gems/ree-1.8.7-2010.02/gems/activesupport-2.3.10/lib/active_support/dependencies.rb:285:in `require_or_load'
/Users/morten/.rvm/gems/ree-1.8.7-2010.02/gems/activesupport-2.3.10/lib/active_support/dependencies.rb:250:in `depend_on'
/Users/morten/.rvm/gems/ree-1.8.7-2010.02/gems/activesupport-2.3.10/lib/active_support/dependencies.rb:162:in `require_dependency'
/Users/morten/.rvm/gems/ree-1.8.7-2010.02/gems/activerecord-2.3.10/lib/active_record/fixtures.rb:853:in `try_to_load_dependency'
/Users/morten/.rvm/gems/ree-1.8.7-2010.02/gems/activerecord-2.3.10/lib/active_record/fixtures.rb:868:in `require_fixture_classes'
/Users/morten/.rvm/gems/ree-1.8.7-2010.02/gems/activerecord-2.3.10/lib/active_record/fixtures.rb:865:in `each'
/Users/morten/.rvm/gems/ree-1.8.7-2010.02/gems/activerecord-2.3.10/lib/active_record/fixtures.rb:865:in `require_fixture_classes'
/Users/morten/.rvm/gems/ree-1.8.7-2010.02/gems/activerecord-2.3.10/lib/active_record/fixtures.rb:848:in `fixtures'
/Users/morten/.rvm/gems/ree-1.8.7-2010.02/gems/shoulda-2.11.3/lib/shoulda/context.rb:429:in `send'
/Users/morten/.rvm/gems/ree-1.8.7-2010.02/gems/shoulda-2.11.3/lib/shoulda/context.rb:429:in `method_missing'
./test/test_property_sets.rb:15:in `__bind_1294697324_168497'
/Users/morten/.rvm/gems/ree-1.8.7-2010.02/gems/shoulda-2.11.3/lib/shoulda/context.rb:306:in `call'
/Users/morten/.rvm/gems/ree-1.8.7-2010.02/gems/shoulda-2.11.3/lib/shoulda/context.rb:306:in `merge_block'
/Users/morten/.rvm/gems/ree-1.8.7-2010.02/gems/shoulda-2.11.3/lib/shoulda/context.rb:301:in `initialize'
/Users/morten/.rvm/gems/ree-1.8.7-2010.02/gems/shoulda-2.11.3/lib/shoulda/context.rb:199:in `new'
/Users/morten/.rvm/gems/ree-1.8.7-2010.02/gems/shoulda-2.11.3/lib/shoulda/context.rb:199:in `context'
./test/test_property_sets.rb:14
/Users/morten/.rvm/gems/ree-1.8.7-2010.02/gems/rake-0.8.7/lib/rake/rake_test_loader.rb:5:in `load'
/Users/morten/.rvm/gems/ree-1.8.7-2010.02/gems/rake-0.8.7/lib/rake/rake_test_loader.rb:5
/Users/morten/.rvm/gems/ree-1.8.7-2010.02/gems/rake-0.8.7/lib/rake/rake_test_loader.rb:5:in `each'
/Users/morten/.rvm/gems/ree-1.8.7-2010.02/gems/rake-0.8.7/lib/rake/rake_test_loader.rb:5
Unable to load account_setting, underlying cause no such file to load -- account_setting.rb 

 /Users/morten/.rvm/gems/ree-1.8.7-2010.02/gems/activesupport-2.3.10/lib/active_support/dependencies.rb:406:in `load_without_new_constant_marking'
/Users/morten/.rvm/gems/ree-1.8.7-2010.02/gems/activesupport-2.3.10/lib/active_support/dependencies.rb:406:in `load_file'
/Users/morten/.rvm/gems/ree-1.8.7-2010.02/gems/activesupport-2.3.10/lib/active_support/dependencies.rb:547:in `new_constants_in'
/Users/morten/.rvm/gems/ree-1.8.7-2010.02/gems/activesupport-2.3.10/lib/active_support/dependencies.rb:405:in `load_file'
/Users/morten/.rvm/gems/ree-1.8.7-2010.02/gems/activesupport-2.3.10/lib/active_support/dependencies.rb:285:in `require_or_load'
/Users/morten/.rvm/gems/ree-1.8.7-2010.02/gems/activesupport-2.3.10/lib/active_support/dependencies.rb:250:in `depend_on'
/Users/morten/.rvm/gems/ree-1.8.7-2010.02/gems/activesupport-2.3.10/lib/active_support/dependencies.rb:162:in `require_dependency'
/Users/morten/.rvm/gems/ree-1.8.7-2010.02/gems/activerecord-2.3.10/lib/active_record/fixtures.rb:853:in `try_to_load_dependency'
/Users/morten/.rvm/gems/ree-1.8.7-2010.02/gems/activerecord-2.3.10/lib/active_record/fixtures.rb:868:in `require_fixture_classes'
/Users/morten/.rvm/gems/ree-1.8.7-2010.02/gems/activerecord-2.3.10/lib/active_record/fixtures.rb:865:in `each'
/Users/morten/.rvm/gems/ree-1.8.7-2010.02/gems/activerecord-2.3.10/lib/active_record/fixtures.rb:865:in `require_fixture_classes'
/Users/morten/.rvm/gems/ree-1.8.7-2010.02/gems/activerecord-2.3.10/lib/active_record/fixtures.rb:848:in `fixtures'
/Users/morten/.rvm/gems/ree-1.8.7-2010.02/gems/shoulda-2.11.3/lib/shoulda/context.rb:429:in `send'
/Users/morten/.rvm/gems/ree-1.8.7-2010.02/gems/shoulda-2.11.3/lib/shoulda/context.rb:429:in `method_missing'
./test/test_property_sets.rb:15:in `__bind_1294697324_168497'
/Users/morten/.rvm/gems/ree-1.8.7-2010.02/gems/shoulda-2.11.3/lib/shoulda/context.rb:306:in `call'
/Users/morten/.rvm/gems/ree-1.8.7-2010.02/gems/shoulda-2.11.3/lib/shoulda/context.rb:306:in `merge_block'
/Users/morten/.rvm/gems/ree-1.8.7-2010.02/gems/shoulda-2.11.3/lib/shoulda/context.rb:301:in `initialize'
/Users/morten/.rvm/gems/ree-1.8.7-2010.02/gems/shoulda-2.11.3/lib/shoulda/context.rb:199:in `new'
/Users/morten/.rvm/gems/ree-1.8.7-2010.02/gems/shoulda-2.11.3/lib/shoulda/context.rb:199:in `context'
./test/test_property_sets.rb:14
/Users/morten/.rvm/gems/ree-1.8.7-2010.02/gems/rake-0.8.7/lib/rake/rake_test_loader.rb:5:in `load'
/Users/morten/.rvm/gems/ree-1.8.7-2010.02/gems/rake-0.8.7/lib/rake/rake_test_loader.rb:5
/Users/morten/.rvm/gems/ree-1.8.7-2010.02/gems/rake-0.8.7/lib/rake/rake_test_loader.rb:5:in `each'
/Users/morten/.rvm/gems/ree-1.8.7-2010.02/gems/rake-0.8.7/lib/rake/rake_test_loader.rb:5
  [4;36;1mSQL (0.1ms)[0m   [0;1mBEGIN[0m
  [4;35;1mSQL (0.2ms)[0m   [0mSAVEPOINT active_record_1[0m
  [4;36;1mAccount Create (0.3ms)[0m   [0;1mINSERT INTO `accounts` (`name`, `created_at`, `updated_at`) VALUES('Name', '2011-01-10 14:08:44', '2011-01-10 14:08:44')[0m
  [4;35;1mSQL (0.2ms)[0m   [0mRELEASE SAVEPOINT active_record_1[0m
  [4;36;1mAccountSetting Load (0.3ms)[0m   [0;1mSELECT * FROM `account_settings` WHERE (`account_settings`.account_id = 2) [0m
  [4;35;1mSQL (0.2ms)[0m   [0mSAVEPOINT active_record_1[0m
  [4;36;1mAccountSetting Load (0.4ms)[0m   [0;1mSELECT `account_settings`.id FROM `account_settings` WHERE (`account_settings`.`name` = BINARY 'foo' AND `account_settings`.`account_id` = 2) LIMIT 1[0m
  [4;35;1mAccount Update (0.4ms)[0m   [0mUPDATE `accounts` SET `updated_at` = '2011-01-10 14:08:44' WHERE `id` = 2[0m
  [4;36;1mAccountSetting Create (0.3ms)[0m   [0;1mINSERT INTO `account_settings` (`name`, `created_at`, `updated_at`, `account_id`, `value`) VALUES('foo', '2011-01-10 14:08:44', '2011-01-10 14:08:44', 2, '1')[0m
  [4;35;1mAccountSetting Load (0.4ms)[0m   [0mSELECT * FROM `account_settings` WHERE (`account_settings`.account_id = 2) [0m
  [4;36;1mSQL (0.1ms)[0m   [0;1mRELEASE SAVEPOINT active_record_1[0m
  [4;35;1mSQL (0.1ms)[0m   [0mSAVEPOINT active_record_1[0m
  [4;36;1mAccount Load (0.1ms)[0m   [0;1mSELECT * FROM `accounts` WHERE (`accounts`.`id` = 2) [0m
  [4;35;1mAccountSetting Load (0.2ms)[0m   [0mSELECT `account_settings`.id FROM `account_settings` WHERE (`account_settings`.`name` = BINARY 'foo' AND `account_settings`.`account_id` = 2 AND `account_settings`.id <> 730411615) LIMIT 1[0m
  [4;36;1mAccountSetting Update (0.2ms)[0m   [0;1mUPDATE `account_settings` SET `updated_at` = '2011-01-10 14:08:44', `value` = '2' WHERE `id` = 730411615[0m
  [4;35;1mSQL (0.2ms)[0m   [0mRELEASE SAVEPOINT active_record_1[0m
  [4;36;1mSQL (0.4ms)[0m   [0;1mROLLBACK[0m
  [4;35;1mSQL (0.1ms)[0m   [0mBEGIN[0m
  [4;36;1mSQL (0.0ms)[0m   [0;1mSAVEPOINT active_record_1[0m
  [4;35;1mAccount Create (0.2ms)[0m   [0mINSERT INTO `accounts` (`name`, `created_at`, `updated_at`) VALUES('Name', '2011-01-10 14:08:44', '2011-01-10 14:08:44')[0m
  [4;36;1mSQL (0.2ms)[0m   [0;1mRELEASE SAVEPOINT active_record_1[0m
  [4;35;1mAccountSetting Load (0.1ms)[0m   [0mSELECT * FROM `account_settings` WHERE (`account_settings`.account_id = 3) [0m
  [4;36;1mSQL (0.0ms)[0m   [0;1mSAVEPOINT active_record_1[0m
  [4;35;1mAccountSetting Load (0.2ms)[0m   [0mSELECT `account_settings`.id FROM `account_settings` WHERE (`account_settings`.`name` = BINARY 'foo' AND `account_settings`.`account_id` = 3) LIMIT 1[0m
  [4;36;1mAccount Update (0.3ms)[0m   [0;1mUPDATE `accounts` SET `updated_at` = '2011-01-10 14:08:44' WHERE `id` = 3[0m
  [4;35;1mAccountSetting Create (0.3ms)[0m   [0mINSERT INTO `account_settings` (`name`, `created_at`, `updated_at`, `account_id`, `value`) VALUES('foo', '2011-01-10 14:08:44', '2011-01-10 14:08:44', 3, '1')[0m
  [4;36;1mAccountSetting Load (0.3ms)[0m   [0;1mSELECT * FROM `account_settings` WHERE (`account_settings`.account_id = 3) [0m
  [4;35;1mSQL (0.1ms)[0m   [0mRELEASE SAVEPOINT active_record_1[0m
  [4;36;1mSQL (0.1ms)[0m   [0;1mSAVEPOINT active_record_1[0m
  [4;35;1mAccount Load (0.3ms)[0m   [0mSELECT * FROM `accounts` WHERE (`accounts`.`id` = 3) [0m
  [4;36;1mAccount Update (0.4ms)[0m   [0;1mUPDATE `accounts` SET `updated_at` = '2011-01-10 14:08:44' WHERE `id` = 3[0m
  [4;35;1mAccountSetting Destroy (0.4ms)[0m   [0mDELETE FROM `account_settings` WHERE `id` = 730411616[0m
  [4;36;1mAccountSetting Load (0.4ms)[0m   [0;1mSELECT * FROM `account_settings` WHERE (`account_settings`.account_id = 3) [0m
  [4;35;1mSQL (0.2ms)[0m   [0mRELEASE SAVEPOINT active_record_1[0m
  [4;36;1mAccountSetting Load (0.1ms)[0m   [0;1mSELECT * FROM `account_settings` WHERE (`account_settings`.account_id = 3) [0m
  [4;35;1mSQL (0.4ms)[0m   [0mROLLBACK[0m
  [4;36;1mSQL (0.0ms)[0m   [0;1mBEGIN[0m
  [4;35;1mSQL (0.0ms)[0m   [0mSAVEPOINT active_record_1[0m
  [4;36;1mAccount Create (0.2ms)[0m   [0;1mINSERT INTO `accounts` (`name`, `created_at`, `updated_at`) VALUES('Name', '2011-01-10 14:08:44', '2011-01-10 14:08:44')[0m
  [4;35;1mSQL (0.2ms)[0m   [0mRELEASE SAVEPOINT active_record_1[0m
  [4;36;1mSQL (0.3ms)[0m   [0;1mSELECT count(*) AS count_all FROM `account_settings` WHERE (`account_settings`.account_id = 4) [0m
  [4;35;1mSQL (0.5ms)[0m   [0mROLLBACK[0m
  [4;36;1mSQL (0.0ms)[0m   [0;1mBEGIN[0m
  [4;35;1mSQL (0.0ms)[0m   [0mSAVEPOINT active_record_1[0m
  [4;36;1mAccount Create (0.1ms)[0m   [0;1mINSERT INTO `accounts` (`name`, `created_at`, `updated_at`) VALUES('Name', '2011-01-10 14:08:44', '2011-01-10 14:08:44')[0m
  [4;35;1mSQL (0.1ms)[0m   [0mRELEASE SAVEPOINT active_record_1[0m
  [4;36;1mAccountSetting Load (0.1ms)[0m   [0;1mSELECT * FROM `account_settings` WHERE (`account_settings`.account_id = 5) [0m
  [4;35;1mSQL (0.4ms)[0m   [0mROLLBACK[0m
  [4;36;1mSQL (0.0ms)[0m   [0;1mBEGIN[0m
  [4;35;1mSQL (0.1ms)[0m   [0mSAVEPOINT active_record_1[0m
  [4;36;1mAccount Create (0.2ms)[0m   [0;1mINSERT INTO `accounts` (`name`, `created_at`, `updated_at`) VALUES('Name', '2011-01-10 14:08:44', '2011-01-10 14:08:44')[0m
  [4;35;1mSQL (0.2ms)[0m   [0mRELEASE SAVEPOINT active_record_1[0m
  [4;36;1mSQL (0.3ms)[0m   [0;1mROLLBACK[0m
  [4;35;1mSQL (0.1ms)[0m   [0mBEGIN[0m
  [4;36;1mSQL (0.1ms)[0m   [0;1mSAVEPOINT active_record_1[0m
  [4;35;1mAccount Create (0.1ms)[0m   [0mINSERT INTO `accounts` (`name`, `created_at`, `updated_at`) VALUES('Name', '2011-01-10 14:08:44', '2011-01-10 14:08:44')[0m
  [4;36;1mSQL (0.0ms)[0m   [0;1mRELEASE SAVEPOINT active_record_1[0m
  [4;35;1mAccountSetting Load (0.3ms)[0m   [0mSELECT `account_settings`.id FROM `account_settings` WHERE (`account_settings`.`name` = BINARY 'hello' AND `account_settings`.`account_id` = 7) LIMIT 1[0m
  [4;36;1mAccountSetting Load (0.1ms)[0m   [0;1mSELECT `account_settings`.id FROM `account_settings` WHERE (`account_settings`.`name` = BINARY 'hel_lo' AND `account_settings`.`account_id` = 7) LIMIT 1[0m
  [4;35;1mAccountSetting Load (0.2ms)[0m   [0mSELECT `account_settings`.id FROM `account_settings` WHERE (`account_settings`.`name` = BINARY 'hell0' AND `account_settings`.`account_id` = 7) LIMIT 1[0m
  [4;36;1mAccountSetting Load (0.2ms)[0m   [0;1mSELECT `account_settings`.id FROM `account_settings` WHERE (`account_settings`.`name` = BINARY '_hello' AND `account_settings`.`account_id` = 7) LIMIT 1[0m
  [4;35;1mAccountSetting Load (0.2ms)[0m   [0mSELECT `account_settings`.id FROM `account_settings` WHERE (`account_settings`.`name` = BINARY 'hello' AND `account_settings`.`account_id` = 7) LIMIT 1[0m
  [4;36;1mSQL (0.4ms)[0m   [0;1mROLLBACK[0m
  [4;35;1mSQL (0.0ms)[0m   [0mBEGIN[0m
  [4;36;1mSQL (0.0ms)[0m   [0;1mSAVEPOINT active_record_1[0m
  [4;35;1mAccount Create (0.2ms)[0m   [0mINSERT INTO `accounts` (`name`, `created_at`, `updated_at`) VALUES('Name', '2011-01-10 14:08:44', '2011-01-10 14:08:44')[0m
  [4;36;1mSQL (0.2ms)[0m   [0;1mRELEASE SAVEPOINT active_record_1[0m
  [4;35;1mSQL (0.2ms)[0m   [0mSAVEPOINT active_record_1[0m
  [4;36;1mAccountSetting Load (0.2ms)[0m   [0;1mSELECT `account_settings`.id FROM `account_settings` WHERE (`account_settings`.`name` = BINARY 'unique' AND `account_settings`.`account_id` = 8) LIMIT 1[0m
  [4;35;1mAccount Update (0.2ms)[0m   [0mUPDATE `accounts` SET `updated_at` = '2011-01-10 14:08:44' WHERE `id` = 8[0m
  [4;36;1mAccountSetting Create (0.2ms)[0m   [0;1mINSERT INTO `account_settings` (`name`, `created_at`, `updated_at`, `account_id`, `value`) VALUES('unique', '2011-01-10 14:08:44', '2011-01-10 14:08:44', 8, NULL)[0m
  [4;35;1mAccountSetting Load (0.4ms)[0m   [0mSELECT * FROM `account_settings` WHERE (`account_settings`.account_id = 8) [0m
  [4;36;1mSQL (0.2ms)[0m   [0;1mRELEASE SAVEPOINT active_record_1[0m
  [4;35;1mSQL (0.2ms)[0m   [0mSAVEPOINT active_record_1[0m
  [4;36;1mAccountSetting Load (0.2ms)[0m   [0;1mSELECT `account_settings`.id FROM `account_settings` WHERE (`account_settings`.`name` = BINARY 'unique' AND `account_settings`.`account_id` = 8) LIMIT 1[0m
  [4;35;1mSQL (0.1ms)[0m   [0mROLLBACK TO SAVEPOINT active_record_1[0m
  [4;36;1mSQL (0.3ms)[0m   [0;1mROLLBACK[0m
  [4;36;1mSQL (0.2ms)[0m   [0;1mSET NAMES 'utf8'[0m
  [4;35;1mSQL (0.2ms)[0m   [0mSET SQL_AUTO_IS_NULL=0[0m
  [4;36;1mSQL (0.3ms)[0m   [0;1mSHOW TABLES[0m
  [4;35;1mSQL (1.2ms)[0m   [0mDROP TABLE `account_settings`[0m
  [4;36;1mSQL (12.7ms)[0m   [0;1mCREATE TABLE `account_settings` (`id` int(11) DEFAULT NULL auto_increment PRIMARY KEY, `account_id` int(11), `name` varchar(255), `value` varchar(255), `created_at` datetime, `updated_at` datetime) ENGINE=InnoDB[0m
  [4;35;1mSQL (0.5ms)[0m   [0mSHOW TABLES[0m
  [4;36;1mSQL (1.4ms)[0m   [0;1mDROP TABLE `accounts`[0m
  [4;35;1mSQL (10.4ms)[0m   [0mCREATE TABLE `accounts` (`id` int(11) DEFAULT NULL auto_increment PRIMARY KEY, `name` varchar(255), `created_at` datetime, `updated_at` datetime) ENGINE=InnoDB[0m
  [4;36;1mSQL (0.3ms)[0m   [0;1mSHOW TABLES[0m
  [4;35;1mSQL (0.1ms)[0m   [0mSELECT version FROM `schema_migrations`[0m
  [4;36;1mSQL (0.4ms)[0m   [0;1mSHOW TABLES[0m
  [4;35;1mAccount Columns (1.4ms)[0m   [0mSHOW FIELDS FROM `accounts`[0m
Unable to load account, underlying cause no such file to load -- account.rb 

 /Users/morten/.rvm/gems/ree-1.8.7-2010.02/gems/activesupport-2.3.10/lib/active_support/dependencies.rb:406:in `load_without_new_constant_marking'
/Users/morten/.rvm/gems/ree-1.8.7-2010.02/gems/activesupport-2.3.10/lib/active_support/dependencies.rb:406:in `load_file'
/Users/morten/.rvm/gems/ree-1.8.7-2010.02/gems/activesupport-2.3.10/lib/active_support/dependencies.rb:547:in `new_constants_in'
/Users/morten/.rvm/gems/ree-1.8.7-2010.02/gems/activesupport-2.3.10/lib/active_support/dependencies.rb:405:in `load_file'
/Users/morten/.rvm/gems/ree-1.8.7-2010.02/gems/activesupport-2.3.10/lib/active_support/dependencies.rb:285:in `require_or_load'
/Users/morten/.rvm/gems/ree-1.8.7-2010.02/gems/activesupport-2.3.10/lib/active_support/dependencies.rb:250:in `depend_on'
/Users/morten/.rvm/gems/ree-1.8.7-2010.02/gems/activesupport-2.3.10/lib/active_support/dependencies.rb:162:in `require_dependency'
/Users/morten/.rvm/gems/ree-1.8.7-2010.02/gems/activerecord-2.3.10/lib/active_record/fixtures.rb:853:in `try_to_load_dependency'
/Users/morten/.rvm/gems/ree-1.8.7-2010.02/gems/activerecord-2.3.10/lib/active_record/fixtures.rb:868:in `require_fixture_classes'
/Users/morten/.rvm/gems/ree-1.8.7-2010.02/gems/activerecord-2.3.10/lib/active_record/fixtures.rb:865:in `each'
/Users/morten/.rvm/gems/ree-1.8.7-2010.02/gems/activerecord-2.3.10/lib/active_record/fixtures.rb:865:in `require_fixture_classes'
/Users/morten/.rvm/gems/ree-1.8.7-2010.02/gems/activerecord-2.3.10/lib/active_record/fixtures.rb:848:in `fixtures'
/Users/morten/.rvm/gems/ree-1.8.7-2010.02/gems/shoulda-2.11.3/lib/shoulda/context.rb:429:in `send'
/Users/morten/.rvm/gems/ree-1.8.7-2010.02/gems/shoulda-2.11.3/lib/shoulda/context.rb:429:in `method_missing'
./test/test_property_sets.rb:15:in `__bind_1294697465_40156'
/Users/morten/.rvm/gems/ree-1.8.7-2010.02/gems/shoulda-2.11.3/lib/shoulda/context.rb:306:in `call'
/Users/morten/.rvm/gems/ree-1.8.7-2010.02/gems/shoulda-2.11.3/lib/shoulda/context.rb:306:in `merge_block'
/Users/morten/.rvm/gems/ree-1.8.7-2010.02/gems/shoulda-2.11.3/lib/shoulda/context.rb:301:in `initialize'
/Users/morten/.rvm/gems/ree-1.8.7-2010.02/gems/shoulda-2.11.3/lib/shoulda/context.rb:199:in `new'
/Users/morten/.rvm/gems/ree-1.8.7-2010.02/gems/shoulda-2.11.3/lib/shoulda/context.rb:199:in `context'
./test/test_property_sets.rb:14
/Users/morten/.rvm/gems/ree-1.8.7-2010.02/gems/rake-0.8.7/lib/rake/rake_test_loader.rb:5:in `load'
/Users/morten/.rvm/gems/ree-1.8.7-2010.02/gems/rake-0.8.7/lib/rake/rake_test_loader.rb:5
/Users/morten/.rvm/gems/ree-1.8.7-2010.02/gems/rake-0.8.7/lib/rake/rake_test_loader.rb:5:in `each'
/Users/morten/.rvm/gems/ree-1.8.7-2010.02/gems/rake-0.8.7/lib/rake/rake_test_loader.rb:5
Unable to load account_setting, underlying cause no such file to load -- account_setting.rb 

 /Users/morten/.rvm/gems/ree-1.8.7-2010.02/gems/activesupport-2.3.10/lib/active_support/dependencies.rb:406:in `load_without_new_constant_marking'
/Users/morten/.rvm/gems/ree-1.8.7-2010.02/gems/activesupport-2.3.10/lib/active_support/dependencies.rb:406:in `load_file'
/Users/morten/.rvm/gems/ree-1.8.7-2010.02/gems/activesupport-2.3.10/lib/active_support/dependencies.rb:547:in `new_constants_in'
/Users/morten/.rvm/gems/ree-1.8.7-2010.02/gems/activesupport-2.3.10/lib/active_support/dependencies.rb:405:in `load_file'
/Users/morten/.rvm/gems/ree-1.8.7-2010.02/gems/activesupport-2.3.10/lib/active_support/dependencies.rb:285:in `require_or_load'
/Users/morten/.rvm/gems/ree-1.8.7-2010.02/gems/activesupport-2.3.10/lib/active_support/dependencies.rb:250:in `depend_on'
/Users/morten/.rvm/gems/ree-1.8.7-2010.02/gems/activesupport-2.3.10/lib/active_support/dependencies.rb:162:in `require_dependency'
/Users/morten/.rvm/gems/ree-1.8.7-2010.02/gems/activerecord-2.3.10/lib/active_record/fixtures.rb:853:in `try_to_load_dependency'
/Users/morten/.rvm/gems/ree-1.8.7-2010.02/gems/activerecord-2.3.10/lib/active_record/fixtures.rb:868:in `require_fixture_classes'
/Users/morten/.rvm/gems/ree-1.8.7-2010.02/gems/activerecord-2.3.10/lib/active_record/fixtures.rb:865:in `each'
/Users/morten/.rvm/gems/ree-1.8.7-2010.02/gems/activerecord-2.3.10/lib/active_record/fixtures.rb:865:in `require_fixture_classes'
/Users/morten/.rvm/gems/ree-1.8.7-2010.02/gems/activerecord-2.3.10/lib/active_record/fixtures.rb:848:in `fixtures'
/Users/morten/.rvm/gems/ree-1.8.7-2010.02/gems/shoulda-2.11.3/lib/shoulda/context.rb:429:in `send'
/Users/morten/.rvm/gems/ree-1.8.7-2010.02/gems/shoulda-2.11.3/lib/shoulda/context.rb:429:in `method_missing'
./test/test_property_sets.rb:15:in `__bind_1294697465_40156'
/Users/morten/.rvm/gems/ree-1.8.7-2010.02/gems/shoulda-2.11.3/lib/shoulda/context.rb:306:in `call'
/Users/morten/.rvm/gems/ree-1.8.7-2010.02/gems/shoulda-2.11.3/lib/shoulda/context.rb:306:in `merge_block'
/Users/morten/.rvm/gems/ree-1.8.7-2010.02/gems/shoulda-2.11.3/lib/shoulda/context.rb:301:in `initialize'
/Users/morten/.rvm/gems/ree-1.8.7-2010.02/gems/shoulda-2.11.3/lib/shoulda/context.rb:199:in `new'
/Users/morten/.rvm/gems/ree-1.8.7-2010.02/gems/shoulda-2.11.3/lib/shoulda/context.rb:199:in `context'
./test/test_property_sets.rb:14
/Users/morten/.rvm/gems/ree-1.8.7-2010.02/gems/rake-0.8.7/lib/rake/rake_test_loader.rb:5:in `load'
/Users/morten/.rvm/gems/ree-1.8.7-2010.02/gems/rake-0.8.7/lib/rake/rake_test_loader.rb:5
/Users/morten/.rvm/gems/ree-1.8.7-2010.02/gems/rake-0.8.7/lib/rake/rake_test_loader.rb:5:in `each'
/Users/morten/.rvm/gems/ree-1.8.7-2010.02/gems/rake-0.8.7/lib/rake/rake_test_loader.rb:5
  [4;36;1mSQL (0.1ms)[0m   [0;1mBEGIN[0m
  [4;35;1mSQL (0.1ms)[0m   [0mSAVEPOINT active_record_1[0m
  [4;36;1mAccount Create (0.2ms)[0m   [0;1mINSERT INTO `accounts` (`name`, `created_at`, `updated_at`) VALUES('Name', '2011-01-10 14:11:05', '2011-01-10 14:11:05')[0m
  [4;35;1mSQL (0.1ms)[0m   [0mRELEASE SAVEPOINT active_record_1[0m
  [4;36;1mAccountSetting Load (0.3ms)[0m   [0;1mSELECT * FROM `account_settings` WHERE (`account_settings`.account_id = 2) [0m
  [4;35;1mSQL (0.1ms)[0m   [0mSAVEPOINT active_record_1[0m
  [4;36;1mAccountSetting Load (0.4ms)[0m   [0;1mSELECT `account_settings`.id FROM `account_settings` WHERE (`account_settings`.`name` = BINARY 'foo' AND `account_settings`.`account_id` = 2) LIMIT 1[0m
  [4;35;1mAccount Update (0.4ms)[0m   [0mUPDATE `accounts` SET `updated_at` = '2011-01-10 14:11:05' WHERE `id` = 2[0m
  [4;36;1mAccountSetting Create (0.2ms)[0m   [0;1mINSERT INTO `account_settings` (`name`, `created_at`, `updated_at`, `account_id`, `value`) VALUES('foo', '2011-01-10 14:11:05', '2011-01-10 14:11:05', 2, '1')[0m
  [4;35;1mAccountSetting Load (0.3ms)[0m   [0mSELECT * FROM `account_settings` WHERE (`account_settings`.account_id = 2) [0m
  [4;36;1mSQL (0.2ms)[0m   [0;1mRELEASE SAVEPOINT active_record_1[0m
  [4;35;1mSQL (0.1ms)[0m   [0mSAVEPOINT active_record_1[0m
  [4;36;1mAccount Load (0.1ms)[0m   [0;1mSELECT * FROM `accounts` WHERE (`accounts`.`id` = 2) [0m
  [4;35;1mAccountSetting Load (0.2ms)[0m   [0mSELECT `account_settings`.id FROM `account_settings` WHERE (`account_settings`.`name` = BINARY 'foo' AND `account_settings`.`account_id` = 2 AND `account_settings`.id <> 730411615) LIMIT 1[0m
  [4;36;1mAccountSetting Update (0.2ms)[0m   [0;1mUPDATE `account_settings` SET `updated_at` = '2011-01-10 14:11:05', `value` = '2' WHERE `id` = 730411615[0m
  [4;35;1mSQL (0.2ms)[0m   [0mRELEASE SAVEPOINT active_record_1[0m
  [4;36;1mSQL (0.3ms)[0m   [0;1mROLLBACK[0m
  [4;35;1mSQL (0.0ms)[0m   [0mBEGIN[0m
  [4;36;1mSQL (0.0ms)[0m   [0;1mSAVEPOINT active_record_1[0m
  [4;35;1mAccount Create (0.2ms)[0m   [0mINSERT INTO `accounts` (`name`, `created_at`, `updated_at`) VALUES('Name', '2011-01-10 14:11:05', '2011-01-10 14:11:05')[0m
  [4;36;1mSQL (0.2ms)[0m   [0;1mRELEASE SAVEPOINT active_record_1[0m
  [4;35;1mAccountSetting Load (0.1ms)[0m   [0mSELECT * FROM `account_settings` WHERE (`account_settings`.account_id = 3) [0m
  [4;36;1mSQL (0.1ms)[0m   [0;1mSAVEPOINT active_record_1[0m
  [4;35;1mAccountSetting Load (0.1ms)[0m   [0mSELECT `account_settings`.id FROM `account_settings` WHERE (`account_settings`.`name` = BINARY 'foo' AND `account_settings`.`account_id` = 3) LIMIT 1[0m
  [4;36;1mAccount Update (0.2ms)[0m   [0;1mUPDATE `accounts` SET `updated_at` = '2011-01-10 14:11:05' WHERE `id` = 3[0m
  [4;35;1mAccountSetting Create (0.1ms)[0m   [0mINSERT INTO `account_settings` (`name`, `created_at`, `updated_at`, `account_id`, `value`) VALUES('foo', '2011-01-10 14:11:05', '2011-01-10 14:11:05', 3, '1')[0m
  [4;36;1mAccountSetting Load (0.2ms)[0m   [0;1mSELECT * FROM `account_settings` WHERE (`account_settings`.account_id = 3) [0m
  [4;35;1mSQL (0.1ms)[0m   [0mRELEASE SAVEPOINT active_record_1[0m
  [4;36;1mSQL (0.1ms)[0m   [0;1mSAVEPOINT active_record_1[0m
  [4;35;1mAccount Load (0.3ms)[0m   [0mSELECT * FROM `accounts` WHERE (`accounts`.`id` = 3) [0m
  [4;36;1mAccount Update (0.2ms)[0m   [0;1mUPDATE `accounts` SET `updated_at` = '2011-01-10 14:11:05' WHERE `id` = 3[0m
  [4;35;1mAccountSetting Destroy (0.2ms)[0m   [0mDELETE FROM `account_settings` WHERE `id` = 730411616[0m
  [4;36;1mAccountSetting Load (0.2ms)[0m   [0;1mSELECT * FROM `account_settings` WHERE (`account_settings`.account_id = 3) [0m
  [4;35;1mSQL (0.2ms)[0m   [0mRELEASE SAVEPOINT active_record_1[0m
  [4;36;1mAccountSetting Load (0.2ms)[0m   [0;1mSELECT * FROM `account_settings` WHERE (`account_settings`.account_id = 3) [0m
  [4;35;1mSQL (0.4ms)[0m   [0mROLLBACK[0m
  [4;36;1mSQL (0.1ms)[0m   [0;1mBEGIN[0m
  [4;35;1mSQL (0.1ms)[0m   [0mSAVEPOINT active_record_1[0m
  [4;36;1mAccount Create (0.3ms)[0m   [0;1mINSERT INTO `accounts` (`name`, `created_at`, `updated_at`) VALUES('Name', '2011-01-10 14:11:05', '2011-01-10 14:11:05')[0m
  [4;35;1mSQL (0.2ms)[0m   [0mRELEASE SAVEPOINT active_record_1[0m
  [4;36;1mSQL (0.2ms)[0m   [0;1mSELECT count(*) AS count_all FROM `account_settings` WHERE (`account_settings`.account_id = 4) [0m
  [4;35;1mSQL (0.3ms)[0m   [0mROLLBACK[0m
  [4;36;1mSQL (0.0ms)[0m   [0;1mBEGIN[0m
  [4;35;1mSQL (0.1ms)[0m   [0mSAVEPOINT active_record_1[0m
  [4;36;1mAccount Create (0.2ms)[0m   [0;1mINSERT INTO `accounts` (`name`, `created_at`, `updated_at`) VALUES('Name', '2011-01-10 14:11:05', '2011-01-10 14:11:05')[0m
  [4;35;1mSQL (0.2ms)[0m   [0mRELEASE SAVEPOINT active_record_1[0m
  [4;36;1mAccountSetting Load (0.3ms)[0m   [0;1mSELECT * FROM `account_settings` WHERE (`account_settings`.account_id = 5) [0m
  [4;35;1mSQL (0.4ms)[0m   [0mROLLBACK[0m
  [4;36;1mSQL (0.1ms)[0m   [0;1mBEGIN[0m
  [4;35;1mSQL (0.0ms)[0m   [0mSAVEPOINT active_record_1[0m
  [4;36;1mAccount Create (0.2ms)[0m   [0;1mINSERT INTO `accounts` (`name`, `created_at`, `updated_at`) VALUES('Name', '2011-01-10 14:11:05', '2011-01-10 14:11:05')[0m
  [4;35;1mSQL (0.1ms)[0m   [0mRELEASE SAVEPOINT active_record_1[0m
  [4;36;1mSQL (0.3ms)[0m   [0;1mROLLBACK[0m
  [4;35;1mSQL (0.0ms)[0m   [0mBEGIN[0m
  [4;36;1mSQL (0.0ms)[0m   [0;1mSAVEPOINT active_record_1[0m
  [4;35;1mAccount Create (0.1ms)[0m   [0mINSERT INTO `accounts` (`name`, `created_at`, `updated_at`) VALUES('Name', '2011-01-10 14:11:05', '2011-01-10 14:11:05')[0m
  [4;36;1mSQL (0.2ms)[0m   [0;1mRELEASE SAVEPOINT active_record_1[0m
  [4;35;1mAccountSetting Load (0.3ms)[0m   [0mSELECT `account_settings`.id FROM `account_settings` WHERE (`account_settings`.`name` = BINARY 'hello' AND `account_settings`.`account_id` = 7) LIMIT 1[0m
  [4;36;1mAccountSetting Load (0.5ms)[0m   [0;1mSELECT `account_settings`.id FROM `account_settings` WHERE (`account_settings`.`name` = BINARY 'hel_lo' AND `account_settings`.`account_id` = 7) LIMIT 1[0m
  [4;35;1mAccountSetting Load (0.2ms)[0m   [0mSELECT `account_settings`.id FROM `account_settings` WHERE (`account_settings`.`name` = BINARY 'hell0' AND `account_settings`.`account_id` = 7) LIMIT 1[0m
  [4;36;1mAccountSetting Load (0.2ms)[0m   [0;1mSELECT `account_settings`.id FROM `account_settings` WHERE (`account_settings`.`name` = BINARY '_hello' AND `account_settings`.`account_id` = 7) LIMIT 1[0m
  [4;35;1mAccountSetting Load (0.2ms)[0m   [0mSELECT `account_settings`.id FROM `account_settings` WHERE (`account_settings`.`name` = BINARY 'hello' AND `account_settings`.`account_id` = 7) LIMIT 1[0m
  [4;36;1mSQL (0.3ms)[0m   [0;1mROLLBACK[0m
  [4;35;1mSQL (0.0ms)[0m   [0mBEGIN[0m
  [4;36;1mSQL (0.0ms)[0m   [0;1mSAVEPOINT active_record_1[0m
  [4;35;1mAccount Create (0.1ms)[0m   [0mINSERT INTO `accounts` (`name`, `created_at`, `updated_at`) VALUES('Name', '2011-01-10 14:11:05', '2011-01-10 14:11:05')[0m
  [4;36;1mSQL (0.0ms)[0m   [0;1mRELEASE SAVEPOINT active_record_1[0m
  [4;35;1mSQL (0.0ms)[0m   [0mSAVEPOINT active_record_1[0m
  [4;36;1mAccountSetting Load (0.1ms)[0m   [0;1mSELECT `account_settings`.id FROM `account_settings` WHERE (`account_settings`.`name` = BINARY 'unique' AND `account_settings`.`account_id` = 8) LIMIT 1[0m
  [4;35;1mAccount Update (0.1ms)[0m   [0mUPDATE `accounts` SET `updated_at` = '2011-01-10 14:11:05' WHERE `id` = 8[0m
  [4;36;1mAccountSetting Create (0.1ms)[0m   [0;1mINSERT INTO `account_settings` (`name`, `created_at`, `updated_at`, `account_id`, `value`) VALUES('unique', '2011-01-10 14:11:05', '2011-01-10 14:11:05', 8, NULL)[0m
  [4;35;1mAccountSetting Load (0.1ms)[0m   [0mSELECT * FROM `account_settings` WHERE (`account_settings`.account_id = 8) [0m
  [4;36;1mSQL (0.0ms)[0m   [0;1mRELEASE SAVEPOINT active_record_1[0m
  [4;35;1mSQL (0.0ms)[0m   [0mSAVEPOINT active_record_1[0m
  [4;36;1mAccountSetting Load (0.1ms)[0m   [0;1mSELECT `account_settings`.id FROM `account_settings` WHERE (`account_settings`.`name` = BINARY 'unique' AND `account_settings`.`account_id` = 8) LIMIT 1[0m
  [4;35;1mSQL (0.2ms)[0m   [0mROLLBACK TO SAVEPOINT active_record_1[0m
  [4;36;1mSQL (0.8ms)[0m   [0;1mROLLBACK[0m
  [4;36;1mSQL (0.2ms)[0m   [0;1mSET NAMES 'utf8'[0m
  [4;35;1mSQL (0.2ms)[0m   [0mSET SQL_AUTO_IS_NULL=0[0m
  [4;36;1mSQL (1.1ms)[0m   [0;1mSHOW TABLES[0m
  [4;35;1mSQL (1.8ms)[0m   [0mDROP TABLE `account_settings`[0m
  [4;36;1mSQL (31.3ms)[0m   [0;1mCREATE TABLE `account_settings` (`id` int(11) DEFAULT NULL auto_increment PRIMARY KEY, `account_id` int(11), `name` varchar(255), `value` varchar(255), `created_at` datetime, `updated_at` datetime) ENGINE=InnoDB[0m
  [4;35;1mSQL (0.4ms)[0m   [0mSHOW TABLES[0m
  [4;36;1mSQL (1.0ms)[0m   [0;1mDROP TABLE `accounts`[0m
  [4;35;1mSQL (22.2ms)[0m   [0mCREATE TABLE `accounts` (`id` int(11) DEFAULT NULL auto_increment PRIMARY KEY, `name` varchar(255), `created_at` datetime, `updated_at` datetime) ENGINE=InnoDB[0m
  [4;36;1mSQL (0.4ms)[0m   [0;1mSHOW TABLES[0m
  [4;35;1mSQL (0.2ms)[0m   [0mSELECT version FROM `schema_migrations`[0m
  [4;36;1mSQL (0.4ms)[0m   [0;1mSHOW TABLES[0m
  [4;35;1mAccount Columns (1.2ms)[0m   [0mSHOW FIELDS FROM `accounts`[0m
Unable to load account, underlying cause no such file to load -- account.rb 

 /Users/morten/.rvm/gems/ree-1.8.7-2010.02/gems/activesupport-2.3.10/lib/active_support/dependencies.rb:406:in `load_without_new_constant_marking'
/Users/morten/.rvm/gems/ree-1.8.7-2010.02/gems/activesupport-2.3.10/lib/active_support/dependencies.rb:406:in `load_file'
/Users/morten/.rvm/gems/ree-1.8.7-2010.02/gems/activesupport-2.3.10/lib/active_support/dependencies.rb:547:in `new_constants_in'
/Users/morten/.rvm/gems/ree-1.8.7-2010.02/gems/activesupport-2.3.10/lib/active_support/dependencies.rb:405:in `load_file'
/Users/morten/.rvm/gems/ree-1.8.7-2010.02/gems/activesupport-2.3.10/lib/active_support/dependencies.rb:285:in `require_or_load'
/Users/morten/.rvm/gems/ree-1.8.7-2010.02/gems/activesupport-2.3.10/lib/active_support/dependencies.rb:250:in `depend_on'
/Users/morten/.rvm/gems/ree-1.8.7-2010.02/gems/activesupport-2.3.10/lib/active_support/dependencies.rb:162:in `require_dependency'
/Users/morten/.rvm/gems/ree-1.8.7-2010.02/gems/activerecord-2.3.10/lib/active_record/fixtures.rb:853:in `try_to_load_dependency'
/Users/morten/.rvm/gems/ree-1.8.7-2010.02/gems/activerecord-2.3.10/lib/active_record/fixtures.rb:868:in `require_fixture_classes'
/Users/morten/.rvm/gems/ree-1.8.7-2010.02/gems/activerecord-2.3.10/lib/active_record/fixtures.rb:865:in `each'
/Users/morten/.rvm/gems/ree-1.8.7-2010.02/gems/activerecord-2.3.10/lib/active_record/fixtures.rb:865:in `require_fixture_classes'
/Users/morten/.rvm/gems/ree-1.8.7-2010.02/gems/activerecord-2.3.10/lib/active_record/fixtures.rb:848:in `fixtures'
/Users/morten/.rvm/gems/ree-1.8.7-2010.02/gems/shoulda-2.11.3/lib/shoulda/context.rb:429:in `send'
/Users/morten/.rvm/gems/ree-1.8.7-2010.02/gems/shoulda-2.11.3/lib/shoulda/context.rb:429:in `method_missing'
./test/test_property_sets.rb:15:in `__bind_1294698711_618267'
/Users/morten/.rvm/gems/ree-1.8.7-2010.02/gems/shoulda-2.11.3/lib/shoulda/context.rb:306:in `call'
/Users/morten/.rvm/gems/ree-1.8.7-2010.02/gems/shoulda-2.11.3/lib/shoulda/context.rb:306:in `merge_block'
/Users/morten/.rvm/gems/ree-1.8.7-2010.02/gems/shoulda-2.11.3/lib/shoulda/context.rb:301:in `initialize'
/Users/morten/.rvm/gems/ree-1.8.7-2010.02/gems/shoulda-2.11.3/lib/shoulda/context.rb:199:in `new'
/Users/morten/.rvm/gems/ree-1.8.7-2010.02/gems/shoulda-2.11.3/lib/shoulda/context.rb:199:in `context'
./test/test_property_sets.rb:14
/Users/morten/.rvm/gems/ree-1.8.7-2010.02/gems/rake-0.8.7/lib/rake/rake_test_loader.rb:5:in `load'
/Users/morten/.rvm/gems/ree-1.8.7-2010.02/gems/rake-0.8.7/lib/rake/rake_test_loader.rb:5
/Users/morten/.rvm/gems/ree-1.8.7-2010.02/gems/rake-0.8.7/lib/rake/rake_test_loader.rb:5:in `each'
/Users/morten/.rvm/gems/ree-1.8.7-2010.02/gems/rake-0.8.7/lib/rake/rake_test_loader.rb:5
Unable to load account_setting, underlying cause no such file to load -- account_setting.rb 

 /Users/morten/.rvm/gems/ree-1.8.7-2010.02/gems/activesupport-2.3.10/lib/active_support/dependencies.rb:406:in `load_without_new_constant_marking'
/Users/morten/.rvm/gems/ree-1.8.7-2010.02/gems/activesupport-2.3.10/lib/active_support/dependencies.rb:406:in `load_file'
/Users/morten/.rvm/gems/ree-1.8.7-2010.02/gems/activesupport-2.3.10/lib/active_support/dependencies.rb:547:in `new_constants_in'
/Users/morten/.rvm/gems/ree-1.8.7-2010.02/gems/activesupport-2.3.10/lib/active_support/dependencies.rb:405:in `load_file'
/Users/morten/.rvm/gems/ree-1.8.7-2010.02/gems/activesupport-2.3.10/lib/active_support/dependencies.rb:285:in `require_or_load'
/Users/morten/.rvm/gems/ree-1.8.7-2010.02/gems/activesupport-2.3.10/lib/active_support/dependencies.rb:250:in `depend_on'
/Users/morten/.rvm/gems/ree-1.8.7-2010.02/gems/activesupport-2.3.10/lib/active_support/dependencies.rb:162:in `require_dependency'
/Users/morten/.rvm/gems/ree-1.8.7-2010.02/gems/activerecord-2.3.10/lib/active_record/fixtures.rb:853:in `try_to_load_dependency'
/Users/morten/.rvm/gems/ree-1.8.7-2010.02/gems/activerecord-2.3.10/lib/active_record/fixtures.rb:868:in `require_fixture_classes'
/Users/morten/.rvm/gems/ree-1.8.7-2010.02/gems/activerecord-2.3.10/lib/active_record/fixtures.rb:865:in `each'
/Users/morten/.rvm/gems/ree-1.8.7-2010.02/gems/activerecord-2.3.10/lib/active_record/fixtures.rb:865:in `require_fixture_classes'
/Users/morten/.rvm/gems/ree-1.8.7-2010.02/gems/activerecord-2.3.10/lib/active_record/fixtures.rb:848:in `fixtures'
/Users/morten/.rvm/gems/ree-1.8.7-2010.02/gems/shoulda-2.11.3/lib/shoulda/context.rb:429:in `send'
/Users/morten/.rvm/gems/ree-1.8.7-2010.02/gems/shoulda-2.11.3/lib/shoulda/context.rb:429:in `method_missing'
./test/test_property_sets.rb:15:in `__bind_1294698711_618267'
/Users/morten/.rvm/gems/ree-1.8.7-2010.02/gems/shoulda-2.11.3/lib/shoulda/context.rb:306:in `call'
/Users/morten/.rvm/gems/ree-1.8.7-2010.02/gems/shoulda-2.11.3/lib/shoulda/context.rb:306:in `merge_block'
/Users/morten/.rvm/gems/ree-1.8.7-2010.02/gems/shoulda-2.11.3/lib/shoulda/context.rb:301:in `initialize'
/Users/morten/.rvm/gems/ree-1.8.7-2010.02/gems/shoulda-2.11.3/lib/shoulda/context.rb:199:in `new'
/Users/morten/.rvm/gems/ree-1.8.7-2010.02/gems/shoulda-2.11.3/lib/shoulda/context.rb:199:in `context'
./test/test_property_sets.rb:14
/Users/morten/.rvm/gems/ree-1.8.7-2010.02/gems/rake-0.8.7/lib/rake/rake_test_loader.rb:5:in `load'
/Users/morten/.rvm/gems/ree-1.8.7-2010.02/gems/rake-0.8.7/lib/rake/rake_test_loader.rb:5
/Users/morten/.rvm/gems/ree-1.8.7-2010.02/gems/rake-0.8.7/lib/rake/rake_test_loader.rb:5:in `each'
/Users/morten/.rvm/gems/ree-1.8.7-2010.02/gems/rake-0.8.7/lib/rake/rake_test_loader.rb:5
  [4;36;1mSQL (0.1ms)[0m   [0;1mBEGIN[0m
  [4;35;1mSQL (0.1ms)[0m   [0mSAVEPOINT active_record_1[0m
  [4;36;1mAccount Create (0.2ms)[0m   [0;1mINSERT INTO `accounts` (`name`, `created_at`, `updated_at`) VALUES('Name', '2011-01-10 14:31:51', '2011-01-10 14:31:51')[0m
  [4;35;1mSQL (0.1ms)[0m   [0mRELEASE SAVEPOINT active_record_1[0m
  [4;36;1mSQL (0.1ms)[0m   [0;1mSAVEPOINT active_record_1[0m
  [4;35;1mAccount Load (0.3ms)[0m   [0mSELECT * FROM `accounts` WHERE (`accounts`.`id` = 2) [0m
  [4;36;1mAccountSetting Load (0.3ms)[0m   [0;1mSELECT `account_settings`.id FROM `account_settings` WHERE (`account_settings`.`name` = BINARY 'foo' AND `account_settings`.`account_id` = 2) LIMIT 1[0m
  [4;35;1mSQL (0.2ms)[0m   [0mRELEASE SAVEPOINT active_record_1[0m
  [4;36;1mSQL (0.2ms)[0m   [0;1mSAVEPOINT active_record_1[0m
  [4;35;1mAccount Load (0.2ms)[0m   [0mSELECT * FROM `accounts` WHERE (`accounts`.`id` = 2) [0m
  [4;36;1mAccountSetting Load (0.1ms)[0m   [0;1mSELECT `account_settings`.id FROM `account_settings` WHERE (`account_settings`.`name` = BINARY 'bar' AND `account_settings`.`account_id` = 2) LIMIT 1[0m
  [4;35;1mSQL (0.0ms)[0m   [0mRELEASE SAVEPOINT active_record_1[0m
  [4;36;1mSQL (0.0ms)[0m   [0;1mSAVEPOINT active_record_1[0m
  [4;35;1mAccountSetting Load (0.2ms)[0m   [0mSELECT `account_settings`.id FROM `account_settings` WHERE (`account_settings`.`name` = BINARY 'foo' AND `account_settings`.`account_id` = 2) LIMIT 1[0m
  [4;36;1mAccountSetting Load (0.2ms)[0m   [0;1mSELECT `account_settings`.id FROM `account_settings` WHERE (`account_settings`.`name` = BINARY 'bar' AND `account_settings`.`account_id` = 2) LIMIT 1[0m
  [4;35;1mSQL (0.2ms)[0m   [0mROLLBACK TO SAVEPOINT active_record_1[0m
  [4;36;1mAccount Load (0.2ms)[0m   [0;1mSELECT * FROM `accounts` WHERE (`accounts`.`id` = 2) [0m
  [4;35;1mSQL (0.1ms)[0m   [0mSELECT count(*) AS count_all FROM `account_settings` WHERE (`account_settings`.account_id = 2) [0m
  [4;36;1mSQL (0.5ms)[0m   [0;1mROLLBACK[0m
  [4;35;1mSQL (0.0ms)[0m   [0mBEGIN[0m
  [4;36;1mSQL (0.0ms)[0m   [0;1mSAVEPOINT active_record_1[0m
  [4;35;1mAccount Create (0.3ms)[0m   [0mINSERT INTO `accounts` (`name`, `created_at`, `updated_at`) VALUES('Name', '2011-01-10 14:31:51', '2011-01-10 14:31:51')[0m
  [4;36;1mSQL (0.2ms)[0m   [0;1mRELEASE SAVEPOINT active_record_1[0m
  [4;35;1mAccountSetting Load (0.2ms)[0m   [0mSELECT * FROM `account_settings` WHERE (`account_settings`.account_id = 3) [0m
  [4;36;1mSQL (0.2ms)[0m   [0;1mSAVEPOINT active_record_1[0m
  [4;35;1mAccountSetting Load (0.3ms)[0m   [0mSELECT `account_settings`.id FROM `account_settings` WHERE (`account_settings`.`name` = BINARY 'foo' AND `account_settings`.`account_id` = 3) LIMIT 1[0m
  [4;36;1mAccount Update (0.4ms)[0m   [0;1mUPDATE `accounts` SET `updated_at` = '2011-01-10 14:31:51' WHERE `id` = 3[0m
  [4;35;1mAccountSetting Create (0.4ms)[0m   [0mINSERT INTO `account_settings` (`name`, `created_at`, `updated_at`, `account_id`, `value`) VALUES('foo', '2011-01-10 14:31:51', '2011-01-10 14:31:51', 3, '1')[0m
  [4;36;1mAccountSetting Load (0.3ms)[0m   [0;1mSELECT * FROM `account_settings` WHERE (`account_settings`.account_id = 3) [0m
  [4;35;1mSQL (0.1ms)[0m   [0mRELEASE SAVEPOINT active_record_1[0m
  [4;36;1mSQL (0.1ms)[0m   [0;1mSAVEPOINT active_record_1[0m
  [4;35;1mAccount Load (0.1ms)[0m   [0mSELECT * FROM `accounts` WHERE (`accounts`.`id` = 3) [0m
  [4;36;1mAccountSetting Load (0.2ms)[0m   [0;1mSELECT `account_settings`.id FROM `account_settings` WHERE (`account_settings`.`name` = BINARY 'foo' AND `account_settings`.`account_id` = 3 AND `account_settings`.id <> 730411615) LIMIT 1[0m
  [4;35;1mAccountSetting Update (0.1ms)[0m   [0mUPDATE `account_settings` SET `updated_at` = '2011-01-10 14:31:51', `value` = '2' WHERE `id` = 730411615[0m
  [4;36;1mSQL (0.2ms)[0m   [0;1mRELEASE SAVEPOINT active_record_1[0m
  [4;35;1mSQL (0.5ms)[0m   [0mROLLBACK[0m
  [4;36;1mSQL (0.0ms)[0m   [0;1mBEGIN[0m
  [4;35;1mSQL (0.0ms)[0m   [0mSAVEPOINT active_record_1[0m
  [4;36;1mAccount Create (0.2ms)[0m   [0;1mINSERT INTO `accounts` (`name`, `created_at`, `updated_at`) VALUES('Name', '2011-01-10 14:31:51', '2011-01-10 14:31:51')[0m
  [4;35;1mSQL (0.1ms)[0m   [0mRELEASE SAVEPOINT active_record_1[0m
  [4;36;1mAccountSetting Load (0.1ms)[0m   [0;1mSELECT * FROM `account_settings` WHERE (`account_settings`.account_id = 4) [0m
  [4;35;1mSQL (0.0ms)[0m   [0mSAVEPOINT active_record_1[0m
  [4;36;1mAccountSetting Load (0.1ms)[0m   [0;1mSELECT `account_settings`.id FROM `account_settings` WHERE (`account_settings`.`name` = BINARY 'foo' AND `account_settings`.`account_id` = 4) LIMIT 1[0m
  [4;35;1mAccount Update (0.3ms)[0m   [0mUPDATE `accounts` SET `updated_at` = '2011-01-10 14:31:51' WHERE `id` = 4[0m
  [4;36;1mAccountSetting Create (0.3ms)[0m   [0;1mINSERT INTO `account_settings` (`name`, `created_at`, `updated_at`, `account_id`, `value`) VALUES('foo', '2011-01-10 14:31:51', '2011-01-10 14:31:51', 4, '1')[0m
  [4;35;1mAccountSetting Load (0.2ms)[0m   [0mSELECT * FROM `account_settings` WHERE (`account_settings`.account_id = 4) [0m
  [4;36;1mSQL (0.2ms)[0m   [0;1mRELEASE SAVEPOINT active_record_1[0m
  [4;35;1mSQL (0.1ms)[0m   [0mSAVEPOINT active_record_1[0m
  [4;36;1mAccount Load (0.1ms)[0m   [0;1mSELECT * FROM `accounts` WHERE (`accounts`.`id` = 4) [0m
  [4;35;1mAccount Update (0.2ms)[0m   [0mUPDATE `accounts` SET `updated_at` = '2011-01-10 14:31:51' WHERE `id` = 4[0m
  [4;36;1mAccountSetting Destroy (0.1ms)[0m   [0;1mDELETE FROM `account_settings` WHERE `id` = 730411616[0m
  [4;35;1mAccountSetting Load (0.1ms)[0m   [0mSELECT * FROM `account_settings` WHERE (`account_settings`.account_id = 4) [0m
  [4;36;1mSQL (0.0ms)[0m   [0;1mRELEASE SAVEPOINT active_record_1[0m
  [4;35;1mAccountSetting Load (0.1ms)[0m   [0mSELECT * FROM `account_settings` WHERE (`account_settings`.account_id = 4) [0m
  [4;36;1mSQL (0.3ms)[0m   [0;1mROLLBACK[0m
  [4;35;1mSQL (0.0ms)[0m   [0mBEGIN[0m
  [4;36;1mSQL (0.0ms)[0m   [0;1mSAVEPOINT active_record_1[0m
  [4;35;1mAccount Create (0.1ms)[0m   [0mINSERT INTO `accounts` (`name`, `created_at`, `updated_at`) VALUES('Name', '2011-01-10 14:31:51', '2011-01-10 14:31:51')[0m
  [4;36;1mSQL (0.2ms)[0m   [0;1mRELEASE SAVEPOINT active_record_1[0m
  [4;35;1mSQL (0.1ms)[0m   [0mSELECT count(*) AS count_all FROM `account_settings` WHERE (`account_settings`.account_id = 5) [0m
  [4;36;1mSQL (0.3ms)[0m   [0;1mROLLBACK[0m
  [4;35;1mSQL (0.0ms)[0m   [0mBEGIN[0m
  [4;36;1mSQL (0.0ms)[0m   [0;1mSAVEPOINT active_record_1[0m
  [4;35;1mAccount Create (0.1ms)[0m   [0mINSERT INTO `accounts` (`name`, `created_at`, `updated_at`) VALUES('Name', '2011-01-10 14:31:51', '2011-01-10 14:31:51')[0m
  [4;36;1mSQL (0.1ms)[0m   [0;1mRELEASE SAVEPOINT active_record_1[0m
  [4;35;1mAccountSetting Load (0.2ms)[0m   [0mSELECT * FROM `account_settings` WHERE (`account_settings`.account_id = 6) [0m
  [4;36;1mSQL (0.4ms)[0m   [0;1mROLLBACK[0m
  [4;35;1mSQL (0.1ms)[0m   [0mBEGIN[0m
  [4;36;1mSQL (0.1ms)[0m   [0;1mSAVEPOINT active_record_1[0m
  [4;35;1mAccount Create (0.1ms)[0m   [0mINSERT INTO `accounts` (`name`, `created_at`, `updated_at`) VALUES('Name', '2011-01-10 14:31:51', '2011-01-10 14:31:51')[0m
  [4;36;1mSQL (0.1ms)[0m   [0;1mRELEASE SAVEPOINT active_record_1[0m
  [4;35;1mSQL (0.2ms)[0m   [0mROLLBACK[0m
  [4;36;1mSQL (0.0ms)[0m   [0;1mBEGIN[0m
  [4;35;1mSQL (0.0ms)[0m   [0mSAVEPOINT active_record_1[0m
  [4;36;1mAccount Create (0.1ms)[0m   [0;1mINSERT INTO `accounts` (`name`, `created_at`, `updated_at`) VALUES('Name', '2011-01-10 14:31:51', '2011-01-10 14:31:51')[0m
  [4;35;1mSQL (0.0ms)[0m   [0mRELEASE SAVEPOINT active_record_1[0m
  [4;36;1mAccountSetting Load (0.3ms)[0m   [0;1mSELECT `account_settings`.id FROM `account_settings` WHERE (`account_settings`.`name` = BINARY 'hello' AND `account_settings`.`account_id` = 8) LIMIT 1[0m
  [4;35;1mAccountSetting Load (0.2ms)[0m   [0mSELECT `account_settings`.id FROM `account_settings` WHERE (`account_settings`.`name` = BINARY 'hel_lo' AND `account_settings`.`account_id` = 8) LIMIT 1[0m
  [4;36;1mAccountSetting Load (0.2ms)[0m   [0;1mSELECT `account_settings`.id FROM `account_settings` WHERE (`account_settings`.`name` = BINARY 'hell0' AND `account_settings`.`account_id` = 8) LIMIT 1[0m
  [4;35;1mAccountSetting Load (0.2ms)[0m   [0mSELECT `account_settings`.id FROM `account_settings` WHERE (`account_settings`.`name` = BINARY '_hello' AND `account_settings`.`account_id` = 8) LIMIT 1[0m
  [4;36;1mAccountSetting Load (0.2ms)[0m   [0;1mSELECT `account_settings`.id FROM `account_settings` WHERE (`account_settings`.`name` = BINARY 'hello' AND `account_settings`.`account_id` = 8) LIMIT 1[0m
  [4;35;1mSQL (0.3ms)[0m   [0mROLLBACK[0m
  [4;36;1mSQL (0.0ms)[0m   [0;1mBEGIN[0m
  [4;35;1mSQL (0.2ms)[0m   [0mSAVEPOINT active_record_1[0m
  [4;36;1mAccount Create (0.2ms)[0m   [0;1mINSERT INTO `accounts` (`name`, `created_at`, `updated_at`) VALUES('Name', '2011-01-10 14:31:51', '2011-01-10 14:31:51')[0m
  [4;35;1mSQL (0.2ms)[0m   [0mRELEASE SAVEPOINT active_record_1[0m
  [4;36;1mSQL (0.0ms)[0m   [0;1mSAVEPOINT active_record_1[0m
  [4;35;1mAccountSetting Load (0.1ms)[0m   [0mSELECT `account_settings`.id FROM `account_settings` WHERE (`account_settings`.`name` = BINARY 'unique' AND `account_settings`.`account_id` = 9) LIMIT 1[0m
  [4;36;1mAccount Update (0.3ms)[0m   [0;1mUPDATE `accounts` SET `updated_at` = '2011-01-10 14:31:51' WHERE `id` = 9[0m
  [4;35;1mAccountSetting Create (0.1ms)[0m   [0mINSERT INTO `account_settings` (`name`, `created_at`, `updated_at`, `account_id`, `value`) VALUES('unique', '2011-01-10 14:31:51', '2011-01-10 14:31:51', 9, NULL)[0m
  [4;36;1mAccountSetting Load (0.2ms)[0m   [0;1mSELECT * FROM `account_settings` WHERE (`account_settings`.account_id = 9) [0m
  [4;35;1mSQL (0.1ms)[0m   [0mRELEASE SAVEPOINT active_record_1[0m
  [4;36;1mSQL (0.1ms)[0m   [0;1mSAVEPOINT active_record_1[0m
  [4;35;1mAccountSetting Load (0.2ms)[0m   [0mSELECT `account_settings`.id FROM `account_settings` WHERE (`account_settings`.`name` = BINARY 'unique' AND `account_settings`.`account_id` = 9) LIMIT 1[0m
  [4;36;1mSQL (0.2ms)[0m   [0;1mROLLBACK TO SAVEPOINT active_record_1[0m
  [4;35;1mSQL (0.5ms)[0m   [0mROLLBACK[0m
  [4;36;1mSQL (0.1ms)[0m   [0;1mSET NAMES 'utf8'[0m
  [4;35;1mSQL (0.1ms)[0m   [0mSET SQL_AUTO_IS_NULL=0[0m
  [4;36;1mSQL (0.3ms)[0m   [0;1mSHOW TABLES[0m
  [4;35;1mSQL (1.2ms)[0m   [0mDROP TABLE `account_settings`[0m
  [4;36;1mSQL (18.1ms)[0m   [0;1mCREATE TABLE `account_settings` (`id` int(11) DEFAULT NULL auto_increment PRIMARY KEY, `account_id` int(11), `name` varchar(255), `value` varchar(255), `created_at` datetime, `updated_at` datetime) ENGINE=InnoDB[0m
  [4;35;1mSQL (0.3ms)[0m   [0mSHOW TABLES[0m
  [4;36;1mSQL (0.8ms)[0m   [0;1mDROP TABLE `accounts`[0m
  [4;35;1mSQL (9.0ms)[0m   [0mCREATE TABLE `accounts` (`id` int(11) DEFAULT NULL auto_increment PRIMARY KEY, `name` varchar(255), `created_at` datetime, `updated_at` datetime) ENGINE=InnoDB[0m
  [4;36;1mSQL (0.3ms)[0m   [0;1mSHOW TABLES[0m
  [4;35;1mSQL (0.2ms)[0m   [0mSELECT version FROM `schema_migrations`[0m
  [4;36;1mSQL (0.4ms)[0m   [0;1mSHOW TABLES[0m
  [4;35;1mAccount Columns (1.0ms)[0m   [0mSHOW FIELDS FROM `accounts`[0m
Unable to load account, underlying cause no such file to load -- account.rb 

 /Users/morten/.rvm/gems/ree-1.8.7-2010.02/gems/activesupport-2.3.10/lib/active_support/dependencies.rb:406:in `load_without_new_constant_marking'
/Users/morten/.rvm/gems/ree-1.8.7-2010.02/gems/activesupport-2.3.10/lib/active_support/dependencies.rb:406:in `load_file'
/Users/morten/.rvm/gems/ree-1.8.7-2010.02/gems/activesupport-2.3.10/lib/active_support/dependencies.rb:547:in `new_constants_in'
/Users/morten/.rvm/gems/ree-1.8.7-2010.02/gems/activesupport-2.3.10/lib/active_support/dependencies.rb:405:in `load_file'
/Users/morten/.rvm/gems/ree-1.8.7-2010.02/gems/activesupport-2.3.10/lib/active_support/dependencies.rb:285:in `require_or_load'
/Users/morten/.rvm/gems/ree-1.8.7-2010.02/gems/activesupport-2.3.10/lib/active_support/dependencies.rb:250:in `depend_on'
/Users/morten/.rvm/gems/ree-1.8.7-2010.02/gems/activesupport-2.3.10/lib/active_support/dependencies.rb:162:in `require_dependency'
/Users/morten/.rvm/gems/ree-1.8.7-2010.02/gems/activerecord-2.3.10/lib/active_record/fixtures.rb:853:in `try_to_load_dependency'
/Users/morten/.rvm/gems/ree-1.8.7-2010.02/gems/activerecord-2.3.10/lib/active_record/fixtures.rb:868:in `require_fixture_classes'
/Users/morten/.rvm/gems/ree-1.8.7-2010.02/gems/activerecord-2.3.10/lib/active_record/fixtures.rb:865:in `each'
/Users/morten/.rvm/gems/ree-1.8.7-2010.02/gems/activerecord-2.3.10/lib/active_record/fixtures.rb:865:in `require_fixture_classes'
/Users/morten/.rvm/gems/ree-1.8.7-2010.02/gems/activerecord-2.3.10/lib/active_record/fixtures.rb:848:in `fixtures'
/Users/morten/.rvm/gems/ree-1.8.7-2010.02/gems/shoulda-2.11.3/lib/shoulda/context.rb:429:in `send'
/Users/morten/.rvm/gems/ree-1.8.7-2010.02/gems/shoulda-2.11.3/lib/shoulda/context.rb:429:in `method_missing'
./test/test_property_sets.rb:15:in `__bind_1294698727_990508'
/Users/morten/.rvm/gems/ree-1.8.7-2010.02/gems/shoulda-2.11.3/lib/shoulda/context.rb:306:in `call'
/Users/morten/.rvm/gems/ree-1.8.7-2010.02/gems/shoulda-2.11.3/lib/shoulda/context.rb:306:in `merge_block'
/Users/morten/.rvm/gems/ree-1.8.7-2010.02/gems/shoulda-2.11.3/lib/shoulda/context.rb:301:in `initialize'
/Users/morten/.rvm/gems/ree-1.8.7-2010.02/gems/shoulda-2.11.3/lib/shoulda/context.rb:199:in `new'
/Users/morten/.rvm/gems/ree-1.8.7-2010.02/gems/shoulda-2.11.3/lib/shoulda/context.rb:199:in `context'
./test/test_property_sets.rb:14
/Users/morten/.rvm/gems/ree-1.8.7-2010.02/gems/rake-0.8.7/lib/rake/rake_test_loader.rb:5:in `load'
/Users/morten/.rvm/gems/ree-1.8.7-2010.02/gems/rake-0.8.7/lib/rake/rake_test_loader.rb:5
/Users/morten/.rvm/gems/ree-1.8.7-2010.02/gems/rake-0.8.7/lib/rake/rake_test_loader.rb:5:in `each'
/Users/morten/.rvm/gems/ree-1.8.7-2010.02/gems/rake-0.8.7/lib/rake/rake_test_loader.rb:5
Unable to load account_setting, underlying cause no such file to load -- account_setting.rb 

 /Users/morten/.rvm/gems/ree-1.8.7-2010.02/gems/activesupport-2.3.10/lib/active_support/dependencies.rb:406:in `load_without_new_constant_marking'
/Users/morten/.rvm/gems/ree-1.8.7-2010.02/gems/activesupport-2.3.10/lib/active_support/dependencies.rb:406:in `load_file'
/Users/morten/.rvm/gems/ree-1.8.7-2010.02/gems/activesupport-2.3.10/lib/active_support/dependencies.rb:547:in `new_constants_in'
/Users/morten/.rvm/gems/ree-1.8.7-2010.02/gems/activesupport-2.3.10/lib/active_support/dependencies.rb:405:in `load_file'
/Users/morten/.rvm/gems/ree-1.8.7-2010.02/gems/activesupport-2.3.10/lib/active_support/dependencies.rb:285:in `require_or_load'
/Users/morten/.rvm/gems/ree-1.8.7-2010.02/gems/activesupport-2.3.10/lib/active_support/dependencies.rb:250:in `depend_on'
/Users/morten/.rvm/gems/ree-1.8.7-2010.02/gems/activesupport-2.3.10/lib/active_support/dependencies.rb:162:in `require_dependency'
/Users/morten/.rvm/gems/ree-1.8.7-2010.02/gems/activerecord-2.3.10/lib/active_record/fixtures.rb:853:in `try_to_load_dependency'
/Users/morten/.rvm/gems/ree-1.8.7-2010.02/gems/activerecord-2.3.10/lib/active_record/fixtures.rb:868:in `require_fixture_classes'
/Users/morten/.rvm/gems/ree-1.8.7-2010.02/gems/activerecord-2.3.10/lib/active_record/fixtures.rb:865:in `each'
/Users/morten/.rvm/gems/ree-1.8.7-2010.02/gems/activerecord-2.3.10/lib/active_record/fixtures.rb:865:in `require_fixture_classes'
/Users/morten/.rvm/gems/ree-1.8.7-2010.02/gems/activerecord-2.3.10/lib/active_record/fixtures.rb:848:in `fixtures'
/Users/morten/.rvm/gems/ree-1.8.7-2010.02/gems/shoulda-2.11.3/lib/shoulda/context.rb:429:in `send'
/Users/morten/.rvm/gems/ree-1.8.7-2010.02/gems/shoulda-2.11.3/lib/shoulda/context.rb:429:in `method_missing'
./test/test_property_sets.rb:15:in `__bind_1294698727_990508'
/Users/morten/.rvm/gems/ree-1.8.7-2010.02/gems/shoulda-2.11.3/lib/shoulda/context.rb:306:in `call'
/Users/morten/.rvm/gems/ree-1.8.7-2010.02/gems/shoulda-2.11.3/lib/shoulda/context.rb:306:in `merge_block'
/Users/morten/.rvm/gems/ree-1.8.7-2010.02/gems/shoulda-2.11.3/lib/shoulda/context.rb:301:in `initialize'
/Users/morten/.rvm/gems/ree-1.8.7-2010.02/gems/shoulda-2.11.3/lib/shoulda/context.rb:199:in `new'
/Users/morten/.rvm/gems/ree-1.8.7-2010.02/gems/shoulda-2.11.3/lib/shoulda/context.rb:199:in `context'
./test/test_property_sets.rb:14
/Users/morten/.rvm/gems/ree-1.8.7-2010.02/gems/rake-0.8.7/lib/rake/rake_test_loader.rb:5:in `load'
/Users/morten/.rvm/gems/ree-1.8.7-2010.02/gems/rake-0.8.7/lib/rake/rake_test_loader.rb:5
/Users/morten/.rvm/gems/ree-1.8.7-2010.02/gems/rake-0.8.7/lib/rake/rake_test_loader.rb:5:in `each'
/Users/morten/.rvm/gems/ree-1.8.7-2010.02/gems/rake-0.8.7/lib/rake/rake_test_loader.rb:5
  [4;36;1mSQL (0.1ms)[0m   [0;1mBEGIN[0m
  [4;35;1mSQL (0.2ms)[0m   [0mSAVEPOINT active_record_1[0m
  [4;36;1mAccount Create (0.3ms)[0m   [0;1mINSERT INTO `accounts` (`name`, `created_at`, `updated_at`) VALUES('Name', '2011-01-10 14:32:08', '2011-01-10 14:32:08')[0m
  [4;35;1mSQL (0.0ms)[0m   [0mRELEASE SAVEPOINT active_record_1[0m
  [4;36;1mSQL (0.3ms)[0m   [0;1mSAVEPOINT active_record_1[0m
  [4;35;1mAccount Load (0.3ms)[0m   [0mSELECT * FROM `accounts` WHERE (`accounts`.`id` = 2) [0m
  [4;36;1mAccountSetting Load (0.3ms)[0m   [0;1mSELECT `account_settings`.id FROM `account_settings` WHERE (`account_settings`.`name` = BINARY 'foo' AND `account_settings`.`account_id` = 2) LIMIT 1[0m
  [4;35;1mSQL (0.1ms)[0m   [0mRELEASE SAVEPOINT active_record_1[0m
  [4;36;1mSQL (0.1ms)[0m   [0;1mSAVEPOINT active_record_1[0m
  [4;35;1mAccount Load (0.2ms)[0m   [0mSELECT * FROM `accounts` WHERE (`accounts`.`id` = 2) [0m
  [4;36;1mAccountSetting Load (0.2ms)[0m   [0;1mSELECT `account_settings`.id FROM `account_settings` WHERE (`account_settings`.`name` = BINARY 'bar' AND `account_settings`.`account_id` = 2) LIMIT 1[0m
  [4;35;1mSQL (0.2ms)[0m   [0mRELEASE SAVEPOINT active_record_1[0m
  [4;36;1mSQL (0.5ms)[0m   [0;1mROLLBACK[0m
  [4;35;1mSQL (0.2ms)[0m   [0mBEGIN[0m
  [4;36;1mSQL (0.0ms)[0m   [0;1mSAVEPOINT active_record_1[0m
  [4;35;1mAccount Create (0.2ms)[0m   [0mINSERT INTO `accounts` (`name`, `created_at`, `updated_at`) VALUES('Name', '2011-01-10 14:32:08', '2011-01-10 14:32:08')[0m
  [4;36;1mSQL (0.2ms)[0m   [0;1mRELEASE SAVEPOINT active_record_1[0m
  [4;35;1mAccountSetting Load (0.1ms)[0m   [0mSELECT * FROM `account_settings` WHERE (`account_settings`.account_id = 3) [0m
  [4;36;1mSQL (0.2ms)[0m   [0;1mSAVEPOINT active_record_1[0m
  [4;35;1mAccountSetting Load (0.2ms)[0m   [0mSELECT `account_settings`.id FROM `account_settings` WHERE (`account_settings`.`name` = BINARY 'foo' AND `account_settings`.`account_id` = 3) LIMIT 1[0m
  [4;36;1mAccount Update (0.2ms)[0m   [0;1mUPDATE `accounts` SET `updated_at` = '2011-01-10 14:32:08' WHERE `id` = 3[0m
  [4;35;1mAccountSetting Create (0.2ms)[0m   [0mINSERT INTO `account_settings` (`name`, `created_at`, `updated_at`, `account_id`, `value`) VALUES('foo', '2011-01-10 14:32:08', '2011-01-10 14:32:08', 3, '1')[0m
  [4;36;1mAccountSetting Load (0.2ms)[0m   [0;1mSELECT * FROM `account_settings` WHERE (`account_settings`.account_id = 3) [0m
  [4;35;1mSQL (0.2ms)[0m   [0mRELEASE SAVEPOINT active_record_1[0m
  [4;36;1mSQL (0.2ms)[0m   [0;1mSAVEPOINT active_record_1[0m
  [4;35;1mAccount Load (0.2ms)[0m   [0mSELECT * FROM `accounts` WHERE (`accounts`.`id` = 3) [0m
  [4;36;1mAccountSetting Load (0.3ms)[0m   [0;1mSELECT `account_settings`.id FROM `account_settings` WHERE (`account_settings`.`name` = BINARY 'foo' AND `account_settings`.`account_id` = 3 AND `account_settings`.id <> 730411615) LIMIT 1[0m
  [4;35;1mAccountSetting Update (0.2ms)[0m   [0mUPDATE `account_settings` SET `updated_at` = '2011-01-10 14:32:08', `value` = '2' WHERE `id` = 730411615[0m
  [4;36;1mSQL (0.1ms)[0m   [0;1mRELEASE SAVEPOINT active_record_1[0m
  [4;35;1mSQL (0.6ms)[0m   [0mROLLBACK[0m
  [4;36;1mSQL (0.1ms)[0m   [0;1mBEGIN[0m
  [4;35;1mSQL (0.1ms)[0m   [0mSAVEPOINT active_record_1[0m
  [4;36;1mAccount Create (0.3ms)[0m   [0;1mINSERT INTO `accounts` (`name`, `created_at`, `updated_at`) VALUES('Name', '2011-01-10 14:32:08', '2011-01-10 14:32:08')[0m
  [4;35;1mSQL (0.1ms)[0m   [0mRELEASE SAVEPOINT active_record_1[0m
  [4;36;1mAccountSetting Load (0.2ms)[0m   [0;1mSELECT * FROM `account_settings` WHERE (`account_settings`.account_id = 4) [0m
  [4;35;1mSQL (0.2ms)[0m   [0mSAVEPOINT active_record_1[0m
  [4;36;1mAccountSetting Load (0.3ms)[0m   [0;1mSELECT `account_settings`.id FROM `account_settings` WHERE (`account_settings`.`name` = BINARY 'foo' AND `account_settings`.`account_id` = 4) LIMIT 1[0m
  [4;35;1mAccount Update (0.2ms)[0m   [0mUPDATE `accounts` SET `updated_at` = '2011-01-10 14:32:08' WHERE `id` = 4[0m
  [4;36;1mAccountSetting Create (0.2ms)[0m   [0;1mINSERT INTO `account_settings` (`name`, `created_at`, `updated_at`, `account_id`, `value`) VALUES('foo', '2011-01-10 14:32:08', '2011-01-10 14:32:08', 4, '1')[0m
  [4;35;1mAccountSetting Load (0.1ms)[0m   [0mSELECT * FROM `account_settings` WHERE (`account_settings`.account_id = 4) [0m
  [4;36;1mSQL (0.1ms)[0m   [0;1mRELEASE SAVEPOINT active_record_1[0m
  [4;35;1mSQL (0.1ms)[0m   [0mSAVEPOINT active_record_1[0m
  [4;36;1mAccount Load (0.1ms)[0m   [0;1mSELECT * FROM `accounts` WHERE (`accounts`.`id` = 4) [0m
  [4;35;1mAccount Update (0.1ms)[0m   [0mUPDATE `accounts` SET `updated_at` = '2011-01-10 14:32:08' WHERE `id` = 4[0m
  [4;36;1mAccountSetting Destroy (0.2ms)[0m   [0;1mDELETE FROM `account_settings` WHERE `id` = 730411616[0m
  [4;35;1mAccountSetting Load (0.2ms)[0m   [0mSELECT * FROM `account_settings` WHERE (`account_settings`.account_id = 4) [0m
  [4;36;1mSQL (0.2ms)[0m   [0;1mRELEASE SAVEPOINT active_record_1[0m
  [4;35;1mAccountSetting Load (0.2ms)[0m   [0mSELECT * FROM `account_settings` WHERE (`account_settings`.account_id = 4) [0m
  [4;36;1mSQL (0.6ms)[0m   [0;1mROLLBACK[0m
  [4;35;1mSQL (0.0ms)[0m   [0mBEGIN[0m
  [4;36;1mSQL (0.0ms)[0m   [0;1mSAVEPOINT active_record_1[0m
  [4;35;1mAccount Create (0.1ms)[0m   [0mINSERT INTO `accounts` (`name`, `created_at`, `updated_at`) VALUES('Name', '2011-01-10 14:32:08', '2011-01-10 14:32:08')[0m
  [4;36;1mSQL (0.0ms)[0m   [0;1mRELEASE SAVEPOINT active_record_1[0m
  [4;35;1mSQL (0.1ms)[0m   [0mSELECT count(*) AS count_all FROM `account_settings` WHERE (`account_settings`.account_id = 5) [0m
  [4;36;1mSQL (0.3ms)[0m   [0;1mROLLBACK[0m
  [4;35;1mSQL (0.0ms)[0m   [0mBEGIN[0m
  [4;36;1mSQL (0.0ms)[0m   [0;1mSAVEPOINT active_record_1[0m
  [4;35;1mAccount Create (0.1ms)[0m   [0mINSERT INTO `accounts` (`name`, `created_at`, `updated_at`) VALUES('Name', '2011-01-10 14:32:08', '2011-01-10 14:32:08')[0m
  [4;36;1mSQL (0.0ms)[0m   [0;1mRELEASE SAVEPOINT active_record_1[0m
  [4;35;1mAccountSetting Load (0.1ms)[0m   [0mSELECT * FROM `account_settings` WHERE (`account_settings`.account_id = 6) [0m
  [4;36;1mSQL (0.4ms)[0m   [0;1mROLLBACK[0m
  [4;35;1mSQL (0.1ms)[0m   [0mBEGIN[0m
  [4;36;1mSQL (0.0ms)[0m   [0;1mSAVEPOINT active_record_1[0m
  [4;35;1mAccount Create (0.2ms)[0m   [0mINSERT INTO `accounts` (`name`, `created_at`, `updated_at`) VALUES('Name', '2011-01-10 14:32:08', '2011-01-10 14:32:08')[0m
  [4;36;1mSQL (0.2ms)[0m   [0;1mRELEASE SAVEPOINT active_record_1[0m
  [4;35;1mSQL (0.3ms)[0m   [0mROLLBACK[0m
  [4;36;1mSQL (0.0ms)[0m   [0;1mBEGIN[0m
  [4;35;1mSQL (0.0ms)[0m   [0mSAVEPOINT active_record_1[0m
  [4;36;1mAccount Create (0.1ms)[0m   [0;1mINSERT INTO `accounts` (`name`, `created_at`, `updated_at`) VALUES('Name', '2011-01-10 14:32:08', '2011-01-10 14:32:08')[0m
  [4;35;1mSQL (0.2ms)[0m   [0mRELEASE SAVEPOINT active_record_1[0m
  [4;36;1mAccountSetting Load (0.2ms)[0m   [0;1mSELECT `account_settings`.id FROM `account_settings` WHERE (`account_settings`.`name` = BINARY 'hello' AND `account_settings`.`account_id` = 8) LIMIT 1[0m
  [4;35;1mAccountSetting Load (0.1ms)[0m   [0mSELECT `account_settings`.id FROM `account_settings` WHERE (`account_settings`.`name` = BINARY 'hel_lo' AND `account_settings`.`account_id` = 8) LIMIT 1[0m
  [4;36;1mAccountSetting Load (0.1ms)[0m   [0;1mSELECT `account_settings`.id FROM `account_settings` WHERE (`account_settings`.`name` = BINARY 'hell0' AND `account_settings`.`account_id` = 8) LIMIT 1[0m
  [4;35;1mAccountSetting Load (0.2ms)[0m   [0mSELECT `account_settings`.id FROM `account_settings` WHERE (`account_settings`.`name` = BINARY '_hello' AND `account_settings`.`account_id` = 8) LIMIT 1[0m
  [4;36;1mAccountSetting Load (0.2ms)[0m   [0;1mSELECT `account_settings`.id FROM `account_settings` WHERE (`account_settings`.`name` = BINARY 'hello' AND `account_settings`.`account_id` = 8) LIMIT 1[0m
  [4;35;1mSQL (0.5ms)[0m   [0mROLLBACK[0m
  [4;36;1mSQL (0.0ms)[0m   [0;1mBEGIN[0m
  [4;35;1mSQL (0.0ms)[0m   [0mSAVEPOINT active_record_1[0m
  [4;36;1mAccount Create (0.1ms)[0m   [0;1mINSERT INTO `accounts` (`name`, `created_at`, `updated_at`) VALUES('Name', '2011-01-10 14:32:08', '2011-01-10 14:32:08')[0m
  [4;35;1mSQL (0.2ms)[0m   [0mRELEASE SAVEPOINT active_record_1[0m
  [4;36;1mSQL (0.2ms)[0m   [0;1mSAVEPOINT active_record_1[0m
  [4;35;1mAccountSetting Load (0.2ms)[0m   [0mSELECT `account_settings`.id FROM `account_settings` WHERE (`account_settings`.`name` = BINARY 'unique' AND `account_settings`.`account_id` = 9) LIMIT 1[0m
  [4;36;1mAccount Update (0.3ms)[0m   [0;1mUPDATE `accounts` SET `updated_at` = '2011-01-10 14:32:08' WHERE `id` = 9[0m
  [4;35;1mAccountSetting Create (0.2ms)[0m   [0mINSERT INTO `account_settings` (`name`, `created_at`, `updated_at`, `account_id`, `value`) VALUES('unique', '2011-01-10 14:32:08', '2011-01-10 14:32:08', 9, NULL)[0m
  [4;36;1mAccountSetting Load (0.2ms)[0m   [0;1mSELECT * FROM `account_settings` WHERE (`account_settings`.account_id = 9) [0m
  [4;35;1mSQL (0.1ms)[0m   [0mRELEASE SAVEPOINT active_record_1[0m
  [4;36;1mSQL (0.2ms)[0m   [0;1mSAVEPOINT active_record_1[0m
  [4;35;1mAccountSetting Load (0.2ms)[0m   [0mSELECT `account_settings`.id FROM `account_settings` WHERE (`account_settings`.`name` = BINARY 'unique' AND `account_settings`.`account_id` = 9) LIMIT 1[0m
  [4;36;1mSQL (0.2ms)[0m   [0;1mROLLBACK TO SAVEPOINT active_record_1[0m
  [4;35;1mSQL (0.4ms)[0m   [0mROLLBACK[0m
  [4;36;1mSQL (0.3ms)[0m   [0;1mSHOW TABLES[0m
  [4;36;1mSQL (0.1ms)[0m   [0;1mSET NAMES 'utf8'[0m
  [4;35;1mSQL (0.1ms)[0m   [0mSET SQL_AUTO_IS_NULL=0[0m
  [4;36;1mSQL (0.3ms)[0m   [0;1mSHOW TABLES[0m
  [4;35;1mSQL (1.2ms)[0m   [0mDROP TABLE `account_settings`[0m
  [4;36;1mSQL (22.3ms)[0m   [0;1mCREATE TABLE `account_settings` (`id` int(11) DEFAULT NULL auto_increment PRIMARY KEY, `account_id` int(11), `name` varchar(255), `value` varchar(255), `created_at` datetime, `updated_at` datetime) ENGINE=InnoDB[0m
  [4;35;1mSQL (0.3ms)[0m   [0mSHOW TABLES[0m
  [4;36;1mSQL (0.8ms)[0m   [0;1mDROP TABLE `accounts`[0m
  [4;35;1mSQL (11.6ms)[0m   [0mCREATE TABLE `accounts` (`id` int(11) DEFAULT NULL auto_increment PRIMARY KEY, `name` varchar(255), `created_at` datetime, `updated_at` datetime) ENGINE=InnoDB[0m
  [4;36;1mSQL (0.3ms)[0m   [0;1mSHOW TABLES[0m
  [4;35;1mSQL (0.1ms)[0m   [0mSELECT version FROM `schema_migrations`[0m
  [4;36;1mSQL (0.4ms)[0m   [0;1mSHOW TABLES[0m
  [4;35;1mAccount Columns (1.0ms)[0m   [0mSHOW FIELDS FROM `accounts`[0m
Unable to load account, underlying cause no such file to load -- account.rb 

 /Users/morten/.rvm/gems/ree-1.8.7-2010.02/gems/activesupport-2.3.10/lib/active_support/dependencies.rb:406:in `load_without_new_constant_marking'
/Users/morten/.rvm/gems/ree-1.8.7-2010.02/gems/activesupport-2.3.10/lib/active_support/dependencies.rb:406:in `load_file'
/Users/morten/.rvm/gems/ree-1.8.7-2010.02/gems/activesupport-2.3.10/lib/active_support/dependencies.rb:547:in `new_constants_in'
/Users/morten/.rvm/gems/ree-1.8.7-2010.02/gems/activesupport-2.3.10/lib/active_support/dependencies.rb:405:in `load_file'
/Users/morten/.rvm/gems/ree-1.8.7-2010.02/gems/activesupport-2.3.10/lib/active_support/dependencies.rb:285:in `require_or_load'
/Users/morten/.rvm/gems/ree-1.8.7-2010.02/gems/activesupport-2.3.10/lib/active_support/dependencies.rb:250:in `depend_on'
/Users/morten/.rvm/gems/ree-1.8.7-2010.02/gems/activesupport-2.3.10/lib/active_support/dependencies.rb:162:in `require_dependency'
/Users/morten/.rvm/gems/ree-1.8.7-2010.02/gems/activerecord-2.3.10/lib/active_record/fixtures.rb:853:in `try_to_load_dependency'
/Users/morten/.rvm/gems/ree-1.8.7-2010.02/gems/activerecord-2.3.10/lib/active_record/fixtures.rb:868:in `require_fixture_classes'
/Users/morten/.rvm/gems/ree-1.8.7-2010.02/gems/activerecord-2.3.10/lib/active_record/fixtures.rb:865:in `each'
/Users/morten/.rvm/gems/ree-1.8.7-2010.02/gems/activerecord-2.3.10/lib/active_record/fixtures.rb:865:in `require_fixture_classes'
/Users/morten/.rvm/gems/ree-1.8.7-2010.02/gems/activerecord-2.3.10/lib/active_record/fixtures.rb:848:in `fixtures'
/Users/morten/.rvm/gems/ree-1.8.7-2010.02/gems/shoulda-2.11.3/lib/shoulda/context.rb:429:in `send'
/Users/morten/.rvm/gems/ree-1.8.7-2010.02/gems/shoulda-2.11.3/lib/shoulda/context.rb:429:in `method_missing'
./test/test_property_sets.rb:15:in `__bind_1294698741_790438'
/Users/morten/.rvm/gems/ree-1.8.7-2010.02/gems/shoulda-2.11.3/lib/shoulda/context.rb:306:in `call'
/Users/morten/.rvm/gems/ree-1.8.7-2010.02/gems/shoulda-2.11.3/lib/shoulda/context.rb:306:in `merge_block'
/Users/morten/.rvm/gems/ree-1.8.7-2010.02/gems/shoulda-2.11.3/lib/shoulda/context.rb:301:in `initialize'
/Users/morten/.rvm/gems/ree-1.8.7-2010.02/gems/shoulda-2.11.3/lib/shoulda/context.rb:199:in `new'
/Users/morten/.rvm/gems/ree-1.8.7-2010.02/gems/shoulda-2.11.3/lib/shoulda/context.rb:199:in `context'
./test/test_property_sets.rb:14
/Users/morten/.rvm/gems/ree-1.8.7-2010.02/gems/rake-0.8.7/lib/rake/rake_test_loader.rb:5:in `load'
/Users/morten/.rvm/gems/ree-1.8.7-2010.02/gems/rake-0.8.7/lib/rake/rake_test_loader.rb:5
/Users/morten/.rvm/gems/ree-1.8.7-2010.02/gems/rake-0.8.7/lib/rake/rake_test_loader.rb:5:in `each'
/Users/morten/.rvm/gems/ree-1.8.7-2010.02/gems/rake-0.8.7/lib/rake/rake_test_loader.rb:5
Unable to load account_setting, underlying cause no such file to load -- account_setting.rb 

 /Users/morten/.rvm/gems/ree-1.8.7-2010.02/gems/activesupport-2.3.10/lib/active_support/dependencies.rb:406:in `load_without_new_constant_marking'
/Users/morten/.rvm/gems/ree-1.8.7-2010.02/gems/activesupport-2.3.10/lib/active_support/dependencies.rb:406:in `load_file'
/Users/morten/.rvm/gems/ree-1.8.7-2010.02/gems/activesupport-2.3.10/lib/active_support/dependencies.rb:547:in `new_constants_in'
/Users/morten/.rvm/gems/ree-1.8.7-2010.02/gems/activesupport-2.3.10/lib/active_support/dependencies.rb:405:in `load_file'
/Users/morten/.rvm/gems/ree-1.8.7-2010.02/gems/activesupport-2.3.10/lib/active_support/dependencies.rb:285:in `require_or_load'
/Users/morten/.rvm/gems/ree-1.8.7-2010.02/gems/activesupport-2.3.10/lib/active_support/dependencies.rb:250:in `depend_on'
/Users/morten/.rvm/gems/ree-1.8.7-2010.02/gems/activesupport-2.3.10/lib/active_support/dependencies.rb:162:in `require_dependency'
/Users/morten/.rvm/gems/ree-1.8.7-2010.02/gems/activerecord-2.3.10/lib/active_record/fixtures.rb:853:in `try_to_load_dependency'
/Users/morten/.rvm/gems/ree-1.8.7-2010.02/gems/activerecord-2.3.10/lib/active_record/fixtures.rb:868:in `require_fixture_classes'
/Users/morten/.rvm/gems/ree-1.8.7-2010.02/gems/activerecord-2.3.10/lib/active_record/fixtures.rb:865:in `each'
/Users/morten/.rvm/gems/ree-1.8.7-2010.02/gems/activerecord-2.3.10/lib/active_record/fixtures.rb:865:in `require_fixture_classes'
/Users/morten/.rvm/gems/ree-1.8.7-2010.02/gems/activerecord-2.3.10/lib/active_record/fixtures.rb:848:in `fixtures'
/Users/morten/.rvm/gems/ree-1.8.7-2010.02/gems/shoulda-2.11.3/lib/shoulda/context.rb:429:in `send'
/Users/morten/.rvm/gems/ree-1.8.7-2010.02/gems/shoulda-2.11.3/lib/shoulda/context.rb:429:in `method_missing'
./test/test_property_sets.rb:15:in `__bind_1294698741_790438'
/Users/morten/.rvm/gems/ree-1.8.7-2010.02/gems/shoulda-2.11.3/lib/shoulda/context.rb:306:in `call'
/Users/morten/.rvm/gems/ree-1.8.7-2010.02/gems/shoulda-2.11.3/lib/shoulda/context.rb:306:in `merge_block'
/Users/morten/.rvm/gems/ree-1.8.7-2010.02/gems/shoulda-2.11.3/lib/shoulda/context.rb:301:in `initialize'
/Users/morten/.rvm/gems/ree-1.8.7-2010.02/gems/shoulda-2.11.3/lib/shoulda/context.rb:199:in `new'
/Users/morten/.rvm/gems/ree-1.8.7-2010.02/gems/shoulda-2.11.3/lib/shoulda/context.rb:199:in `context'
./test/test_property_sets.rb:14
/Users/morten/.rvm/gems/ree-1.8.7-2010.02/gems/rake-0.8.7/lib/rake/rake_test_loader.rb:5:in `load'
/Users/morten/.rvm/gems/ree-1.8.7-2010.02/gems/rake-0.8.7/lib/rake/rake_test_loader.rb:5
/Users/morten/.rvm/gems/ree-1.8.7-2010.02/gems/rake-0.8.7/lib/rake/rake_test_loader.rb:5:in `each'
/Users/morten/.rvm/gems/ree-1.8.7-2010.02/gems/rake-0.8.7/lib/rake/rake_test_loader.rb:5
  [4;36;1mSQL (0.0ms)[0m   [0;1mBEGIN[0m
  [4;35;1mSQL (0.2ms)[0m   [0mSAVEPOINT active_record_1[0m
  [4;36;1mAccount Create (0.2ms)[0m   [0;1mINSERT INTO `accounts` (`name`, `created_at`, `updated_at`) VALUES('Name', '2011-01-10 14:32:21', '2011-01-10 14:32:21')[0m
  [4;35;1mSQL (0.0ms)[0m   [0mRELEASE SAVEPOINT active_record_1[0m
  [4;36;1mSQL (0.2ms)[0m   [0;1mSAVEPOINT active_record_1[0m
  [4;35;1mAccount Load (0.3ms)[0m   [0mSELECT * FROM `accounts` WHERE (`accounts`.`id` = 2) [0m
  [4;36;1mAccountSetting Load (0.2ms)[0m   [0;1mSELECT `account_settings`.id FROM `account_settings` WHERE (`account_settings`.`name` = BINARY 'foo' AND `account_settings`.`account_id` = 2) LIMIT 1[0m
  [4;35;1mSQL (0.1ms)[0m   [0mRELEASE SAVEPOINT active_record_1[0m
  [4;36;1mSQL (0.1ms)[0m   [0;1mSAVEPOINT active_record_1[0m
  [4;35;1mAccount Load (0.1ms)[0m   [0mSELECT * FROM `accounts` WHERE (`accounts`.`id` = 2) [0m
  [4;36;1mAccountSetting Load (0.1ms)[0m   [0;1mSELECT `account_settings`.id FROM `account_settings` WHERE (`account_settings`.`name` = BINARY 'bar' AND `account_settings`.`account_id` = 2) LIMIT 1[0m
  [4;35;1mSQL (0.0ms)[0m   [0mRELEASE SAVEPOINT active_record_1[0m
  [4;36;1mSQL (0.0ms)[0m   [0;1mSAVEPOINT active_record_1[0m
  [4;35;1mAccountSetting Load (0.2ms)[0m   [0mSELECT `account_settings`.id FROM `account_settings` WHERE (`account_settings`.`name` = BINARY 'foo' AND `account_settings`.`account_id` = 2) LIMIT 1[0m
  [4;36;1mAccountSetting Load (0.2ms)[0m   [0;1mSELECT `account_settings`.id FROM `account_settings` WHERE (`account_settings`.`name` = BINARY 'bar' AND `account_settings`.`account_id` = 2) LIMIT 1[0m
  [4;35;1mSQL (0.1ms)[0m   [0mROLLBACK TO SAVEPOINT active_record_1[0m
  [4;36;1mSQL (0.4ms)[0m   [0;1mROLLBACK[0m
  [4;35;1mSQL (0.2ms)[0m   [0mBEGIN[0m
  [4;36;1mSQL (0.2ms)[0m   [0;1mSAVEPOINT active_record_1[0m
  [4;35;1mAccount Create (0.3ms)[0m   [0mINSERT INTO `accounts` (`name`, `created_at`, `updated_at`) VALUES('Name', '2011-01-10 14:32:21', '2011-01-10 14:32:21')[0m
  [4;36;1mSQL (0.2ms)[0m   [0;1mRELEASE SAVEPOINT active_record_1[0m
  [4;35;1mAccountSetting Load (0.2ms)[0m   [0mSELECT * FROM `account_settings` WHERE (`account_settings`.account_id = 3) [0m
  [4;36;1mSQL (0.2ms)[0m   [0;1mSAVEPOINT active_record_1[0m
  [4;35;1mAccountSetting Load (0.3ms)[0m   [0mSELECT `account_settings`.id FROM `account_settings` WHERE (`account_settings`.`name` = BINARY 'foo' AND `account_settings`.`account_id` = 3) LIMIT 1[0m
  [4;36;1mAccount Update (0.3ms)[0m   [0;1mUPDATE `accounts` SET `updated_at` = '2011-01-10 14:32:21' WHERE `id` = 3[0m
  [4;35;1mAccountSetting Create (0.4ms)[0m   [0mINSERT INTO `account_settings` (`name`, `created_at`, `updated_at`, `account_id`, `value`) VALUES('foo', '2011-01-10 14:32:21', '2011-01-10 14:32:21', 3, '1')[0m
  [4;36;1mAccountSetting Load (0.2ms)[0m   [0;1mSELECT * FROM `account_settings` WHERE (`account_settings`.account_id = 3) [0m
  [4;35;1mSQL (0.1ms)[0m   [0mRELEASE SAVEPOINT active_record_1[0m
  [4;36;1mSQL (0.0ms)[0m   [0;1mSAVEPOINT active_record_1[0m
  [4;35;1mAccount Load (0.1ms)[0m   [0mSELECT * FROM `accounts` WHERE (`accounts`.`id` = 3) [0m
  [4;36;1mAccountSetting Load (0.2ms)[0m   [0;1mSELECT `account_settings`.id FROM `account_settings` WHERE (`account_settings`.`name` = BINARY 'foo' AND `account_settings`.`account_id` = 3 AND `account_settings`.id <> 730411615) LIMIT 1[0m
  [4;35;1mAccountSetting Update (0.1ms)[0m   [0mUPDATE `account_settings` SET `updated_at` = '2011-01-10 14:32:21', `value` = '2' WHERE `id` = 730411615[0m
  [4;36;1mSQL (0.1ms)[0m   [0;1mRELEASE SAVEPOINT active_record_1[0m
  [4;35;1mSQL (0.4ms)[0m   [0mROLLBACK[0m
  [4;36;1mSQL (0.0ms)[0m   [0;1mBEGIN[0m
  [4;35;1mSQL (0.2ms)[0m   [0mSAVEPOINT active_record_1[0m
  [4;36;1mAccount Create (0.3ms)[0m   [0;1mINSERT INTO `accounts` (`name`, `created_at`, `updated_at`) VALUES('Name', '2011-01-10 14:32:21', '2011-01-10 14:32:21')[0m
  [4;35;1mSQL (0.2ms)[0m   [0mRELEASE SAVEPOINT active_record_1[0m
  [4;36;1mAccountSetting Load (0.2ms)[0m   [0;1mSELECT * FROM `account_settings` WHERE (`account_settings`.account_id = 4) [0m
  [4;35;1mSQL (0.1ms)[0m   [0mSAVEPOINT active_record_1[0m
  [4;36;1mAccountSetting Load (0.1ms)[0m   [0;1mSELECT `account_settings`.id FROM `account_settings` WHERE (`account_settings`.`name` = BINARY 'foo' AND `account_settings`.`account_id` = 4) LIMIT 1[0m
  [4;35;1mAccount Update (0.2ms)[0m   [0mUPDATE `accounts` SET `updated_at` = '2011-01-10 14:32:21' WHERE `id` = 4[0m
  [4;36;1mAccountSetting Create (0.2ms)[0m   [0;1mINSERT INTO `account_settings` (`name`, `created_at`, `updated_at`, `account_id`, `value`) VALUES('foo', '2011-01-10 14:32:21', '2011-01-10 14:32:21', 4, '1')[0m
  [4;35;1mAccountSetting Load (0.2ms)[0m   [0mSELECT * FROM `account_settings` WHERE (`account_settings`.account_id = 4) [0m
  [4;36;1mSQL (0.2ms)[0m   [0;1mRELEASE SAVEPOINT active_record_1[0m
  [4;35;1mSQL (0.2ms)[0m   [0mSAVEPOINT active_record_1[0m
  [4;36;1mAccount Load (0.2ms)[0m   [0;1mSELECT * FROM `accounts` WHERE (`accounts`.`id` = 4) [0m
  [4;35;1mAccount Update (0.2ms)[0m   [0mUPDATE `accounts` SET `updated_at` = '2011-01-10 14:32:21' WHERE `id` = 4[0m
  [4;36;1mAccountSetting Destroy (0.2ms)[0m   [0;1mDELETE FROM `account_settings` WHERE `id` = 730411616[0m
  [4;35;1mAccountSetting Load (0.2ms)[0m   [0mSELECT * FROM `account_settings` WHERE (`account_settings`.account_id = 4) [0m
  [4;36;1mSQL (0.2ms)[0m   [0;1mRELEASE SAVEPOINT active_record_1[0m
  [4;35;1mAccountSetting Load (0.2ms)[0m   [0mSELECT * FROM `account_settings` WHERE (`account_settings`.account_id = 4) [0m
  [4;36;1mSQL (0.6ms)[0m   [0;1mROLLBACK[0m
  [4;35;1mSQL (0.1ms)[0m   [0mBEGIN[0m
  [4;36;1mSQL (0.1ms)[0m   [0;1mSAVEPOINT active_record_1[0m
  [4;35;1mAccount Create (0.2ms)[0m   [0mINSERT INTO `accounts` (`name`, `created_at`, `updated_at`) VALUES('Name', '2011-01-10 14:32:21', '2011-01-10 14:32:21')[0m
  [4;36;1mSQL (0.0ms)[0m   [0;1mRELEASE SAVEPOINT active_record_1[0m
  [4;35;1mSQL (0.2ms)[0m   [0mSELECT count(*) AS count_all FROM `account_settings` WHERE (`account_settings`.account_id = 5) [0m
  [4;36;1mSQL (0.3ms)[0m   [0;1mROLLBACK[0m
  [4;35;1mSQL (0.0ms)[0m   [0mBEGIN[0m
  [4;36;1mSQL (0.0ms)[0m   [0;1mSAVEPOINT active_record_1[0m
  [4;35;1mAccount Create (0.2ms)[0m   [0mINSERT INTO `accounts` (`name`, `created_at`, `updated_at`) VALUES('Name', '2011-01-10 14:32:21', '2011-01-10 14:32:21')[0m
  [4;36;1mSQL (0.2ms)[0m   [0;1mRELEASE SAVEPOINT active_record_1[0m
  [4;35;1mAccountSetting Load (0.1ms)[0m   [0mSELECT * FROM `account_settings` WHERE (`account_settings`.account_id = 6) [0m
  [4;36;1mSQL (0.3ms)[0m   [0;1mROLLBACK[0m
  [4;35;1mSQL (0.0ms)[0m   [0mBEGIN[0m
  [4;36;1mSQL (0.0ms)[0m   [0;1mSAVEPOINT active_record_1[0m
  [4;35;1mAccount Create (0.1ms)[0m   [0mINSERT INTO `accounts` (`name`, `created_at`, `updated_at`) VALUES('Name', '2011-01-10 14:32:21', '2011-01-10 14:32:21')[0m
  [4;36;1mSQL (0.1ms)[0m   [0;1mRELEASE SAVEPOINT active_record_1[0m
  [4;35;1mSQL (0.2ms)[0m   [0mROLLBACK[0m
  [4;36;1mSQL (0.1ms)[0m   [0;1mBEGIN[0m
  [4;35;1mSQL (0.1ms)[0m   [0mSAVEPOINT active_record_1[0m
  [4;36;1mAccount Create (0.2ms)[0m   [0;1mINSERT INTO `accounts` (`name`, `created_at`, `updated_at`) VALUES('Name', '2011-01-10 14:32:21', '2011-01-10 14:32:21')[0m
  [4;35;1mSQL (0.1ms)[0m   [0mRELEASE SAVEPOINT active_record_1[0m
  [4;36;1mAccountSetting Load (0.4ms)[0m   [0;1mSELECT `account_settings`.id FROM `account_settings` WHERE (`account_settings`.`name` = BINARY 'hello' AND `account_settings`.`account_id` = 8) LIMIT 1[0m
  [4;35;1mAccountSetting Load (0.3ms)[0m   [0mSELECT `account_settings`.id FROM `account_settings` WHERE (`account_settings`.`name` = BINARY 'hel_lo' AND `account_settings`.`account_id` = 8) LIMIT 1[0m
  [4;36;1mAccountSetting Load (0.1ms)[0m   [0;1mSELECT `account_settings`.id FROM `account_settings` WHERE (`account_settings`.`name` = BINARY 'hell0' AND `account_settings`.`account_id` = 8) LIMIT 1[0m
  [4;35;1mAccountSetting Load (0.2ms)[0m   [0mSELECT `account_settings`.id FROM `account_settings` WHERE (`account_settings`.`name` = BINARY '_hello' AND `account_settings`.`account_id` = 8) LIMIT 1[0m
  [4;36;1mAccountSetting Load (0.2ms)[0m   [0;1mSELECT `account_settings`.id FROM `account_settings` WHERE (`account_settings`.`name` = BINARY 'hello' AND `account_settings`.`account_id` = 8) LIMIT 1[0m
  [4;35;1mSQL (0.3ms)[0m   [0mROLLBACK[0m
  [4;36;1mSQL (0.1ms)[0m   [0;1mBEGIN[0m
  [4;35;1mSQL (0.1ms)[0m   [0mSAVEPOINT active_record_1[0m
  [4;36;1mAccount Create (0.2ms)[0m   [0;1mINSERT INTO `accounts` (`name`, `created_at`, `updated_at`) VALUES('Name', '2011-01-10 14:32:21', '2011-01-10 14:32:21')[0m
  [4;35;1mSQL (0.1ms)[0m   [0mRELEASE SAVEPOINT active_record_1[0m
  [4;36;1mSQL (0.1ms)[0m   [0;1mSAVEPOINT active_record_1[0m
  [4;35;1mAccountSetting Load (0.2ms)[0m   [0mSELECT `account_settings`.id FROM `account_settings` WHERE (`account_settings`.`name` = BINARY 'unique' AND `account_settings`.`account_id` = 9) LIMIT 1[0m
  [4;36;1mAccount Update (0.3ms)[0m   [0;1mUPDATE `accounts` SET `updated_at` = '2011-01-10 14:32:21' WHERE `id` = 9[0m
  [4;35;1mAccountSetting Create (0.2ms)[0m   [0mINSERT INTO `account_settings` (`name`, `created_at`, `updated_at`, `account_id`, `value`) VALUES('unique', '2011-01-10 14:32:21', '2011-01-10 14:32:21', 9, NULL)[0m
  [4;36;1mAccountSetting Load (0.2ms)[0m   [0;1mSELECT * FROM `account_settings` WHERE (`account_settings`.account_id = 9) [0m
  [4;35;1mSQL (0.1ms)[0m   [0mRELEASE SAVEPOINT active_record_1[0m
  [4;36;1mSQL (0.1ms)[0m   [0;1mSAVEPOINT active_record_1[0m
  [4;35;1mAccountSetting Load (0.3ms)[0m   [0mSELECT `account_settings`.id FROM `account_settings` WHERE (`account_settings`.`name` = BINARY 'unique' AND `account_settings`.`account_id` = 9) LIMIT 1[0m
  [4;36;1mSQL (0.3ms)[0m   [0;1mROLLBACK TO SAVEPOINT active_record_1[0m
  [4;35;1mSQL (0.5ms)[0m   [0mROLLBACK[0m
  [4;36;1mSQL (0.1ms)[0m   [0;1mSET NAMES 'utf8'[0m
  [4;35;1mSQL (0.1ms)[0m   [0mSET SQL_AUTO_IS_NULL=0[0m
  [4;36;1mSQL (0.3ms)[0m   [0;1mSHOW TABLES[0m
  [4;35;1mSQL (0.9ms)[0m   [0mDROP TABLE `account_settings`[0m
  [4;36;1mSQL (163.5ms)[0m   [0;1mCREATE TABLE `account_settings` (`id` int(11) DEFAULT NULL auto_increment PRIMARY KEY, `account_id` int(11), `name` varchar(255), `value` varchar(255), `created_at` datetime, `updated_at` datetime) ENGINE=InnoDB[0m
  [4;35;1mSQL (0.4ms)[0m   [0mSHOW TABLES[0m
  [4;36;1mSQL (1.1ms)[0m   [0;1mDROP TABLE `accounts`[0m
  [4;35;1mSQL (18.4ms)[0m   [0mCREATE TABLE `accounts` (`id` int(11) DEFAULT NULL auto_increment PRIMARY KEY, `name` varchar(255), `created_at` datetime, `updated_at` datetime) ENGINE=InnoDB[0m
  [4;36;1mSQL (0.4ms)[0m   [0;1mSHOW TABLES[0m
  [4;35;1mSQL (0.2ms)[0m   [0mSELECT version FROM `schema_migrations`[0m
  [4;36;1mSQL (0.4ms)[0m   [0;1mSHOW TABLES[0m
  [4;35;1mAccount Columns (0.9ms)[0m   [0mSHOW FIELDS FROM `accounts`[0m
Unable to load account, underlying cause no such file to load -- account.rb 

 /Users/morten/.rvm/gems/ree-1.8.7-2010.02/gems/activesupport-2.3.10/lib/active_support/dependencies.rb:406:in `load_without_new_constant_marking'
/Users/morten/.rvm/gems/ree-1.8.7-2010.02/gems/activesupport-2.3.10/lib/active_support/dependencies.rb:406:in `load_file'
/Users/morten/.rvm/gems/ree-1.8.7-2010.02/gems/activesupport-2.3.10/lib/active_support/dependencies.rb:547:in `new_constants_in'
/Users/morten/.rvm/gems/ree-1.8.7-2010.02/gems/activesupport-2.3.10/lib/active_support/dependencies.rb:405:in `load_file'
/Users/morten/.rvm/gems/ree-1.8.7-2010.02/gems/activesupport-2.3.10/lib/active_support/dependencies.rb:285:in `require_or_load'
/Users/morten/.rvm/gems/ree-1.8.7-2010.02/gems/activesupport-2.3.10/lib/active_support/dependencies.rb:250:in `depend_on'
/Users/morten/.rvm/gems/ree-1.8.7-2010.02/gems/activesupport-2.3.10/lib/active_support/dependencies.rb:162:in `require_dependency'
/Users/morten/.rvm/gems/ree-1.8.7-2010.02/gems/activerecord-2.3.10/lib/active_record/fixtures.rb:853:in `try_to_load_dependency'
/Users/morten/.rvm/gems/ree-1.8.7-2010.02/gems/activerecord-2.3.10/lib/active_record/fixtures.rb:868:in `require_fixture_classes'
/Users/morten/.rvm/gems/ree-1.8.7-2010.02/gems/activerecord-2.3.10/lib/active_record/fixtures.rb:865:in `each'
/Users/morten/.rvm/gems/ree-1.8.7-2010.02/gems/activerecord-2.3.10/lib/active_record/fixtures.rb:865:in `require_fixture_classes'
/Users/morten/.rvm/gems/ree-1.8.7-2010.02/gems/activerecord-2.3.10/lib/active_record/fixtures.rb:848:in `fixtures'
/Users/morten/.rvm/gems/ree-1.8.7-2010.02/gems/shoulda-2.11.3/lib/shoulda/context.rb:429:in `send'
/Users/morten/.rvm/gems/ree-1.8.7-2010.02/gems/shoulda-2.11.3/lib/shoulda/context.rb:429:in `method_missing'
./test/test_property_sets.rb:15:in `__bind_1294698772_574823'
/Users/morten/.rvm/gems/ree-1.8.7-2010.02/gems/shoulda-2.11.3/lib/shoulda/context.rb:306:in `call'
/Users/morten/.rvm/gems/ree-1.8.7-2010.02/gems/shoulda-2.11.3/lib/shoulda/context.rb:306:in `merge_block'
/Users/morten/.rvm/gems/ree-1.8.7-2010.02/gems/shoulda-2.11.3/lib/shoulda/context.rb:301:in `initialize'
/Users/morten/.rvm/gems/ree-1.8.7-2010.02/gems/shoulda-2.11.3/lib/shoulda/context.rb:199:in `new'
/Users/morten/.rvm/gems/ree-1.8.7-2010.02/gems/shoulda-2.11.3/lib/shoulda/context.rb:199:in `context'
./test/test_property_sets.rb:14
/Users/morten/.rvm/gems/ree-1.8.7-2010.02/gems/rake-0.8.7/lib/rake/rake_test_loader.rb:5:in `load'
/Users/morten/.rvm/gems/ree-1.8.7-2010.02/gems/rake-0.8.7/lib/rake/rake_test_loader.rb:5
/Users/morten/.rvm/gems/ree-1.8.7-2010.02/gems/rake-0.8.7/lib/rake/rake_test_loader.rb:5:in `each'
/Users/morten/.rvm/gems/ree-1.8.7-2010.02/gems/rake-0.8.7/lib/rake/rake_test_loader.rb:5
Unable to load account_setting, underlying cause no such file to load -- account_setting.rb 

 /Users/morten/.rvm/gems/ree-1.8.7-2010.02/gems/activesupport-2.3.10/lib/active_support/dependencies.rb:406:in `load_without_new_constant_marking'
/Users/morten/.rvm/gems/ree-1.8.7-2010.02/gems/activesupport-2.3.10/lib/active_support/dependencies.rb:406:in `load_file'
/Users/morten/.rvm/gems/ree-1.8.7-2010.02/gems/activesupport-2.3.10/lib/active_support/dependencies.rb:547:in `new_constants_in'
/Users/morten/.rvm/gems/ree-1.8.7-2010.02/gems/activesupport-2.3.10/lib/active_support/dependencies.rb:405:in `load_file'
/Users/morten/.rvm/gems/ree-1.8.7-2010.02/gems/activesupport-2.3.10/lib/active_support/dependencies.rb:285:in `require_or_load'
/Users/morten/.rvm/gems/ree-1.8.7-2010.02/gems/activesupport-2.3.10/lib/active_support/dependencies.rb:250:in `depend_on'
/Users/morten/.rvm/gems/ree-1.8.7-2010.02/gems/activesupport-2.3.10/lib/active_support/dependencies.rb:162:in `require_dependency'
/Users/morten/.rvm/gems/ree-1.8.7-2010.02/gems/activerecord-2.3.10/lib/active_record/fixtures.rb:853:in `try_to_load_dependency'
/Users/morten/.rvm/gems/ree-1.8.7-2010.02/gems/activerecord-2.3.10/lib/active_record/fixtures.rb:868:in `require_fixture_classes'
/Users/morten/.rvm/gems/ree-1.8.7-2010.02/gems/activerecord-2.3.10/lib/active_record/fixtures.rb:865:in `each'
/Users/morten/.rvm/gems/ree-1.8.7-2010.02/gems/activerecord-2.3.10/lib/active_record/fixtures.rb:865:in `require_fixture_classes'
/Users/morten/.rvm/gems/ree-1.8.7-2010.02/gems/activerecord-2.3.10/lib/active_record/fixtures.rb:848:in `fixtures'
/Users/morten/.rvm/gems/ree-1.8.7-2010.02/gems/shoulda-2.11.3/lib/shoulda/context.rb:429:in `send'
/Users/morten/.rvm/gems/ree-1.8.7-2010.02/gems/shoulda-2.11.3/lib/shoulda/context.rb:429:in `method_missing'
./test/test_property_sets.rb:15:in `__bind_1294698772_574823'
/Users/morten/.rvm/gems/ree-1.8.7-2010.02/gems/shoulda-2.11.3/lib/shoulda/context.rb:306:in `call'
/Users/morten/.rvm/gems/ree-1.8.7-2010.02/gems/shoulda-2.11.3/lib/shoulda/context.rb:306:in `merge_block'
/Users/morten/.rvm/gems/ree-1.8.7-2010.02/gems/shoulda-2.11.3/lib/shoulda/context.rb:301:in `initialize'
/Users/morten/.rvm/gems/ree-1.8.7-2010.02/gems/shoulda-2.11.3/lib/shoulda/context.rb:199:in `new'
/Users/morten/.rvm/gems/ree-1.8.7-2010.02/gems/shoulda-2.11.3/lib/shoulda/context.rb:199:in `context'
./test/test_property_sets.rb:14
/Users/morten/.rvm/gems/ree-1.8.7-2010.02/gems/rake-0.8.7/lib/rake/rake_test_loader.rb:5:in `load'
/Users/morten/.rvm/gems/ree-1.8.7-2010.02/gems/rake-0.8.7/lib/rake/rake_test_loader.rb:5
/Users/morten/.rvm/gems/ree-1.8.7-2010.02/gems/rake-0.8.7/lib/rake/rake_test_loader.rb:5:in `each'
/Users/morten/.rvm/gems/ree-1.8.7-2010.02/gems/rake-0.8.7/lib/rake/rake_test_loader.rb:5
  [4;36;1mSQL (0.2ms)[0m   [0;1mBEGIN[0m
  [4;35;1mSQL (0.1ms)[0m   [0mSAVEPOINT active_record_1[0m
  [4;36;1mAccount Create (0.2ms)[0m   [0;1mINSERT INTO `accounts` (`name`, `created_at`, `updated_at`) VALUES('Name', '2011-01-10 14:32:52', '2011-01-10 14:32:52')[0m
  [4;35;1mSQL (0.1ms)[0m   [0mRELEASE SAVEPOINT active_record_1[0m
  [4;36;1mSQL (0.2ms)[0m   [0;1mSAVEPOINT active_record_1[0m
  [4;35;1mAccount Load (0.3ms)[0m   [0mSELECT * FROM `accounts` WHERE (`accounts`.`id` = 2) [0m
  [4;36;1mAccountSetting Load (0.3ms)[0m   [0;1mSELECT `account_settings`.id FROM `account_settings` WHERE (`account_settings`.`name` = BINARY 'foo' AND `account_settings`.`account_id` = 2) LIMIT 1[0m
  [4;35;1mSQL (0.2ms)[0m   [0mRELEASE SAVEPOINT active_record_1[0m
  [4;36;1mSQL (0.2ms)[0m   [0;1mSAVEPOINT active_record_1[0m
  [4;35;1mAccount Load (0.1ms)[0m   [0mSELECT * FROM `accounts` WHERE (`accounts`.`id` = 2) [0m
  [4;36;1mAccountSetting Load (0.1ms)[0m   [0;1mSELECT `account_settings`.id FROM `account_settings` WHERE (`account_settings`.`name` = BINARY 'bar' AND `account_settings`.`account_id` = 2) LIMIT 1[0m
  [4;35;1mSQL (0.0ms)[0m   [0mRELEASE SAVEPOINT active_record_1[0m
  [4;36;1mSQL (0.0ms)[0m   [0;1mSAVEPOINT active_record_1[0m
  [4;35;1mAccountSetting Load (0.1ms)[0m   [0mSELECT `account_settings`.id FROM `account_settings` WHERE (`account_settings`.`name` = BINARY 'foo' AND `account_settings`.`account_id` = 2) LIMIT 1[0m
  [4;36;1mAccountSetting Load (0.1ms)[0m   [0;1mSELECT `account_settings`.id FROM `account_settings` WHERE (`account_settings`.`name` = BINARY 'bar' AND `account_settings`.`account_id` = 2) LIMIT 1[0m
  [4;35;1mSQL (0.2ms)[0m   [0mROLLBACK TO SAVEPOINT active_record_1[0m
  [4;36;1mAccount Load (0.1ms)[0m   [0;1mSELECT * FROM `accounts` WHERE (`accounts`.`id` = 2) [0m
  [4;35;1mSQL (0.2ms)[0m   [0mSELECT count(*) AS count_all FROM `account_settings` WHERE (`account_settings`.account_id = 2) [0m
  [4;36;1mSQL (0.5ms)[0m   [0;1mROLLBACK[0m
  [4;35;1mSQL (0.1ms)[0m   [0mBEGIN[0m
  [4;36;1mSQL (0.2ms)[0m   [0;1mSAVEPOINT active_record_1[0m
  [4;35;1mAccount Create (0.2ms)[0m   [0mINSERT INTO `accounts` (`name`, `created_at`, `updated_at`) VALUES('Name', '2011-01-10 14:32:52', '2011-01-10 14:32:52')[0m
  [4;36;1mSQL (0.1ms)[0m   [0;1mRELEASE SAVEPOINT active_record_1[0m
  [4;35;1mAccountSetting Load (0.4ms)[0m   [0mSELECT * FROM `account_settings` WHERE (`account_settings`.account_id = 3) [0m
  [4;36;1mSQL (0.1ms)[0m   [0;1mSAVEPOINT active_record_1[0m
  [4;35;1mAccountSetting Load (0.4ms)[0m   [0mSELECT `account_settings`.id FROM `account_settings` WHERE (`account_settings`.`name` = BINARY 'foo' AND `account_settings`.`account_id` = 3) LIMIT 1[0m
  [4;36;1mAccount Update (0.4ms)[0m   [0;1mUPDATE `accounts` SET `updated_at` = '2011-01-10 14:32:52' WHERE `id` = 3[0m
  [4;35;1mAccountSetting Create (0.3ms)[0m   [0mINSERT INTO `account_settings` (`name`, `created_at`, `updated_at`, `account_id`, `value`) VALUES('foo', '2011-01-10 14:32:52', '2011-01-10 14:32:52', 3, '1')[0m
  [4;36;1mAccountSetting Load (0.4ms)[0m   [0;1mSELECT * FROM `account_settings` WHERE (`account_settings`.account_id = 3) [0m
  [4;35;1mSQL (0.2ms)[0m   [0mRELEASE SAVEPOINT active_record_1[0m
  [4;36;1mSQL (0.2ms)[0m   [0;1mSAVEPOINT active_record_1[0m
  [4;35;1mAccount Load (0.2ms)[0m   [0mSELECT * FROM `accounts` WHERE (`accounts`.`id` = 3) [0m
  [4;36;1mAccountSetting Load (0.3ms)[0m   [0;1mSELECT `account_settings`.id FROM `account_settings` WHERE (`account_settings`.`name` = BINARY 'foo' AND `account_settings`.`account_id` = 3 AND `account_settings`.id <> 730411615) LIMIT 1[0m
  [4;35;1mAccountSetting Update (0.2ms)[0m   [0mUPDATE `account_settings` SET `updated_at` = '2011-01-10 14:32:52', `value` = '2' WHERE `id` = 730411615[0m
  [4;36;1mSQL (0.1ms)[0m   [0;1mRELEASE SAVEPOINT active_record_1[0m
  [4;35;1mSQL (0.4ms)[0m   [0mROLLBACK[0m
  [4;36;1mSQL (0.1ms)[0m   [0;1mBEGIN[0m
  [4;35;1mSQL (0.1ms)[0m   [0mSAVEPOINT active_record_1[0m
  [4;36;1mAccount Create (0.2ms)[0m   [0;1mINSERT INTO `accounts` (`name`, `created_at`, `updated_at`) VALUES('Name', '2011-01-10 14:32:52', '2011-01-10 14:32:52')[0m
  [4;35;1mSQL (0.1ms)[0m   [0mRELEASE SAVEPOINT active_record_1[0m
  [4;36;1mAccountSetting Load (0.2ms)[0m   [0;1mSELECT * FROM `account_settings` WHERE (`account_settings`.account_id = 4) [0m
  [4;35;1mSQL (0.1ms)[0m   [0mSAVEPOINT active_record_1[0m
  [4;36;1mAccountSetting Load (0.2ms)[0m   [0;1mSELECT `account_settings`.id FROM `account_settings` WHERE (`account_settings`.`name` = BINARY 'foo' AND `account_settings`.`account_id` = 4) LIMIT 1[0m
  [4;35;1mAccount Update (0.2ms)[0m   [0mUPDATE `accounts` SET `updated_at` = '2011-01-10 14:32:52' WHERE `id` = 4[0m
  [4;36;1mAccountSetting Create (0.2ms)[0m   [0;1mINSERT INTO `account_settings` (`name`, `created_at`, `updated_at`, `account_id`, `value`) VALUES('foo', '2011-01-10 14:32:52', '2011-01-10 14:32:52', 4, '1')[0m
  [4;35;1mAccountSetting Load (0.2ms)[0m   [0mSELECT * FROM `account_settings` WHERE (`account_settings`.account_id = 4) [0m
  [4;36;1mSQL (0.2ms)[0m   [0;1mRELEASE SAVEPOINT active_record_1[0m
  [4;35;1mSQL (0.2ms)[0m   [0mSAVEPOINT active_record_1[0m
  [4;36;1mAccount Load (0.1ms)[0m   [0;1mSELECT * FROM `accounts` WHERE (`accounts`.`id` = 4) [0m
  [4;35;1mAccount Update (0.1ms)[0m   [0mUPDATE `accounts` SET `updated_at` = '2011-01-10 14:32:52' WHERE `id` = 4[0m
  [4;36;1mAccountSetting Destroy (0.1ms)[0m   [0;1mDELETE FROM `account_settings` WHERE `id` = 730411616[0m
  [4;35;1mAccountSetting Load (0.2ms)[0m   [0mSELECT * FROM `account_settings` WHERE (`account_settings`.account_id = 4) [0m
  [4;36;1mSQL (0.2ms)[0m   [0;1mRELEASE SAVEPOINT active_record_1[0m
  [4;35;1mAccountSetting Load (0.1ms)[0m   [0mSELECT * FROM `account_settings` WHERE (`account_settings`.account_id = 4) [0m
  [4;36;1mSQL (0.4ms)[0m   [0;1mROLLBACK[0m
  [4;35;1mSQL (0.1ms)[0m   [0mBEGIN[0m
  [4;36;1mSQL (0.1ms)[0m   [0;1mSAVEPOINT active_record_1[0m
  [4;35;1mAccount Create (0.2ms)[0m   [0mINSERT INTO `accounts` (`name`, `created_at`, `updated_at`) VALUES('Name', '2011-01-10 14:32:52', '2011-01-10 14:32:52')[0m
  [4;36;1mSQL (0.1ms)[0m   [0;1mRELEASE SAVEPOINT active_record_1[0m
  [4;35;1mSQL (0.2ms)[0m   [0mSELECT count(*) AS count_all FROM `account_settings` WHERE (`account_settings`.account_id = 5) [0m
  [4;36;1mSQL (0.3ms)[0m   [0;1mROLLBACK[0m
  [4;35;1mSQL (0.1ms)[0m   [0mBEGIN[0m
  [4;36;1mSQL (0.0ms)[0m   [0;1mSAVEPOINT active_record_1[0m
  [4;35;1mAccount Create (0.1ms)[0m   [0mINSERT INTO `accounts` (`name`, `created_at`, `updated_at`) VALUES('Name', '2011-01-10 14:32:52', '2011-01-10 14:32:52')[0m
  [4;36;1mSQL (0.1ms)[0m   [0;1mRELEASE SAVEPOINT active_record_1[0m
  [4;35;1mAccountSetting Load (0.1ms)[0m   [0mSELECT * FROM `account_settings` WHERE (`account_settings`.account_id = 6) [0m
  [4;36;1mSQL (0.3ms)[0m   [0;1mROLLBACK[0m
  [4;35;1mSQL (0.1ms)[0m   [0mBEGIN[0m
  [4;36;1mSQL (0.1ms)[0m   [0;1mSAVEPOINT active_record_1[0m
  [4;35;1mAccount Create (0.1ms)[0m   [0mINSERT INTO `accounts` (`name`, `created_at`, `updated_at`) VALUES('Name', '2011-01-10 14:32:52', '2011-01-10 14:32:52')[0m
  [4;36;1mSQL (0.1ms)[0m   [0;1mRELEASE SAVEPOINT active_record_1[0m
  [4;35;1mSQL (0.2ms)[0m   [0mROLLBACK[0m
  [4;36;1mSQL (0.1ms)[0m   [0;1mBEGIN[0m
  [4;35;1mSQL (0.1ms)[0m   [0mSAVEPOINT active_record_1[0m
  [4;36;1mAccount Create (0.1ms)[0m   [0;1mINSERT INTO `accounts` (`name`, `created_at`, `updated_at`) VALUES('Name', '2011-01-10 14:32:52', '2011-01-10 14:32:52')[0m
  [4;35;1mSQL (0.1ms)[0m   [0mRELEASE SAVEPOINT active_record_1[0m
  [4;36;1mAccountSetting Load (0.2ms)[0m   [0;1mSELECT `account_settings`.id FROM `account_settings` WHERE (`account_settings`.`name` = BINARY 'hello' AND `account_settings`.`account_id` = 8) LIMIT 1[0m
  [4;35;1mAccountSetting Load (0.1ms)[0m   [0mSELECT `account_settings`.id FROM `account_settings` WHERE (`account_settings`.`name` = BINARY 'hel_lo' AND `account_settings`.`account_id` = 8) LIMIT 1[0m
  [4;36;1mAccountSetting Load (0.1ms)[0m   [0;1mSELECT `account_settings`.id FROM `account_settings` WHERE (`account_settings`.`name` = BINARY 'hell0' AND `account_settings`.`account_id` = 8) LIMIT 1[0m
  [4;35;1mAccountSetting Load (0.1ms)[0m   [0mSELECT `account_settings`.id FROM `account_settings` WHERE (`account_settings`.`name` = BINARY '_hello' AND `account_settings`.`account_id` = 8) LIMIT 1[0m
  [4;36;1mAccountSetting Load (0.1ms)[0m   [0;1mSELECT `account_settings`.id FROM `account_settings` WHERE (`account_settings`.`name` = BINARY 'hello' AND `account_settings`.`account_id` = 8) LIMIT 1[0m
  [4;35;1mSQL (0.3ms)[0m   [0mROLLBACK[0m
  [4;36;1mSQL (0.1ms)[0m   [0;1mBEGIN[0m
  [4;35;1mSQL (0.1ms)[0m   [0mSAVEPOINT active_record_1[0m
  [4;36;1mAccount Create (0.2ms)[0m   [0;1mINSERT INTO `accounts` (`name`, `created_at`, `updated_at`) VALUES('Name', '2011-01-10 14:32:52', '2011-01-10 14:32:52')[0m
  [4;35;1mSQL (0.2ms)[0m   [0mRELEASE SAVEPOINT active_record_1[0m
  [4;36;1mSQL (0.2ms)[0m   [0;1mSAVEPOINT active_record_1[0m
  [4;35;1mAccountSetting Load (0.2ms)[0m   [0mSELECT `account_settings`.id FROM `account_settings` WHERE (`account_settings`.`name` = BINARY 'unique' AND `account_settings`.`account_id` = 9) LIMIT 1[0m
  [4;36;1mAccount Update (0.2ms)[0m   [0;1mUPDATE `accounts` SET `updated_at` = '2011-01-10 14:32:52' WHERE `id` = 9[0m
  [4;35;1mAccountSetting Create (0.1ms)[0m   [0mINSERT INTO `account_settings` (`name`, `created_at`, `updated_at`, `account_id`, `value`) VALUES('unique', '2011-01-10 14:32:52', '2011-01-10 14:32:52', 9, NULL)[0m
  [4;36;1mAccountSetting Load (0.2ms)[0m   [0;1mSELECT * FROM `account_settings` WHERE (`account_settings`.account_id = 9) [0m
  [4;35;1mSQL (0.1ms)[0m   [0mRELEASE SAVEPOINT active_record_1[0m
  [4;36;1mSQL (0.1ms)[0m   [0;1mSAVEPOINT active_record_1[0m
  [4;35;1mAccountSetting Load (0.1ms)[0m   [0mSELECT `account_settings`.id FROM `account_settings` WHERE (`account_settings`.`name` = BINARY 'unique' AND `account_settings`.`account_id` = 9) LIMIT 1[0m
  [4;36;1mSQL (0.3ms)[0m   [0;1mROLLBACK TO SAVEPOINT active_record_1[0m
  [4;35;1mSQL (0.6ms)[0m   [0mROLLBACK[0m
  [4;36;1mSQL (0.2ms)[0m   [0;1mSET NAMES 'utf8'[0m
  [4;35;1mSQL (0.1ms)[0m   [0mSET SQL_AUTO_IS_NULL=0[0m
  [4;36;1mSQL (0.3ms)[0m   [0;1mSHOW TABLES[0m
  [4;35;1mSQL (0.9ms)[0m   [0mDROP TABLE `account_settings`[0m
  [4;36;1mSQL (185.8ms)[0m   [0;1mCREATE TABLE `account_settings` (`id` int(11) DEFAULT NULL auto_increment PRIMARY KEY, `account_id` int(11), `name` varchar(255), `value` varchar(255), `created_at` datetime, `updated_at` datetime) ENGINE=InnoDB[0m
  [4;35;1mSQL (0.4ms)[0m   [0mSHOW TABLES[0m
  [4;36;1mSQL (0.9ms)[0m   [0;1mDROP TABLE `accounts`[0m
  [4;35;1mSQL (12.3ms)[0m   [0mCREATE TABLE `accounts` (`id` int(11) DEFAULT NULL auto_increment PRIMARY KEY, `name` varchar(255), `created_at` datetime, `updated_at` datetime) ENGINE=InnoDB[0m
  [4;36;1mSQL (0.3ms)[0m   [0;1mSHOW TABLES[0m
  [4;35;1mSQL (0.1ms)[0m   [0mSELECT version FROM `schema_migrations`[0m
  [4;36;1mSQL (0.4ms)[0m   [0;1mSHOW TABLES[0m
  [4;35;1mAccount Columns (1.2ms)[0m   [0mSHOW FIELDS FROM `accounts`[0m
Unable to load account, underlying cause no such file to load -- account.rb 

 /Users/morten/.rvm/gems/ree-1.8.7-2010.02/gems/activesupport-2.3.10/lib/active_support/dependencies.rb:406:in `load_without_new_constant_marking'
/Users/morten/.rvm/gems/ree-1.8.7-2010.02/gems/activesupport-2.3.10/lib/active_support/dependencies.rb:406:in `load_file'
/Users/morten/.rvm/gems/ree-1.8.7-2010.02/gems/activesupport-2.3.10/lib/active_support/dependencies.rb:547:in `new_constants_in'
/Users/morten/.rvm/gems/ree-1.8.7-2010.02/gems/activesupport-2.3.10/lib/active_support/dependencies.rb:405:in `load_file'
/Users/morten/.rvm/gems/ree-1.8.7-2010.02/gems/activesupport-2.3.10/lib/active_support/dependencies.rb:285:in `require_or_load'
/Users/morten/.rvm/gems/ree-1.8.7-2010.02/gems/activesupport-2.3.10/lib/active_support/dependencies.rb:250:in `depend_on'
/Users/morten/.rvm/gems/ree-1.8.7-2010.02/gems/activesupport-2.3.10/lib/active_support/dependencies.rb:162:in `require_dependency'
/Users/morten/.rvm/gems/ree-1.8.7-2010.02/gems/activerecord-2.3.10/lib/active_record/fixtures.rb:853:in `try_to_load_dependency'
/Users/morten/.rvm/gems/ree-1.8.7-2010.02/gems/activerecord-2.3.10/lib/active_record/fixtures.rb:868:in `require_fixture_classes'
/Users/morten/.rvm/gems/ree-1.8.7-2010.02/gems/activerecord-2.3.10/lib/active_record/fixtures.rb:865:in `each'
/Users/morten/.rvm/gems/ree-1.8.7-2010.02/gems/activerecord-2.3.10/lib/active_record/fixtures.rb:865:in `require_fixture_classes'
/Users/morten/.rvm/gems/ree-1.8.7-2010.02/gems/activerecord-2.3.10/lib/active_record/fixtures.rb:848:in `fixtures'
/Users/morten/.rvm/gems/ree-1.8.7-2010.02/gems/shoulda-2.11.3/lib/shoulda/context.rb:429:in `send'
/Users/morten/.rvm/gems/ree-1.8.7-2010.02/gems/shoulda-2.11.3/lib/shoulda/context.rb:429:in `method_missing'
./test/test_property_sets.rb:15:in `__bind_1294698883_797089'
/Users/morten/.rvm/gems/ree-1.8.7-2010.02/gems/shoulda-2.11.3/lib/shoulda/context.rb:306:in `call'
/Users/morten/.rvm/gems/ree-1.8.7-2010.02/gems/shoulda-2.11.3/lib/shoulda/context.rb:306:in `merge_block'
/Users/morten/.rvm/gems/ree-1.8.7-2010.02/gems/shoulda-2.11.3/lib/shoulda/context.rb:301:in `initialize'
/Users/morten/.rvm/gems/ree-1.8.7-2010.02/gems/shoulda-2.11.3/lib/shoulda/context.rb:199:in `new'
/Users/morten/.rvm/gems/ree-1.8.7-2010.02/gems/shoulda-2.11.3/lib/shoulda/context.rb:199:in `context'
./test/test_property_sets.rb:14
/Users/morten/.rvm/gems/ree-1.8.7-2010.02/gems/rake-0.8.7/lib/rake/rake_test_loader.rb:5:in `load'
/Users/morten/.rvm/gems/ree-1.8.7-2010.02/gems/rake-0.8.7/lib/rake/rake_test_loader.rb:5
/Users/morten/.rvm/gems/ree-1.8.7-2010.02/gems/rake-0.8.7/lib/rake/rake_test_loader.rb:5:in `each'
/Users/morten/.rvm/gems/ree-1.8.7-2010.02/gems/rake-0.8.7/lib/rake/rake_test_loader.rb:5
Unable to load account_setting, underlying cause no such file to load -- account_setting.rb 

 /Users/morten/.rvm/gems/ree-1.8.7-2010.02/gems/activesupport-2.3.10/lib/active_support/dependencies.rb:406:in `load_without_new_constant_marking'
/Users/morten/.rvm/gems/ree-1.8.7-2010.02/gems/activesupport-2.3.10/lib/active_support/dependencies.rb:406:in `load_file'
/Users/morten/.rvm/gems/ree-1.8.7-2010.02/gems/activesupport-2.3.10/lib/active_support/dependencies.rb:547:in `new_constants_in'
/Users/morten/.rvm/gems/ree-1.8.7-2010.02/gems/activesupport-2.3.10/lib/active_support/dependencies.rb:405:in `load_file'
/Users/morten/.rvm/gems/ree-1.8.7-2010.02/gems/activesupport-2.3.10/lib/active_support/dependencies.rb:285:in `require_or_load'
/Users/morten/.rvm/gems/ree-1.8.7-2010.02/gems/activesupport-2.3.10/lib/active_support/dependencies.rb:250:in `depend_on'
/Users/morten/.rvm/gems/ree-1.8.7-2010.02/gems/activesupport-2.3.10/lib/active_support/dependencies.rb:162:in `require_dependency'
/Users/morten/.rvm/gems/ree-1.8.7-2010.02/gems/activerecord-2.3.10/lib/active_record/fixtures.rb:853:in `try_to_load_dependency'
/Users/morten/.rvm/gems/ree-1.8.7-2010.02/gems/activerecord-2.3.10/lib/active_record/fixtures.rb:868:in `require_fixture_classes'
/Users/morten/.rvm/gems/ree-1.8.7-2010.02/gems/activerecord-2.3.10/lib/active_record/fixtures.rb:865:in `each'
/Users/morten/.rvm/gems/ree-1.8.7-2010.02/gems/activerecord-2.3.10/lib/active_record/fixtures.rb:865:in `require_fixture_classes'
/Users/morten/.rvm/gems/ree-1.8.7-2010.02/gems/activerecord-2.3.10/lib/active_record/fixtures.rb:848:in `fixtures'
/Users/morten/.rvm/gems/ree-1.8.7-2010.02/gems/shoulda-2.11.3/lib/shoulda/context.rb:429:in `send'
/Users/morten/.rvm/gems/ree-1.8.7-2010.02/gems/shoulda-2.11.3/lib/shoulda/context.rb:429:in `method_missing'
./test/test_property_sets.rb:15:in `__bind_1294698883_797089'
/Users/morten/.rvm/gems/ree-1.8.7-2010.02/gems/shoulda-2.11.3/lib/shoulda/context.rb:306:in `call'
/Users/morten/.rvm/gems/ree-1.8.7-2010.02/gems/shoulda-2.11.3/lib/shoulda/context.rb:306:in `merge_block'
/Users/morten/.rvm/gems/ree-1.8.7-2010.02/gems/shoulda-2.11.3/lib/shoulda/context.rb:301:in `initialize'
/Users/morten/.rvm/gems/ree-1.8.7-2010.02/gems/shoulda-2.11.3/lib/shoulda/context.rb:199:in `new'
/Users/morten/.rvm/gems/ree-1.8.7-2010.02/gems/shoulda-2.11.3/lib/shoulda/context.rb:199:in `context'
./test/test_property_sets.rb:14
/Users/morten/.rvm/gems/ree-1.8.7-2010.02/gems/rake-0.8.7/lib/rake/rake_test_loader.rb:5:in `load'
/Users/morten/.rvm/gems/ree-1.8.7-2010.02/gems/rake-0.8.7/lib/rake/rake_test_loader.rb:5
/Users/morten/.rvm/gems/ree-1.8.7-2010.02/gems/rake-0.8.7/lib/rake/rake_test_loader.rb:5:in `each'
/Users/morten/.rvm/gems/ree-1.8.7-2010.02/gems/rake-0.8.7/lib/rake/rake_test_loader.rb:5
  [4;36;1mSQL (0.1ms)[0m   [0;1mBEGIN[0m
  [4;35;1mSQL (0.2ms)[0m   [0mSAVEPOINT active_record_1[0m
  [4;36;1mAccount Create (0.4ms)[0m   [0;1mINSERT INTO `accounts` (`name`, `created_at`, `updated_at`) VALUES('Name', '2011-01-10 14:34:43', '2011-01-10 14:34:43')[0m
  [4;35;1mSQL (0.2ms)[0m   [0mRELEASE SAVEPOINT active_record_1[0m
  [4;36;1mSQL (0.1ms)[0m   [0;1mSAVEPOINT active_record_1[0m
  [4;35;1mAccount Load (0.3ms)[0m   [0mSELECT * FROM `accounts` WHERE (`accounts`.`id` = 2) [0m
  [4;36;1mAccountSetting Load (0.4ms)[0m   [0;1mSELECT `account_settings`.id FROM `account_settings` WHERE (`account_settings`.`name` = BINARY 'foo' AND `account_settings`.`account_id` = 2) LIMIT 1[0m
  [4;35;1mSQL (0.1ms)[0m   [0mRELEASE SAVEPOINT active_record_1[0m
  [4;36;1mSQL (0.0ms)[0m   [0;1mSAVEPOINT active_record_1[0m
  [4;35;1mAccount Load (0.1ms)[0m   [0mSELECT * FROM `accounts` WHERE (`accounts`.`id` = 2) [0m
  [4;36;1mAccountSetting Load (0.1ms)[0m   [0;1mSELECT `account_settings`.id FROM `account_settings` WHERE (`account_settings`.`name` = BINARY 'bar' AND `account_settings`.`account_id` = 2) LIMIT 1[0m
  [4;35;1mSQL (0.0ms)[0m   [0mRELEASE SAVEPOINT active_record_1[0m
  [4;36;1mSQL (0.1ms)[0m   [0;1mSAVEPOINT active_record_1[0m
  [4;35;1mAccountSetting Load (0.2ms)[0m   [0mSELECT `account_settings`.id FROM `account_settings` WHERE (`account_settings`.`name` = BINARY 'foo' AND `account_settings`.`account_id` = 2) LIMIT 1[0m
  [4;36;1mAccountSetting Load (0.2ms)[0m   [0;1mSELECT `account_settings`.id FROM `account_settings` WHERE (`account_settings`.`name` = BINARY 'bar' AND `account_settings`.`account_id` = 2) LIMIT 1[0m
  [4;35;1mSQL (0.1ms)[0m   [0mROLLBACK TO SAVEPOINT active_record_1[0m
  [4;36;1mSQL (0.5ms)[0m   [0;1mROLLBACK[0m
  [4;35;1mSQL (0.1ms)[0m   [0mBEGIN[0m
  [4;36;1mSQL (0.0ms)[0m   [0;1mSAVEPOINT active_record_1[0m
  [4;35;1mAccount Create (0.1ms)[0m   [0mINSERT INTO `accounts` (`name`, `created_at`, `updated_at`) VALUES('Name', '2011-01-10 14:34:43', '2011-01-10 14:34:43')[0m
  [4;36;1mSQL (0.0ms)[0m   [0;1mRELEASE SAVEPOINT active_record_1[0m
  [4;35;1mAccountSetting Load (0.2ms)[0m   [0mSELECT * FROM `account_settings` WHERE (`account_settings`.account_id = 3) [0m
  [4;36;1mSQL (0.2ms)[0m   [0;1mSAVEPOINT active_record_1[0m
  [4;35;1mAccountSetting Load (0.4ms)[0m   [0mSELECT `account_settings`.id FROM `account_settings` WHERE (`account_settings`.`name` = BINARY 'foo' AND `account_settings`.`account_id` = 3) LIMIT 1[0m
  [4;36;1mAccount Update (0.3ms)[0m   [0;1mUPDATE `accounts` SET `updated_at` = '2011-01-10 14:34:43' WHERE `id` = 3[0m
  [4;35;1mAccountSetting Create (0.2ms)[0m   [0mINSERT INTO `account_settings` (`name`, `created_at`, `updated_at`, `account_id`, `value`) VALUES('foo', '2011-01-10 14:34:43', '2011-01-10 14:34:43', 3, '1')[0m
  [4;36;1mAccountSetting Load (0.2ms)[0m   [0;1mSELECT * FROM `account_settings` WHERE (`account_settings`.account_id = 3) [0m
  [4;35;1mSQL (0.2ms)[0m   [0mRELEASE SAVEPOINT active_record_1[0m
  [4;36;1mSQL (0.2ms)[0m   [0;1mSAVEPOINT active_record_1[0m
  [4;35;1mAccount Load (0.2ms)[0m   [0mSELECT * FROM `accounts` WHERE (`accounts`.`id` = 3) [0m
  [4;36;1mAccountSetting Load (0.2ms)[0m   [0;1mSELECT `account_settings`.id FROM `account_settings` WHERE (`account_settings`.`name` = BINARY 'foo' AND `account_settings`.`account_id` = 3 AND `account_settings`.id <> 730411615) LIMIT 1[0m
  [4;35;1mAccountSetting Update (0.1ms)[0m   [0mUPDATE `account_settings` SET `updated_at` = '2011-01-10 14:34:43', `value` = '2' WHERE `id` = 730411615[0m
  [4;36;1mSQL (0.0ms)[0m   [0;1mRELEASE SAVEPOINT active_record_1[0m
  [4;35;1mSQL (0.4ms)[0m   [0mROLLBACK[0m
  [4;36;1mSQL (0.1ms)[0m   [0;1mBEGIN[0m
  [4;35;1mSQL (0.1ms)[0m   [0mSAVEPOINT active_record_1[0m
  [4;36;1mAccount Create (0.2ms)[0m   [0;1mINSERT INTO `accounts` (`name`, `created_at`, `updated_at`) VALUES('Name', '2011-01-10 14:34:43', '2011-01-10 14:34:43')[0m
  [4;35;1mSQL (0.1ms)[0m   [0mRELEASE SAVEPOINT active_record_1[0m
  [4;36;1mAccountSetting Load (0.2ms)[0m   [0;1mSELECT * FROM `account_settings` WHERE (`account_settings`.account_id = 4) [0m
  [4;35;1mSQL (0.1ms)[0m   [0mSAVEPOINT active_record_1[0m
  [4;36;1mAccountSetting Load (0.3ms)[0m   [0;1mSELECT `account_settings`.id FROM `account_settings` WHERE (`account_settings`.`name` = BINARY 'foo' AND `account_settings`.`account_id` = 4) LIMIT 1[0m
  [4;35;1mAccount Update (0.3ms)[0m   [0mUPDATE `accounts` SET `updated_at` = '2011-01-10 14:34:43' WHERE `id` = 4[0m
  [4;36;1mAccountSetting Create (0.1ms)[0m   [0;1mINSERT INTO `account_settings` (`name`, `created_at`, `updated_at`, `account_id`, `value`) VALUES('foo', '2011-01-10 14:34:43', '2011-01-10 14:34:43', 4, '1')[0m
  [4;35;1mAccountSetting Load (0.1ms)[0m   [0mSELECT * FROM `account_settings` WHERE (`account_settings`.account_id = 4) [0m
  [4;36;1mSQL (0.0ms)[0m   [0;1mRELEASE SAVEPOINT active_record_1[0m
  [4;35;1mSQL (0.0ms)[0m   [0mSAVEPOINT active_record_1[0m
  [4;36;1mAccount Load (0.1ms)[0m   [0;1mSELECT * FROM `accounts` WHERE (`accounts`.`id` = 4) [0m
  [4;35;1mAccount Update (0.1ms)[0m   [0mUPDATE `accounts` SET `updated_at` = '2011-01-10 14:34:43' WHERE `id` = 4[0m
  [4;36;1mAccountSetting Destroy (0.1ms)[0m   [0;1mDELETE FROM `account_settings` WHERE `id` = 730411616[0m
  [4;35;1mAccountSetting Load (0.1ms)[0m   [0mSELECT * FROM `account_settings` WHERE (`account_settings`.account_id = 4) [0m
  [4;36;1mSQL (0.1ms)[0m   [0;1mRELEASE SAVEPOINT active_record_1[0m
  [4;35;1mAccountSetting Load (0.1ms)[0m   [0mSELECT * FROM `account_settings` WHERE (`account_settings`.account_id = 4) [0m
  [4;36;1mSQL (0.4ms)[0m   [0;1mROLLBACK[0m
  [4;35;1mSQL (0.1ms)[0m   [0mBEGIN[0m
  [4;36;1mSQL (0.1ms)[0m   [0;1mSAVEPOINT active_record_1[0m
  [4;35;1mAccount Create (0.2ms)[0m   [0mINSERT INTO `accounts` (`name`, `created_at`, `updated_at`) VALUES('Name', '2011-01-10 14:34:43', '2011-01-10 14:34:43')[0m
  [4;36;1mSQL (0.1ms)[0m   [0;1mRELEASE SAVEPOINT active_record_1[0m
  [4;35;1mSQL (0.1ms)[0m   [0mSELECT count(*) AS count_all FROM `account_settings` WHERE (`account_settings`.account_id = 5) [0m
  [4;36;1mSQL (0.4ms)[0m   [0;1mROLLBACK[0m
  [4;35;1mSQL (0.0ms)[0m   [0mBEGIN[0m
  [4;36;1mSQL (0.0ms)[0m   [0;1mSAVEPOINT active_record_1[0m
  [4;35;1mAccount Create (0.2ms)[0m   [0mINSERT INTO `accounts` (`name`, `created_at`, `updated_at`) VALUES('Name', '2011-01-10 14:34:43', '2011-01-10 14:34:43')[0m
  [4;36;1mSQL (0.2ms)[0m   [0;1mRELEASE SAVEPOINT active_record_1[0m
  [4;35;1mAccountSetting Load (0.1ms)[0m   [0mSELECT * FROM `account_settings` WHERE (`account_settings`.account_id = 6) [0m
  [4;36;1mSQL (0.5ms)[0m   [0;1mROLLBACK[0m
  [4;35;1mSQL (0.0ms)[0m   [0mBEGIN[0m
  [4;36;1mSQL (0.0ms)[0m   [0;1mSAVEPOINT active_record_1[0m
  [4;35;1mAccount Create (0.1ms)[0m   [0mINSERT INTO `accounts` (`name`, `created_at`, `updated_at`) VALUES('Name', '2011-01-10 14:34:43', '2011-01-10 14:34:43')[0m
  [4;36;1mSQL (0.0ms)[0m   [0;1mRELEASE SAVEPOINT active_record_1[0m
  [4;35;1mSQL (0.3ms)[0m   [0mROLLBACK[0m
  [4;36;1mSQL (0.0ms)[0m   [0;1mBEGIN[0m
  [4;35;1mSQL (0.0ms)[0m   [0mSAVEPOINT active_record_1[0m
  [4;36;1mAccount Create (0.1ms)[0m   [0;1mINSERT INTO `accounts` (`name`, `created_at`, `updated_at`) VALUES('Name', '2011-01-10 14:34:43', '2011-01-10 14:34:43')[0m
  [4;35;1mSQL (0.0ms)[0m   [0mRELEASE SAVEPOINT active_record_1[0m
  [4;36;1mAccountSetting Load (0.2ms)[0m   [0;1mSELECT `account_settings`.id FROM `account_settings` WHERE (`account_settings`.`name` = BINARY 'hello' AND `account_settings`.`account_id` = 8) LIMIT 1[0m
  [4;35;1mAccountSetting Load (0.2ms)[0m   [0mSELECT `account_settings`.id FROM `account_settings` WHERE (`account_settings`.`name` = BINARY 'hel_lo' AND `account_settings`.`account_id` = 8) LIMIT 1[0m
  [4;36;1mAccountSetting Load (0.2ms)[0m   [0;1mSELECT `account_settings`.id FROM `account_settings` WHERE (`account_settings`.`name` = BINARY 'hell0' AND `account_settings`.`account_id` = 8) LIMIT 1[0m
  [4;35;1mAccountSetting Load (0.2ms)[0m   [0mSELECT `account_settings`.id FROM `account_settings` WHERE (`account_settings`.`name` = BINARY '_hello' AND `account_settings`.`account_id` = 8) LIMIT 1[0m
  [4;36;1mAccountSetting Load (0.2ms)[0m   [0;1mSELECT `account_settings`.id FROM `account_settings` WHERE (`account_settings`.`name` = BINARY 'hello' AND `account_settings`.`account_id` = 8) LIMIT 1[0m
  [4;35;1mSQL (0.4ms)[0m   [0mROLLBACK[0m
  [4;36;1mSQL (0.0ms)[0m   [0;1mBEGIN[0m
  [4;35;1mSQL (0.0ms)[0m   [0mSAVEPOINT active_record_1[0m
  [4;36;1mAccount Create (0.2ms)[0m   [0;1mINSERT INTO `accounts` (`name`, `created_at`, `updated_at`) VALUES('Name', '2011-01-10 14:34:43', '2011-01-10 14:34:43')[0m
  [4;35;1mSQL (0.2ms)[0m   [0mRELEASE SAVEPOINT active_record_1[0m
  [4;36;1mSQL (0.0ms)[0m   [0;1mSAVEPOINT active_record_1[0m
  [4;35;1mAccountSetting Load (0.1ms)[0m   [0mSELECT `account_settings`.id FROM `account_settings` WHERE (`account_settings`.`name` = BINARY 'unique' AND `account_settings`.`account_id` = 9) LIMIT 1[0m
  [4;36;1mAccount Update (0.3ms)[0m   [0;1mUPDATE `accounts` SET `updated_at` = '2011-01-10 14:34:43' WHERE `id` = 9[0m
  [4;35;1mAccountSetting Create (0.2ms)[0m   [0mINSERT INTO `account_settings` (`name`, `created_at`, `updated_at`, `account_id`, `value`) VALUES('unique', '2011-01-10 14:34:43', '2011-01-10 14:34:43', 9, NULL)[0m
  [4;36;1mAccountSetting Load (0.2ms)[0m   [0;1mSELECT * FROM `account_settings` WHERE (`account_settings`.account_id = 9) [0m
  [4;35;1mSQL (0.1ms)[0m   [0mRELEASE SAVEPOINT active_record_1[0m
  [4;36;1mSQL (0.1ms)[0m   [0;1mSAVEPOINT active_record_1[0m
  [4;35;1mAccountSetting Load (0.2ms)[0m   [0mSELECT `account_settings`.id FROM `account_settings` WHERE (`account_settings`.`name` = BINARY 'unique' AND `account_settings`.`account_id` = 9) LIMIT 1[0m
  [4;36;1mSQL (0.2ms)[0m   [0;1mROLLBACK TO SAVEPOINT active_record_1[0m
  [4;35;1mSQL (0.6ms)[0m   [0mROLLBACK[0m
  [4;36;1mSQL (0.1ms)[0m   [0;1mSET NAMES 'utf8'[0m
  [4;35;1mSQL (0.2ms)[0m   [0mSET SQL_AUTO_IS_NULL=0[0m
  [4;36;1mSQL (0.9ms)[0m   [0;1mSHOW TABLES[0m
  [4;35;1mSQL (0.9ms)[0m   [0mDROP TABLE `account_settings`[0m
  [4;36;1mSQL (39.9ms)[0m   [0;1mCREATE TABLE `account_settings` (`id` int(11) DEFAULT NULL auto_increment PRIMARY KEY, `account_id` int(11), `name` varchar(255), `value` varchar(255), `created_at` datetime, `updated_at` datetime) ENGINE=InnoDB[0m
  [4;35;1mSQL (0.4ms)[0m   [0mSHOW TABLES[0m
  [4;36;1mSQL (1.0ms)[0m   [0;1mDROP TABLE `accounts`[0m
  [4;35;1mSQL (20.6ms)[0m   [0mCREATE TABLE `accounts` (`id` int(11) DEFAULT NULL auto_increment PRIMARY KEY, `name` varchar(255), `created_at` datetime, `updated_at` datetime) ENGINE=InnoDB[0m
  [4;36;1mSQL (0.4ms)[0m   [0;1mSHOW TABLES[0m
  [4;35;1mSQL (0.2ms)[0m   [0mSELECT version FROM `schema_migrations`[0m
  [4;36;1mSQL (0.4ms)[0m   [0;1mSHOW TABLES[0m
  [4;35;1mAccount Columns (0.9ms)[0m   [0mSHOW FIELDS FROM `accounts`[0m
Unable to load account, underlying cause no such file to load -- account.rb 

 /Users/morten/.rvm/gems/ree-1.8.7-2010.02/gems/activesupport-2.3.10/lib/active_support/dependencies.rb:406:in `load_without_new_constant_marking'
/Users/morten/.rvm/gems/ree-1.8.7-2010.02/gems/activesupport-2.3.10/lib/active_support/dependencies.rb:406:in `load_file'
/Users/morten/.rvm/gems/ree-1.8.7-2010.02/gems/activesupport-2.3.10/lib/active_support/dependencies.rb:547:in `new_constants_in'
/Users/morten/.rvm/gems/ree-1.8.7-2010.02/gems/activesupport-2.3.10/lib/active_support/dependencies.rb:405:in `load_file'
/Users/morten/.rvm/gems/ree-1.8.7-2010.02/gems/activesupport-2.3.10/lib/active_support/dependencies.rb:285:in `require_or_load'
/Users/morten/.rvm/gems/ree-1.8.7-2010.02/gems/activesupport-2.3.10/lib/active_support/dependencies.rb:250:in `depend_on'
/Users/morten/.rvm/gems/ree-1.8.7-2010.02/gems/activesupport-2.3.10/lib/active_support/dependencies.rb:162:in `require_dependency'
/Users/morten/.rvm/gems/ree-1.8.7-2010.02/gems/activerecord-2.3.10/lib/active_record/fixtures.rb:853:in `try_to_load_dependency'
/Users/morten/.rvm/gems/ree-1.8.7-2010.02/gems/activerecord-2.3.10/lib/active_record/fixtures.rb:868:in `require_fixture_classes'
/Users/morten/.rvm/gems/ree-1.8.7-2010.02/gems/activerecord-2.3.10/lib/active_record/fixtures.rb:865:in `each'
/Users/morten/.rvm/gems/ree-1.8.7-2010.02/gems/activerecord-2.3.10/lib/active_record/fixtures.rb:865:in `require_fixture_classes'
/Users/morten/.rvm/gems/ree-1.8.7-2010.02/gems/activerecord-2.3.10/lib/active_record/fixtures.rb:848:in `fixtures'
/Users/morten/.rvm/gems/ree-1.8.7-2010.02/gems/shoulda-2.11.3/lib/shoulda/context.rb:429:in `send'
/Users/morten/.rvm/gems/ree-1.8.7-2010.02/gems/shoulda-2.11.3/lib/shoulda/context.rb:429:in `method_missing'
./test/test_property_sets.rb:15:in `__bind_1294699269_599070'
/Users/morten/.rvm/gems/ree-1.8.7-2010.02/gems/shoulda-2.11.3/lib/shoulda/context.rb:306:in `call'
/Users/morten/.rvm/gems/ree-1.8.7-2010.02/gems/shoulda-2.11.3/lib/shoulda/context.rb:306:in `merge_block'
/Users/morten/.rvm/gems/ree-1.8.7-2010.02/gems/shoulda-2.11.3/lib/shoulda/context.rb:301:in `initialize'
/Users/morten/.rvm/gems/ree-1.8.7-2010.02/gems/shoulda-2.11.3/lib/shoulda/context.rb:199:in `new'
/Users/morten/.rvm/gems/ree-1.8.7-2010.02/gems/shoulda-2.11.3/lib/shoulda/context.rb:199:in `context'
./test/test_property_sets.rb:14
/Users/morten/.rvm/gems/ree-1.8.7-2010.02/gems/rake-0.8.7/lib/rake/rake_test_loader.rb:5:in `load'
/Users/morten/.rvm/gems/ree-1.8.7-2010.02/gems/rake-0.8.7/lib/rake/rake_test_loader.rb:5
/Users/morten/.rvm/gems/ree-1.8.7-2010.02/gems/rake-0.8.7/lib/rake/rake_test_loader.rb:5:in `each'
/Users/morten/.rvm/gems/ree-1.8.7-2010.02/gems/rake-0.8.7/lib/rake/rake_test_loader.rb:5
Unable to load account_setting, underlying cause no such file to load -- account_setting.rb 

 /Users/morten/.rvm/gems/ree-1.8.7-2010.02/gems/activesupport-2.3.10/lib/active_support/dependencies.rb:406:in `load_without_new_constant_marking'
/Users/morten/.rvm/gems/ree-1.8.7-2010.02/gems/activesupport-2.3.10/lib/active_support/dependencies.rb:406:in `load_file'
/Users/morten/.rvm/gems/ree-1.8.7-2010.02/gems/activesupport-2.3.10/lib/active_support/dependencies.rb:547:in `new_constants_in'
/Users/morten/.rvm/gems/ree-1.8.7-2010.02/gems/activesupport-2.3.10/lib/active_support/dependencies.rb:405:in `load_file'
/Users/morten/.rvm/gems/ree-1.8.7-2010.02/gems/activesupport-2.3.10/lib/active_support/dependencies.rb:285:in `require_or_load'
/Users/morten/.rvm/gems/ree-1.8.7-2010.02/gems/activesupport-2.3.10/lib/active_support/dependencies.rb:250:in `depend_on'
/Users/morten/.rvm/gems/ree-1.8.7-2010.02/gems/activesupport-2.3.10/lib/active_support/dependencies.rb:162:in `require_dependency'
/Users/morten/.rvm/gems/ree-1.8.7-2010.02/gems/activerecord-2.3.10/lib/active_record/fixtures.rb:853:in `try_to_load_dependency'
/Users/morten/.rvm/gems/ree-1.8.7-2010.02/gems/activerecord-2.3.10/lib/active_record/fixtures.rb:868:in `require_fixture_classes'
/Users/morten/.rvm/gems/ree-1.8.7-2010.02/gems/activerecord-2.3.10/lib/active_record/fixtures.rb:865:in `each'
/Users/morten/.rvm/gems/ree-1.8.7-2010.02/gems/activerecord-2.3.10/lib/active_record/fixtures.rb:865:in `require_fixture_classes'
/Users/morten/.rvm/gems/ree-1.8.7-2010.02/gems/activerecord-2.3.10/lib/active_record/fixtures.rb:848:in `fixtures'
/Users/morten/.rvm/gems/ree-1.8.7-2010.02/gems/shoulda-2.11.3/lib/shoulda/context.rb:429:in `send'
/Users/morten/.rvm/gems/ree-1.8.7-2010.02/gems/shoulda-2.11.3/lib/shoulda/context.rb:429:in `method_missing'
./test/test_property_sets.rb:15:in `__bind_1294699269_599070'
/Users/morten/.rvm/gems/ree-1.8.7-2010.02/gems/shoulda-2.11.3/lib/shoulda/context.rb:306:in `call'
/Users/morten/.rvm/gems/ree-1.8.7-2010.02/gems/shoulda-2.11.3/lib/shoulda/context.rb:306:in `merge_block'
/Users/morten/.rvm/gems/ree-1.8.7-2010.02/gems/shoulda-2.11.3/lib/shoulda/context.rb:301:in `initialize'
/Users/morten/.rvm/gems/ree-1.8.7-2010.02/gems/shoulda-2.11.3/lib/shoulda/context.rb:199:in `new'
/Users/morten/.rvm/gems/ree-1.8.7-2010.02/gems/shoulda-2.11.3/lib/shoulda/context.rb:199:in `context'
./test/test_property_sets.rb:14
/Users/morten/.rvm/gems/ree-1.8.7-2010.02/gems/rake-0.8.7/lib/rake/rake_test_loader.rb:5:in `load'
/Users/morten/.rvm/gems/ree-1.8.7-2010.02/gems/rake-0.8.7/lib/rake/rake_test_loader.rb:5
/Users/morten/.rvm/gems/ree-1.8.7-2010.02/gems/rake-0.8.7/lib/rake/rake_test_loader.rb:5:in `each'
/Users/morten/.rvm/gems/ree-1.8.7-2010.02/gems/rake-0.8.7/lib/rake/rake_test_loader.rb:5
  [4;36;1mSQL (0.2ms)[0m   [0;1mBEGIN[0m
  [4;35;1mSQL (0.2ms)[0m   [0mSAVEPOINT active_record_1[0m
  [4;36;1mAccount Create (0.2ms)[0m   [0;1mINSERT INTO `accounts` (`name`, `created_at`, `updated_at`) VALUES('Name', '2011-01-10 14:41:09', '2011-01-10 14:41:09')[0m
  [4;35;1mSQL (0.2ms)[0m   [0mRELEASE SAVEPOINT active_record_1[0m
  [4;36;1mSQL (0.2ms)[0m   [0;1mSAVEPOINT active_record_1[0m
  [4;35;1mAccount Load (0.3ms)[0m   [0mSELECT * FROM `accounts` WHERE (`accounts`.`id` = 2) [0m
  [4;36;1mAccountSetting Load (0.3ms)[0m   [0;1mSELECT `account_settings`.id FROM `account_settings` WHERE (`account_settings`.`name` = BINARY 'foo' AND `account_settings`.`account_id` = 2) LIMIT 1[0m
  [4;35;1mSQL (0.2ms)[0m   [0mRELEASE SAVEPOINT active_record_1[0m
  [4;36;1mSQL (0.2ms)[0m   [0;1mSAVEPOINT active_record_1[0m
  [4;35;1mAccount Load (0.2ms)[0m   [0mSELECT * FROM `accounts` WHERE (`accounts`.`id` = 2) [0m
  [4;36;1mAccountSetting Load (0.2ms)[0m   [0;1mSELECT `account_settings`.id FROM `account_settings` WHERE (`account_settings`.`name` = BINARY 'bar' AND `account_settings`.`account_id` = 2) LIMIT 1[0m
  [4;35;1mSQL (0.2ms)[0m   [0mRELEASE SAVEPOINT active_record_1[0m
  [4;36;1mSQL (0.2ms)[0m   [0;1mSAVEPOINT active_record_1[0m
  [4;35;1mAccountSetting Load (0.2ms)[0m   [0mSELECT `account_settings`.id FROM `account_settings` WHERE (`account_settings`.`name` = BINARY 'foo' AND `account_settings`.`account_id` = 2) LIMIT 1[0m
  [4;36;1mAccountSetting Load (0.2ms)[0m   [0;1mSELECT `account_settings`.id FROM `account_settings` WHERE (`account_settings`.`name` = BINARY 'bar' AND `account_settings`.`account_id` = 2) LIMIT 1[0m
  [4;35;1mSQL (0.2ms)[0m   [0mROLLBACK TO SAVEPOINT active_record_1[0m
  [4;36;1mAccountSetting Load (0.2ms)[0m   [0;1mSELECT * FROM `account_settings` WHERE (`account_settings`.account_id = 2) [0m
  [4;35;1mAccount Load (0.1ms)[0m   [0mSELECT * FROM `accounts` WHERE (`accounts`.`id` = 2) [0m
  [4;36;1mSQL (0.2ms)[0m   [0;1mSELECT count(*) AS count_all FROM `account_settings` WHERE (`account_settings`.account_id = 2) [0m
  [4;35;1mSQL (0.5ms)[0m   [0mROLLBACK[0m
  [4;36;1mSQL (0.2ms)[0m   [0;1mBEGIN[0m
  [4;35;1mSQL (0.1ms)[0m   [0mSAVEPOINT active_record_1[0m
  [4;36;1mAccount Create (0.3ms)[0m   [0;1mINSERT INTO `accounts` (`name`, `created_at`, `updated_at`) VALUES('Name', '2011-01-10 14:41:09', '2011-01-10 14:41:09')[0m
  [4;35;1mSQL (0.1ms)[0m   [0mRELEASE SAVEPOINT active_record_1[0m
  [4;36;1mAccountSetting Load (0.3ms)[0m   [0;1mSELECT * FROM `account_settings` WHERE (`account_settings`.account_id = 3) [0m
  [4;35;1mSQL (0.3ms)[0m   [0mSAVEPOINT active_record_1[0m
  [4;36;1mAccountSetting Load (0.3ms)[0m   [0;1mSELECT `account_settings`.id FROM `account_settings` WHERE (`account_settings`.`name` = BINARY 'foo' AND `account_settings`.`account_id` = 3) LIMIT 1[0m
  [4;35;1mAccount Update (0.3ms)[0m   [0mUPDATE `accounts` SET `updated_at` = '2011-01-10 14:41:09' WHERE `id` = 3[0m
  [4;36;1mAccountSetting Create (0.2ms)[0m   [0;1mINSERT INTO `account_settings` (`name`, `created_at`, `updated_at`, `account_id`, `value`) VALUES('foo', '2011-01-10 14:41:09', '2011-01-10 14:41:09', 3, '1')[0m
  [4;35;1mAccountSetting Load (0.2ms)[0m   [0mSELECT * FROM `account_settings` WHERE (`account_settings`.account_id = 3) [0m
  [4;36;1mSQL (0.2ms)[0m   [0;1mRELEASE SAVEPOINT active_record_1[0m
  [4;35;1mSQL (0.2ms)[0m   [0mSAVEPOINT active_record_1[0m
  [4;36;1mAccount Load (0.2ms)[0m   [0;1mSELECT * FROM `accounts` WHERE (`accounts`.`id` = 3) [0m
  [4;35;1mAccountSetting Load (0.3ms)[0m   [0mSELECT `account_settings`.id FROM `account_settings` WHERE (`account_settings`.`name` = BINARY 'foo' AND `account_settings`.`account_id` = 3 AND `account_settings`.id <> 730411615) LIMIT 1[0m
  [4;36;1mAccountSetting Update (0.2ms)[0m   [0;1mUPDATE `account_settings` SET `updated_at` = '2011-01-10 14:41:09', `value` = '2' WHERE `id` = 730411615[0m
  [4;35;1mSQL (0.2ms)[0m   [0mRELEASE SAVEPOINT active_record_1[0m
  [4;36;1mSQL (0.5ms)[0m   [0;1mROLLBACK[0m
  [4;35;1mSQL (0.0ms)[0m   [0mBEGIN[0m
  [4;36;1mSQL (0.0ms)[0m   [0;1mSAVEPOINT active_record_1[0m
  [4;35;1mAccount Create (0.1ms)[0m   [0mINSERT INTO `accounts` (`name`, `created_at`, `updated_at`) VALUES('Name', '2011-01-10 14:41:09', '2011-01-10 14:41:09')[0m
  [4;36;1mSQL (0.1ms)[0m   [0;1mRELEASE SAVEPOINT active_record_1[0m
  [4;35;1mAccountSetting Load (0.2ms)[0m   [0mSELECT * FROM `account_settings` WHERE (`account_settings`.account_id = 4) [0m
  [4;36;1mSQL (0.2ms)[0m   [0;1mSAVEPOINT active_record_1[0m
  [4;35;1mAccountSetting Load (0.2ms)[0m   [0mSELECT `account_settings`.id FROM `account_settings` WHERE (`account_settings`.`name` = BINARY 'foo' AND `account_settings`.`account_id` = 4) LIMIT 1[0m
  [4;36;1mAccount Update (0.2ms)[0m   [0;1mUPDATE `accounts` SET `updated_at` = '2011-01-10 14:41:09' WHERE `id` = 4[0m
  [4;35;1mAccountSetting Create (0.2ms)[0m   [0mINSERT INTO `account_settings` (`name`, `created_at`, `updated_at`, `account_id`, `value`) VALUES('foo', '2011-01-10 14:41:09', '2011-01-10 14:41:09', 4, '1')[0m
  [4;36;1mAccountSetting Load (0.2ms)[0m   [0;1mSELECT * FROM `account_settings` WHERE (`account_settings`.account_id = 4) [0m
  [4;35;1mSQL (0.1ms)[0m   [0mRELEASE SAVEPOINT active_record_1[0m
  [4;36;1mSQL (0.1ms)[0m   [0;1mSAVEPOINT active_record_1[0m
  [4;35;1mAccount Load (0.1ms)[0m   [0mSELECT * FROM `accounts` WHERE (`accounts`.`id` = 4) [0m
  [4;36;1mAccount Update (0.1ms)[0m   [0;1mUPDATE `accounts` SET `updated_at` = '2011-01-10 14:41:09' WHERE `id` = 4[0m
  [4;35;1mAccountSetting Destroy (0.1ms)[0m   [0mDELETE FROM `account_settings` WHERE `id` = 730411616[0m
  [4;36;1mAccountSetting Load (0.1ms)[0m   [0;1mSELECT * FROM `account_settings` WHERE (`account_settings`.account_id = 4) [0m
  [4;35;1mSQL (0.0ms)[0m   [0mRELEASE SAVEPOINT active_record_1[0m
  [4;36;1mAccountSetting Load (0.1ms)[0m   [0;1mSELECT * FROM `account_settings` WHERE (`account_settings`.account_id = 4) [0m
  [4;35;1mSQL (0.4ms)[0m   [0mROLLBACK[0m
  [4;36;1mSQL (0.0ms)[0m   [0;1mBEGIN[0m
  [4;35;1mSQL (0.0ms)[0m   [0mSAVEPOINT active_record_1[0m
  [4;36;1mAccount Create (0.2ms)[0m   [0;1mINSERT INTO `accounts` (`name`, `created_at`, `updated_at`) VALUES('Name', '2011-01-10 14:41:09', '2011-01-10 14:41:09')[0m
  [4;35;1mSQL (0.2ms)[0m   [0mRELEASE SAVEPOINT active_record_1[0m
  [4;36;1mSQL (0.1ms)[0m   [0;1mSELECT count(*) AS count_all FROM `account_settings` WHERE (`account_settings`.account_id = 5) [0m
  [4;35;1mSQL (0.3ms)[0m   [0mROLLBACK[0m
  [4;36;1mSQL (0.1ms)[0m   [0;1mBEGIN[0m
  [4;35;1mSQL (0.0ms)[0m   [0mSAVEPOINT active_record_1[0m
  [4;36;1mAccount Create (0.2ms)[0m   [0;1mINSERT INTO `accounts` (`name`, `created_at`, `updated_at`) VALUES('Name', '2011-01-10 14:41:09', '2011-01-10 14:41:09')[0m
  [4;35;1mSQL (0.1ms)[0m   [0mRELEASE SAVEPOINT active_record_1[0m
  [4;36;1mAccountSetting Load (0.2ms)[0m   [0;1mSELECT * FROM `account_settings` WHERE (`account_settings`.account_id = 6) [0m
  [4;35;1mSQL (0.5ms)[0m   [0mROLLBACK[0m
  [4;36;1mSQL (0.1ms)[0m   [0;1mBEGIN[0m
  [4;35;1mSQL (0.1ms)[0m   [0mSAVEPOINT active_record_1[0m
  [4;36;1mAccount Create (0.2ms)[0m   [0;1mINSERT INTO `accounts` (`name`, `created_at`, `updated_at`) VALUES('Name', '2011-01-10 14:41:09', '2011-01-10 14:41:09')[0m
  [4;35;1mSQL (0.2ms)[0m   [0mRELEASE SAVEPOINT active_record_1[0m
  [4;36;1mSQL (0.4ms)[0m   [0;1mROLLBACK[0m
  [4;35;1mSQL (0.0ms)[0m   [0mBEGIN[0m
  [4;36;1mSQL (0.0ms)[0m   [0;1mSAVEPOINT active_record_1[0m
  [4;35;1mAccount Create (0.1ms)[0m   [0mINSERT INTO `accounts` (`name`, `created_at`, `updated_at`) VALUES('Name', '2011-01-10 14:41:09', '2011-01-10 14:41:09')[0m
  [4;36;1mSQL (0.0ms)[0m   [0;1mRELEASE SAVEPOINT active_record_1[0m
  [4;35;1mAccountSetting Load (0.3ms)[0m   [0mSELECT `account_settings`.id FROM `account_settings` WHERE (`account_settings`.`name` = BINARY 'hello' AND `account_settings`.`account_id` = 8) LIMIT 1[0m
  [4;36;1mAccountSetting Load (0.2ms)[0m   [0;1mSELECT `account_settings`.id FROM `account_settings` WHERE (`account_settings`.`name` = BINARY 'hel_lo' AND `account_settings`.`account_id` = 8) LIMIT 1[0m
  [4;35;1mAccountSetting Load (0.2ms)[0m   [0mSELECT `account_settings`.id FROM `account_settings` WHERE (`account_settings`.`name` = BINARY 'hell0' AND `account_settings`.`account_id` = 8) LIMIT 1[0m
  [4;36;1mAccountSetting Load (0.3ms)[0m   [0;1mSELECT `account_settings`.id FROM `account_settings` WHERE (`account_settings`.`name` = BINARY '_hello' AND `account_settings`.`account_id` = 8) LIMIT 1[0m
  [4;35;1mAccountSetting Load (0.3ms)[0m   [0mSELECT `account_settings`.id FROM `account_settings` WHERE (`account_settings`.`name` = BINARY 'hello' AND `account_settings`.`account_id` = 8) LIMIT 1[0m
  [4;36;1mSQL (0.5ms)[0m   [0;1mROLLBACK[0m
  [4;35;1mSQL (0.0ms)[0m   [0mBEGIN[0m
  [4;36;1mSQL (0.0ms)[0m   [0;1mSAVEPOINT active_record_1[0m
  [4;35;1mAccount Create (0.1ms)[0m   [0mINSERT INTO `accounts` (`name`, `created_at`, `updated_at`) VALUES('Name', '2011-01-10 14:41:09', '2011-01-10 14:41:09')[0m
  [4;36;1mSQL (0.2ms)[0m   [0;1mRELEASE SAVEPOINT active_record_1[0m
  [4;35;1mSQL (0.1ms)[0m   [0mSAVEPOINT active_record_1[0m
  [4;36;1mAccountSetting Load (0.1ms)[0m   [0;1mSELECT `account_settings`.id FROM `account_settings` WHERE (`account_settings`.`name` = BINARY 'unique' AND `account_settings`.`account_id` = 9) LIMIT 1[0m
  [4;35;1mAccount Update (0.2ms)[0m   [0mUPDATE `accounts` SET `updated_at` = '2011-01-10 14:41:09' WHERE `id` = 9[0m
  [4;36;1mAccountSetting Create (0.1ms)[0m   [0;1mINSERT INTO `account_settings` (`name`, `created_at`, `updated_at`, `account_id`, `value`) VALUES('unique', '2011-01-10 14:41:09', '2011-01-10 14:41:09', 9, NULL)[0m
  [4;35;1mAccountSetting Load (0.1ms)[0m   [0mSELECT * FROM `account_settings` WHERE (`account_settings`.account_id = 9) [0m
  [4;36;1mSQL (0.0ms)[0m   [0;1mRELEASE SAVEPOINT active_record_1[0m
  [4;35;1mSQL (0.0ms)[0m   [0mSAVEPOINT active_record_1[0m
  [4;36;1mAccountSetting Load (0.1ms)[0m   [0;1mSELECT `account_settings`.id FROM `account_settings` WHERE (`account_settings`.`name` = BINARY 'unique' AND `account_settings`.`account_id` = 9) LIMIT 1[0m
  [4;35;1mSQL (0.2ms)[0m   [0mROLLBACK TO SAVEPOINT active_record_1[0m
  [4;36;1mSQL (0.4ms)[0m   [0;1mROLLBACK[0m
  [4;36;1mSQL (0.2ms)[0m   [0;1mSET NAMES 'utf8'[0m
  [4;35;1mSQL (0.2ms)[0m   [0mSET SQL_AUTO_IS_NULL=0[0m
  [4;36;1mSQL (0.3ms)[0m   [0;1mSHOW TABLES[0m
  [4;35;1mSQL (2.1ms)[0m   [0mDROP TABLE `account_settings`[0m
  [4;36;1mSQL (198.9ms)[0m   [0;1mCREATE TABLE `account_settings` (`id` int(11) DEFAULT NULL auto_increment PRIMARY KEY, `account_id` int(11), `name` varchar(255), `value` varchar(255), `created_at` datetime, `updated_at` datetime) ENGINE=InnoDB[0m
  [4;35;1mSQL (0.4ms)[0m   [0mSHOW TABLES[0m
  [4;36;1mSQL (1.1ms)[0m   [0;1mDROP TABLE `accounts`[0m
  [4;35;1mSQL (20.3ms)[0m   [0mCREATE TABLE `accounts` (`id` int(11) DEFAULT NULL auto_increment PRIMARY KEY, `name` varchar(255), `created_at` datetime, `updated_at` datetime) ENGINE=InnoDB[0m
  [4;36;1mSQL (0.4ms)[0m   [0;1mSHOW TABLES[0m
  [4;35;1mSQL (0.2ms)[0m   [0mSELECT version FROM `schema_migrations`[0m
  [4;36;1mSQL (0.4ms)[0m   [0;1mSHOW TABLES[0m
  [4;35;1mAccount Columns (0.8ms)[0m   [0mSHOW FIELDS FROM `accounts`[0m
Unable to load account, underlying cause no such file to load -- account.rb 

 /Users/morten/.rvm/gems/ree-1.8.7-2010.02/gems/activesupport-2.3.10/lib/active_support/dependencies.rb:406:in `load_without_new_constant_marking'
/Users/morten/.rvm/gems/ree-1.8.7-2010.02/gems/activesupport-2.3.10/lib/active_support/dependencies.rb:406:in `load_file'
/Users/morten/.rvm/gems/ree-1.8.7-2010.02/gems/activesupport-2.3.10/lib/active_support/dependencies.rb:547:in `new_constants_in'
/Users/morten/.rvm/gems/ree-1.8.7-2010.02/gems/activesupport-2.3.10/lib/active_support/dependencies.rb:405:in `load_file'
/Users/morten/.rvm/gems/ree-1.8.7-2010.02/gems/activesupport-2.3.10/lib/active_support/dependencies.rb:285:in `require_or_load'
/Users/morten/.rvm/gems/ree-1.8.7-2010.02/gems/activesupport-2.3.10/lib/active_support/dependencies.rb:250:in `depend_on'
/Users/morten/.rvm/gems/ree-1.8.7-2010.02/gems/activesupport-2.3.10/lib/active_support/dependencies.rb:162:in `require_dependency'
/Users/morten/.rvm/gems/ree-1.8.7-2010.02/gems/activerecord-2.3.10/lib/active_record/fixtures.rb:853:in `try_to_load_dependency'
/Users/morten/.rvm/gems/ree-1.8.7-2010.02/gems/activerecord-2.3.10/lib/active_record/fixtures.rb:868:in `require_fixture_classes'
/Users/morten/.rvm/gems/ree-1.8.7-2010.02/gems/activerecord-2.3.10/lib/active_record/fixtures.rb:865:in `each'
/Users/morten/.rvm/gems/ree-1.8.7-2010.02/gems/activerecord-2.3.10/lib/active_record/fixtures.rb:865:in `require_fixture_classes'
/Users/morten/.rvm/gems/ree-1.8.7-2010.02/gems/activerecord-2.3.10/lib/active_record/fixtures.rb:848:in `fixtures'
/Users/morten/.rvm/gems/ree-1.8.7-2010.02/gems/shoulda-2.11.3/lib/shoulda/context.rb:429:in `send'
/Users/morten/.rvm/gems/ree-1.8.7-2010.02/gems/shoulda-2.11.3/lib/shoulda/context.rb:429:in `method_missing'
./test/test_property_sets.rb:15:in `__bind_1294699350_6040'
/Users/morten/.rvm/gems/ree-1.8.7-2010.02/gems/shoulda-2.11.3/lib/shoulda/context.rb:306:in `call'
/Users/morten/.rvm/gems/ree-1.8.7-2010.02/gems/shoulda-2.11.3/lib/shoulda/context.rb:306:in `merge_block'
/Users/morten/.rvm/gems/ree-1.8.7-2010.02/gems/shoulda-2.11.3/lib/shoulda/context.rb:301:in `initialize'
/Users/morten/.rvm/gems/ree-1.8.7-2010.02/gems/shoulda-2.11.3/lib/shoulda/context.rb:199:in `new'
/Users/morten/.rvm/gems/ree-1.8.7-2010.02/gems/shoulda-2.11.3/lib/shoulda/context.rb:199:in `context'
./test/test_property_sets.rb:14
/Users/morten/.rvm/gems/ree-1.8.7-2010.02/gems/rake-0.8.7/lib/rake/rake_test_loader.rb:5:in `load'
/Users/morten/.rvm/gems/ree-1.8.7-2010.02/gems/rake-0.8.7/lib/rake/rake_test_loader.rb:5
/Users/morten/.rvm/gems/ree-1.8.7-2010.02/gems/rake-0.8.7/lib/rake/rake_test_loader.rb:5:in `each'
/Users/morten/.rvm/gems/ree-1.8.7-2010.02/gems/rake-0.8.7/lib/rake/rake_test_loader.rb:5
Unable to load account_setting, underlying cause no such file to load -- account_setting.rb 

 /Users/morten/.rvm/gems/ree-1.8.7-2010.02/gems/activesupport-2.3.10/lib/active_support/dependencies.rb:406:in `load_without_new_constant_marking'
/Users/morten/.rvm/gems/ree-1.8.7-2010.02/gems/activesupport-2.3.10/lib/active_support/dependencies.rb:406:in `load_file'
/Users/morten/.rvm/gems/ree-1.8.7-2010.02/gems/activesupport-2.3.10/lib/active_support/dependencies.rb:547:in `new_constants_in'
/Users/morten/.rvm/gems/ree-1.8.7-2010.02/gems/activesupport-2.3.10/lib/active_support/dependencies.rb:405:in `load_file'
/Users/morten/.rvm/gems/ree-1.8.7-2010.02/gems/activesupport-2.3.10/lib/active_support/dependencies.rb:285:in `require_or_load'
/Users/morten/.rvm/gems/ree-1.8.7-2010.02/gems/activesupport-2.3.10/lib/active_support/dependencies.rb:250:in `depend_on'
/Users/morten/.rvm/gems/ree-1.8.7-2010.02/gems/activesupport-2.3.10/lib/active_support/dependencies.rb:162:in `require_dependency'
/Users/morten/.rvm/gems/ree-1.8.7-2010.02/gems/activerecord-2.3.10/lib/active_record/fixtures.rb:853:in `try_to_load_dependency'
/Users/morten/.rvm/gems/ree-1.8.7-2010.02/gems/activerecord-2.3.10/lib/active_record/fixtures.rb:868:in `require_fixture_classes'
/Users/morten/.rvm/gems/ree-1.8.7-2010.02/gems/activerecord-2.3.10/lib/active_record/fixtures.rb:865:in `each'
/Users/morten/.rvm/gems/ree-1.8.7-2010.02/gems/activerecord-2.3.10/lib/active_record/fixtures.rb:865:in `require_fixture_classes'
/Users/morten/.rvm/gems/ree-1.8.7-2010.02/gems/activerecord-2.3.10/lib/active_record/fixtures.rb:848:in `fixtures'
/Users/morten/.rvm/gems/ree-1.8.7-2010.02/gems/shoulda-2.11.3/lib/shoulda/context.rb:429:in `send'
/Users/morten/.rvm/gems/ree-1.8.7-2010.02/gems/shoulda-2.11.3/lib/shoulda/context.rb:429:in `method_missing'
./test/test_property_sets.rb:15:in `__bind_1294699350_6040'
/Users/morten/.rvm/gems/ree-1.8.7-2010.02/gems/shoulda-2.11.3/lib/shoulda/context.rb:306:in `call'
/Users/morten/.rvm/gems/ree-1.8.7-2010.02/gems/shoulda-2.11.3/lib/shoulda/context.rb:306:in `merge_block'
/Users/morten/.rvm/gems/ree-1.8.7-2010.02/gems/shoulda-2.11.3/lib/shoulda/context.rb:301:in `initialize'
/Users/morten/.rvm/gems/ree-1.8.7-2010.02/gems/shoulda-2.11.3/lib/shoulda/context.rb:199:in `new'
/Users/morten/.rvm/gems/ree-1.8.7-2010.02/gems/shoulda-2.11.3/lib/shoulda/context.rb:199:in `context'
./test/test_property_sets.rb:14
/Users/morten/.rvm/gems/ree-1.8.7-2010.02/gems/rake-0.8.7/lib/rake/rake_test_loader.rb:5:in `load'
/Users/morten/.rvm/gems/ree-1.8.7-2010.02/gems/rake-0.8.7/lib/rake/rake_test_loader.rb:5
/Users/morten/.rvm/gems/ree-1.8.7-2010.02/gems/rake-0.8.7/lib/rake/rake_test_loader.rb:5:in `each'
/Users/morten/.rvm/gems/ree-1.8.7-2010.02/gems/rake-0.8.7/lib/rake/rake_test_loader.rb:5
  [4;36;1mSQL (0.1ms)[0m   [0;1mBEGIN[0m
  [4;35;1mSQL (0.1ms)[0m   [0mSAVEPOINT active_record_1[0m
  [4;36;1mAccount Create (0.2ms)[0m   [0;1mINSERT INTO `accounts` (`name`, `created_at`, `updated_at`) VALUES('Name', '2011-01-10 14:42:30', '2011-01-10 14:42:30')[0m
  [4;35;1mSQL (0.2ms)[0m   [0mRELEASE SAVEPOINT active_record_1[0m
  [4;36;1mSQL (0.2ms)[0m   [0;1mSAVEPOINT active_record_1[0m
  [4;35;1mAccount Load (0.3ms)[0m   [0mSELECT * FROM `accounts` WHERE (`accounts`.`id` = 2) [0m
  [4;36;1mAccountSetting Load (0.3ms)[0m   [0;1mSELECT `account_settings`.id FROM `account_settings` WHERE (`account_settings`.`name` = BINARY 'foo' AND `account_settings`.`account_id` = 2) LIMIT 1[0m
  [4;35;1mAccount Update (0.2ms)[0m   [0mUPDATE `accounts` SET `updated_at` = '2011-01-10 14:42:30' WHERE `id` = 2[0m
  [4;36;1mAccountSetting Create (0.2ms)[0m   [0;1mINSERT INTO `account_settings` (`name`, `created_at`, `updated_at`, `account_id`, `value`) VALUES('foo', '2011-01-10 14:42:30', '2011-01-10 14:42:30', 2, '123')[0m
  [4;35;1mAccountSetting Load (0.1ms)[0m   [0mSELECT * FROM `account_settings` WHERE (`account_settings`.account_id = 2) [0m
  [4;36;1mSQL (0.0ms)[0m   [0;1mRELEASE SAVEPOINT active_record_1[0m
  [4;35;1mSQL (0.0ms)[0m   [0mSAVEPOINT active_record_1[0m
  [4;36;1mAccount Load (0.1ms)[0m   [0;1mSELECT * FROM `accounts` WHERE (`accounts`.`id` = 2) [0m
  [4;35;1mAccountSetting Load (0.1ms)[0m   [0mSELECT `account_settings`.id FROM `account_settings` WHERE (`account_settings`.`name` = BINARY 'bar' AND `account_settings`.`account_id` = 2) LIMIT 1[0m
  [4;36;1mAccount Update (0.2ms)[0m   [0;1mUPDATE `accounts` SET `updated_at` = '2011-01-10 14:42:30' WHERE `id` = 2[0m
  [4;35;1mAccountSetting Create (0.2ms)[0m   [0mINSERT INTO `account_settings` (`name`, `created_at`, `updated_at`, `account_id`, `value`) VALUES('bar', '2011-01-10 14:42:30', '2011-01-10 14:42:30', 2, '456')[0m
  [4;36;1mAccountSetting Load (0.2ms)[0m   [0;1mSELECT * FROM `account_settings` WHERE (`account_settings`.account_id = 2) [0m
  [4;35;1mSQL (0.2ms)[0m   [0mRELEASE SAVEPOINT active_record_1[0m
  [4;36;1mSQL (0.2ms)[0m   [0;1mSAVEPOINT active_record_1[0m
  [4;35;1mSQL (0.2ms)[0m   [0mRELEASE SAVEPOINT active_record_1[0m
  [4;36;1mAccount Load (0.2ms)[0m   [0;1mSELECT * FROM `accounts` WHERE (`accounts`.`id` = 2) [0m
  [4;35;1mSQL (0.2ms)[0m   [0mSELECT count(*) AS count_all FROM `account_settings` WHERE (`account_settings`.account_id = 2) [0m
  [4;36;1mAccountSetting Load (0.2ms)[0m   [0;1mSELECT * FROM `account_settings` WHERE (`account_settings`.account_id = 2) [0m
  [4;35;1mSQL (0.4ms)[0m   [0mROLLBACK[0m
  [4;36;1mSQL (0.0ms)[0m   [0;1mBEGIN[0m
  [4;35;1mSQL (0.0ms)[0m   [0mSAVEPOINT active_record_1[0m
  [4;36;1mAccount Create (0.2ms)[0m   [0;1mINSERT INTO `accounts` (`name`, `created_at`, `updated_at`) VALUES('Name', '2011-01-10 14:42:30', '2011-01-10 14:42:30')[0m
  [4;35;1mSQL (0.2ms)[0m   [0mRELEASE SAVEPOINT active_record_1[0m
  [4;36;1mAccountSetting Load (0.1ms)[0m   [0;1mSELECT * FROM `account_settings` WHERE (`account_settings`.account_id = 3) [0m
  [4;35;1mSQL (0.2ms)[0m   [0mSAVEPOINT active_record_1[0m
  [4;36;1mAccountSetting Load (0.2ms)[0m   [0;1mSELECT `account_settings`.id FROM `account_settings` WHERE (`account_settings`.`name` = BINARY 'foo' AND `account_settings`.`account_id` = 3) LIMIT 1[0m
  [4;35;1mAccount Update (0.4ms)[0m   [0mUPDATE `accounts` SET `updated_at` = '2011-01-10 14:42:30' WHERE `id` = 3[0m
  [4;36;1mAccountSetting Create (0.2ms)[0m   [0;1mINSERT INTO `account_settings` (`name`, `created_at`, `updated_at`, `account_id`, `value`) VALUES('foo', '2011-01-10 14:42:30', '2011-01-10 14:42:30', 3, '1')[0m
  [4;35;1mAccountSetting Load (0.2ms)[0m   [0mSELECT * FROM `account_settings` WHERE (`account_settings`.account_id = 3) [0m
  [4;36;1mSQL (0.1ms)[0m   [0;1mRELEASE SAVEPOINT active_record_1[0m
  [4;35;1mSQL (0.1ms)[0m   [0mSAVEPOINT active_record_1[0m
  [4;36;1mAccount Load (0.1ms)[0m   [0;1mSELECT * FROM `accounts` WHERE (`accounts`.`id` = 3) [0m
  [4;35;1mAccountSetting Load (0.2ms)[0m   [0mSELECT `account_settings`.id FROM `account_settings` WHERE (`account_settings`.`name` = BINARY 'foo' AND `account_settings`.`account_id` = 3 AND `account_settings`.id <> 730411617) LIMIT 1[0m
  [4;36;1mAccountSetting Update (0.2ms)[0m   [0;1mUPDATE `account_settings` SET `updated_at` = '2011-01-10 14:42:30', `value` = '2' WHERE `id` = 730411617[0m
  [4;35;1mSQL (0.1ms)[0m   [0mRELEASE SAVEPOINT active_record_1[0m
  [4;36;1mSQL (0.4ms)[0m   [0;1mROLLBACK[0m
  [4;35;1mSQL (0.0ms)[0m   [0mBEGIN[0m
  [4;36;1mSQL (0.0ms)[0m   [0;1mSAVEPOINT active_record_1[0m
  [4;35;1mAccount Create (0.3ms)[0m   [0mINSERT INTO `accounts` (`name`, `created_at`, `updated_at`) VALUES('Name', '2011-01-10 14:42:30', '2011-01-10 14:42:30')[0m
  [4;36;1mSQL (0.2ms)[0m   [0;1mRELEASE SAVEPOINT active_record_1[0m
  [4;35;1mAccountSetting Load (0.2ms)[0m   [0mSELECT * FROM `account_settings` WHERE (`account_settings`.account_id = 4) [0m
  [4;36;1mSQL (0.1ms)[0m   [0;1mSAVEPOINT active_record_1[0m
  [4;35;1mAccountSetting Load (0.3ms)[0m   [0mSELECT `account_settings`.id FROM `account_settings` WHERE (`account_settings`.`name` = BINARY 'foo' AND `account_settings`.`account_id` = 4) LIMIT 1[0m
  [4;36;1mAccount Update (0.2ms)[0m   [0;1mUPDATE `accounts` SET `updated_at` = '2011-01-10 14:42:30' WHERE `id` = 4[0m
  [4;35;1mAccountSetting Create (0.1ms)[0m   [0mINSERT INTO `account_settings` (`name`, `created_at`, `updated_at`, `account_id`, `value`) VALUES('foo', '2011-01-10 14:42:30', '2011-01-10 14:42:30', 4, '1')[0m
  [4;36;1mAccountSetting Load (0.2ms)[0m   [0;1mSELECT * FROM `account_settings` WHERE (`account_settings`.account_id = 4) [0m
  [4;35;1mSQL (0.2ms)[0m   [0mRELEASE SAVEPOINT active_record_1[0m
  [4;36;1mSQL (0.2ms)[0m   [0;1mSAVEPOINT active_record_1[0m
  [4;35;1mAccount Load (0.2ms)[0m   [0mSELECT * FROM `accounts` WHERE (`accounts`.`id` = 4) [0m
  [4;36;1mAccount Update (0.2ms)[0m   [0;1mUPDATE `accounts` SET `updated_at` = '2011-01-10 14:42:30' WHERE `id` = 4[0m
  [4;35;1mAccountSetting Destroy (0.2ms)[0m   [0mDELETE FROM `account_settings` WHERE `id` = 730411618[0m
  [4;36;1mAccountSetting Load (0.2ms)[0m   [0;1mSELECT * FROM `account_settings` WHERE (`account_settings`.account_id = 4) [0m
  [4;35;1mSQL (0.2ms)[0m   [0mRELEASE SAVEPOINT active_record_1[0m
  [4;36;1mAccountSetting Load (0.2ms)[0m   [0;1mSELECT * FROM `account_settings` WHERE (`account_settings`.account_id = 4) [0m
  [4;35;1mSQL (0.5ms)[0m   [0mROLLBACK[0m
  [4;36;1mSQL (0.0ms)[0m   [0;1mBEGIN[0m
  [4;35;1mSQL (0.0ms)[0m   [0mSAVEPOINT active_record_1[0m
  [4;36;1mAccount Create (0.3ms)[0m   [0;1mINSERT INTO `accounts` (`name`, `created_at`, `updated_at`) VALUES('Name', '2011-01-10 14:42:30', '2011-01-10 14:42:30')[0m
  [4;35;1mSQL (0.1ms)[0m   [0mRELEASE SAVEPOINT active_record_1[0m
  [4;36;1mSQL (0.2ms)[0m   [0;1mSELECT count(*) AS count_all FROM `account_settings` WHERE (`account_settings`.account_id = 5) [0m
  [4;35;1mSQL (0.3ms)[0m   [0mROLLBACK[0m
  [4;36;1mSQL (0.0ms)[0m   [0;1mBEGIN[0m
  [4;35;1mSQL (0.1ms)[0m   [0mSAVEPOINT active_record_1[0m
  [4;36;1mAccount Create (0.2ms)[0m   [0;1mINSERT INTO `accounts` (`name`, `created_at`, `updated_at`) VALUES('Name', '2011-01-10 14:42:30', '2011-01-10 14:42:30')[0m
  [4;35;1mSQL (0.2ms)[0m   [0mRELEASE SAVEPOINT active_record_1[0m
  [4;36;1mAccountSetting Load (0.3ms)[0m   [0;1mSELECT * FROM `account_settings` WHERE (`account_settings`.account_id = 6) [0m
  [4;35;1mSQL (0.5ms)[0m   [0mROLLBACK[0m
  [4;36;1mSQL (0.0ms)[0m   [0;1mBEGIN[0m
  [4;35;1mSQL (0.0ms)[0m   [0mSAVEPOINT active_record_1[0m
  [4;36;1mAccount Create (0.2ms)[0m   [0;1mINSERT INTO `accounts` (`name`, `created_at`, `updated_at`) VALUES('Name', '2011-01-10 14:42:30', '2011-01-10 14:42:30')[0m
  [4;35;1mSQL (0.2ms)[0m   [0mRELEASE SAVEPOINT active_record_1[0m
  [4;36;1mSQL (0.3ms)[0m   [0;1mROLLBACK[0m
  [4;35;1mSQL (0.0ms)[0m   [0mBEGIN[0m
  [4;36;1mSQL (0.0ms)[0m   [0;1mSAVEPOINT active_record_1[0m
  [4;35;1mAccount Create (0.1ms)[0m   [0mINSERT INTO `accounts` (`name`, `created_at`, `updated_at`) VALUES('Name', '2011-01-10 14:42:30', '2011-01-10 14:42:30')[0m
  [4;36;1mSQL (0.0ms)[0m   [0;1mRELEASE SAVEPOINT active_record_1[0m
  [4;35;1mAccountSetting Load (0.3ms)[0m   [0mSELECT `account_settings`.id FROM `account_settings` WHERE (`account_settings`.`name` = BINARY 'hello' AND `account_settings`.`account_id` = 8) LIMIT 1[0m
  [4;36;1mAccountSetting Load (0.1ms)[0m   [0;1mSELECT `account_settings`.id FROM `account_settings` WHERE (`account_settings`.`name` = BINARY 'hel_lo' AND `account_settings`.`account_id` = 8) LIMIT 1[0m
  [4;35;1mAccountSetting Load (0.1ms)[0m   [0mSELECT `account_settings`.id FROM `account_settings` WHERE (`account_settings`.`name` = BINARY 'hell0' AND `account_settings`.`account_id` = 8) LIMIT 1[0m
  [4;36;1mAccountSetting Load (0.2ms)[0m   [0;1mSELECT `account_settings`.id FROM `account_settings` WHERE (`account_settings`.`name` = BINARY '_hello' AND `account_settings`.`account_id` = 8) LIMIT 1[0m
  [4;35;1mAccountSetting Load (0.2ms)[0m   [0mSELECT `account_settings`.id FROM `account_settings` WHERE (`account_settings`.`name` = BINARY 'hello' AND `account_settings`.`account_id` = 8) LIMIT 1[0m
  [4;36;1mSQL (0.4ms)[0m   [0;1mROLLBACK[0m
  [4;35;1mSQL (0.0ms)[0m   [0mBEGIN[0m
  [4;36;1mSQL (0.0ms)[0m   [0;1mSAVEPOINT active_record_1[0m
  [4;35;1mAccount Create (0.2ms)[0m   [0mINSERT INTO `accounts` (`name`, `created_at`, `updated_at`) VALUES('Name', '2011-01-10 14:42:30', '2011-01-10 14:42:30')[0m
  [4;36;1mSQL (0.2ms)[0m   [0;1mRELEASE SAVEPOINT active_record_1[0m
  [4;35;1mSQL (0.2ms)[0m   [0mSAVEPOINT active_record_1[0m
  [4;36;1mAccountSetting Load (0.3ms)[0m   [0;1mSELECT `account_settings`.id FROM `account_settings` WHERE (`account_settings`.`name` = BINARY 'unique' AND `account_settings`.`account_id` = 9) LIMIT 1[0m
  [4;35;1mAccount Update (0.2ms)[0m   [0mUPDATE `accounts` SET `updated_at` = '2011-01-10 14:42:30' WHERE `id` = 9[0m
  [4;36;1mAccountSetting Create (0.2ms)[0m   [0;1mINSERT INTO `account_settings` (`name`, `created_at`, `updated_at`, `account_id`, `value`) VALUES('unique', '2011-01-10 14:42:30', '2011-01-10 14:42:30', 9, NULL)[0m
  [4;35;1mAccountSetting Load (0.2ms)[0m   [0mSELECT * FROM `account_settings` WHERE (`account_settings`.account_id = 9) [0m
  [4;36;1mSQL (0.1ms)[0m   [0;1mRELEASE SAVEPOINT active_record_1[0m
  [4;35;1mSQL (0.1ms)[0m   [0mSAVEPOINT active_record_1[0m
  [4;36;1mAccountSetting Load (0.3ms)[0m   [0;1mSELECT `account_settings`.id FROM `account_settings` WHERE (`account_settings`.`name` = BINARY 'unique' AND `account_settings`.`account_id` = 9) LIMIT 1[0m
  [4;35;1mSQL (0.3ms)[0m   [0mROLLBACK TO SAVEPOINT active_record_1[0m
  [4;36;1mSQL (0.5ms)[0m   [0;1mROLLBACK[0m
  [4;36;1mSQL (0.2ms)[0m   [0;1mSET NAMES 'utf8'[0m
  [4;35;1mSQL (0.2ms)[0m   [0mSET SQL_AUTO_IS_NULL=0[0m
  [4;36;1mSQL (1.4ms)[0m   [0;1mSHOW TABLES[0m
  [4;35;1mSQL (1.7ms)[0m   [0mDROP TABLE `account_settings`[0m
  [4;36;1mSQL (197.1ms)[0m   [0;1mCREATE TABLE `account_settings` (`id` int(11) DEFAULT NULL auto_increment PRIMARY KEY, `account_id` int(11), `name` varchar(255), `value` varchar(255), `created_at` datetime, `updated_at` datetime) ENGINE=InnoDB[0m
  [4;35;1mSQL (0.4ms)[0m   [0mSHOW TABLES[0m
  [4;36;1mSQL (1.0ms)[0m   [0;1mDROP TABLE `accounts`[0m
  [4;35;1mSQL (23.3ms)[0m   [0mCREATE TABLE `accounts` (`id` int(11) DEFAULT NULL auto_increment PRIMARY KEY, `name` varchar(255), `created_at` datetime, `updated_at` datetime) ENGINE=InnoDB[0m
  [4;36;1mSQL (0.3ms)[0m   [0;1mSHOW TABLES[0m
  [4;35;1mSQL (0.1ms)[0m   [0mSELECT version FROM `schema_migrations`[0m
  [4;36;1mSQL (0.4ms)[0m   [0;1mSHOW TABLES[0m
  [4;35;1mAccount Columns (2.4ms)[0m   [0mSHOW FIELDS FROM `accounts`[0m
  [4;36;1mSQL (0.5ms)[0m   [0;1mSHOW TABLES[0m
Unable to load account, underlying cause no such file to load -- account.rb 

 /Users/morten/.rvm/gems/ree-1.8.7-2010.02/gems/activesupport-2.3.10/lib/active_support/dependencies.rb:406:in `load_without_new_constant_marking'
/Users/morten/.rvm/gems/ree-1.8.7-2010.02/gems/activesupport-2.3.10/lib/active_support/dependencies.rb:406:in `load_file'
/Users/morten/.rvm/gems/ree-1.8.7-2010.02/gems/activesupport-2.3.10/lib/active_support/dependencies.rb:547:in `new_constants_in'
/Users/morten/.rvm/gems/ree-1.8.7-2010.02/gems/activesupport-2.3.10/lib/active_support/dependencies.rb:405:in `load_file'
/Users/morten/.rvm/gems/ree-1.8.7-2010.02/gems/activesupport-2.3.10/lib/active_support/dependencies.rb:285:in `require_or_load'
/Users/morten/.rvm/gems/ree-1.8.7-2010.02/gems/activesupport-2.3.10/lib/active_support/dependencies.rb:250:in `depend_on'
/Users/morten/.rvm/gems/ree-1.8.7-2010.02/gems/activesupport-2.3.10/lib/active_support/dependencies.rb:162:in `require_dependency'
/Users/morten/.rvm/gems/ree-1.8.7-2010.02/gems/activerecord-2.3.10/lib/active_record/fixtures.rb:853:in `try_to_load_dependency'
/Users/morten/.rvm/gems/ree-1.8.7-2010.02/gems/activerecord-2.3.10/lib/active_record/fixtures.rb:868:in `require_fixture_classes'
/Users/morten/.rvm/gems/ree-1.8.7-2010.02/gems/activerecord-2.3.10/lib/active_record/fixtures.rb:865:in `each'
/Users/morten/.rvm/gems/ree-1.8.7-2010.02/gems/activerecord-2.3.10/lib/active_record/fixtures.rb:865:in `require_fixture_classes'
/Users/morten/.rvm/gems/ree-1.8.7-2010.02/gems/activerecord-2.3.10/lib/active_record/fixtures.rb:848:in `fixtures'
/Users/morten/.rvm/gems/ree-1.8.7-2010.02/gems/shoulda-2.11.3/lib/shoulda/context.rb:429:in `send'
/Users/morten/.rvm/gems/ree-1.8.7-2010.02/gems/shoulda-2.11.3/lib/shoulda/context.rb:429:in `method_missing'
./test/test_property_sets.rb:20:in `__bind_1294700534_734072'
/Users/morten/.rvm/gems/ree-1.8.7-2010.02/gems/shoulda-2.11.3/lib/shoulda/context.rb:306:in `call'
/Users/morten/.rvm/gems/ree-1.8.7-2010.02/gems/shoulda-2.11.3/lib/shoulda/context.rb:306:in `merge_block'
/Users/morten/.rvm/gems/ree-1.8.7-2010.02/gems/shoulda-2.11.3/lib/shoulda/context.rb:301:in `initialize'
/Users/morten/.rvm/gems/ree-1.8.7-2010.02/gems/shoulda-2.11.3/lib/shoulda/context.rb:199:in `new'
/Users/morten/.rvm/gems/ree-1.8.7-2010.02/gems/shoulda-2.11.3/lib/shoulda/context.rb:199:in `context'
./test/test_property_sets.rb:19
/Users/morten/.rvm/gems/ree-1.8.7-2010.02/gems/rake-0.8.7/lib/rake/rake_test_loader.rb:5:in `load'
/Users/morten/.rvm/gems/ree-1.8.7-2010.02/gems/rake-0.8.7/lib/rake/rake_test_loader.rb:5
/Users/morten/.rvm/gems/ree-1.8.7-2010.02/gems/rake-0.8.7/lib/rake/rake_test_loader.rb:5:in `each'
/Users/morten/.rvm/gems/ree-1.8.7-2010.02/gems/rake-0.8.7/lib/rake/rake_test_loader.rb:5
Unable to load account_setting, underlying cause no such file to load -- account_setting.rb 

 /Users/morten/.rvm/gems/ree-1.8.7-2010.02/gems/activesupport-2.3.10/lib/active_support/dependencies.rb:406:in `load_without_new_constant_marking'
/Users/morten/.rvm/gems/ree-1.8.7-2010.02/gems/activesupport-2.3.10/lib/active_support/dependencies.rb:406:in `load_file'
/Users/morten/.rvm/gems/ree-1.8.7-2010.02/gems/activesupport-2.3.10/lib/active_support/dependencies.rb:547:in `new_constants_in'
/Users/morten/.rvm/gems/ree-1.8.7-2010.02/gems/activesupport-2.3.10/lib/active_support/dependencies.rb:405:in `load_file'
/Users/morten/.rvm/gems/ree-1.8.7-2010.02/gems/activesupport-2.3.10/lib/active_support/dependencies.rb:285:in `require_or_load'
/Users/morten/.rvm/gems/ree-1.8.7-2010.02/gems/activesupport-2.3.10/lib/active_support/dependencies.rb:250:in `depend_on'
/Users/morten/.rvm/gems/ree-1.8.7-2010.02/gems/activesupport-2.3.10/lib/active_support/dependencies.rb:162:in `require_dependency'
/Users/morten/.rvm/gems/ree-1.8.7-2010.02/gems/activerecord-2.3.10/lib/active_record/fixtures.rb:853:in `try_to_load_dependency'
/Users/morten/.rvm/gems/ree-1.8.7-2010.02/gems/activerecord-2.3.10/lib/active_record/fixtures.rb:868:in `require_fixture_classes'
/Users/morten/.rvm/gems/ree-1.8.7-2010.02/gems/activerecord-2.3.10/lib/active_record/fixtures.rb:865:in `each'
/Users/morten/.rvm/gems/ree-1.8.7-2010.02/gems/activerecord-2.3.10/lib/active_record/fixtures.rb:865:in `require_fixture_classes'
/Users/morten/.rvm/gems/ree-1.8.7-2010.02/gems/activerecord-2.3.10/lib/active_record/fixtures.rb:848:in `fixtures'
/Users/morten/.rvm/gems/ree-1.8.7-2010.02/gems/shoulda-2.11.3/lib/shoulda/context.rb:429:in `send'
/Users/morten/.rvm/gems/ree-1.8.7-2010.02/gems/shoulda-2.11.3/lib/shoulda/context.rb:429:in `method_missing'
./test/test_property_sets.rb:20:in `__bind_1294700534_734072'
/Users/morten/.rvm/gems/ree-1.8.7-2010.02/gems/shoulda-2.11.3/lib/shoulda/context.rb:306:in `call'
/Users/morten/.rvm/gems/ree-1.8.7-2010.02/gems/shoulda-2.11.3/lib/shoulda/context.rb:306:in `merge_block'
/Users/morten/.rvm/gems/ree-1.8.7-2010.02/gems/shoulda-2.11.3/lib/shoulda/context.rb:301:in `initialize'
/Users/morten/.rvm/gems/ree-1.8.7-2010.02/gems/shoulda-2.11.3/lib/shoulda/context.rb:199:in `new'
/Users/morten/.rvm/gems/ree-1.8.7-2010.02/gems/shoulda-2.11.3/lib/shoulda/context.rb:199:in `context'
./test/test_property_sets.rb:19
/Users/morten/.rvm/gems/ree-1.8.7-2010.02/gems/rake-0.8.7/lib/rake/rake_test_loader.rb:5:in `load'
/Users/morten/.rvm/gems/ree-1.8.7-2010.02/gems/rake-0.8.7/lib/rake/rake_test_loader.rb:5
/Users/morten/.rvm/gems/ree-1.8.7-2010.02/gems/rake-0.8.7/lib/rake/rake_test_loader.rb:5:in `each'
/Users/morten/.rvm/gems/ree-1.8.7-2010.02/gems/rake-0.8.7/lib/rake/rake_test_loader.rb:5
Unable to load account_text, underlying cause no such file to load -- account_text.rb 

 /Users/morten/.rvm/gems/ree-1.8.7-2010.02/gems/activesupport-2.3.10/lib/active_support/dependencies.rb:406:in `load_without_new_constant_marking'
/Users/morten/.rvm/gems/ree-1.8.7-2010.02/gems/activesupport-2.3.10/lib/active_support/dependencies.rb:406:in `load_file'
/Users/morten/.rvm/gems/ree-1.8.7-2010.02/gems/activesupport-2.3.10/lib/active_support/dependencies.rb:547:in `new_constants_in'
/Users/morten/.rvm/gems/ree-1.8.7-2010.02/gems/activesupport-2.3.10/lib/active_support/dependencies.rb:405:in `load_file'
/Users/morten/.rvm/gems/ree-1.8.7-2010.02/gems/activesupport-2.3.10/lib/active_support/dependencies.rb:285:in `require_or_load'
/Users/morten/.rvm/gems/ree-1.8.7-2010.02/gems/activesupport-2.3.10/lib/active_support/dependencies.rb:250:in `depend_on'
/Users/morten/.rvm/gems/ree-1.8.7-2010.02/gems/activesupport-2.3.10/lib/active_support/dependencies.rb:162:in `require_dependency'
/Users/morten/.rvm/gems/ree-1.8.7-2010.02/gems/activerecord-2.3.10/lib/active_record/fixtures.rb:853:in `try_to_load_dependency'
/Users/morten/.rvm/gems/ree-1.8.7-2010.02/gems/activerecord-2.3.10/lib/active_record/fixtures.rb:868:in `require_fixture_classes'
/Users/morten/.rvm/gems/ree-1.8.7-2010.02/gems/activerecord-2.3.10/lib/active_record/fixtures.rb:865:in `each'
/Users/morten/.rvm/gems/ree-1.8.7-2010.02/gems/activerecord-2.3.10/lib/active_record/fixtures.rb:865:in `require_fixture_classes'
/Users/morten/.rvm/gems/ree-1.8.7-2010.02/gems/activerecord-2.3.10/lib/active_record/fixtures.rb:848:in `fixtures'
/Users/morten/.rvm/gems/ree-1.8.7-2010.02/gems/shoulda-2.11.3/lib/shoulda/context.rb:429:in `send'
/Users/morten/.rvm/gems/ree-1.8.7-2010.02/gems/shoulda-2.11.3/lib/shoulda/context.rb:429:in `method_missing'
./test/test_property_sets.rb:20:in `__bind_1294700534_734072'
/Users/morten/.rvm/gems/ree-1.8.7-2010.02/gems/shoulda-2.11.3/lib/shoulda/context.rb:306:in `call'
/Users/morten/.rvm/gems/ree-1.8.7-2010.02/gems/shoulda-2.11.3/lib/shoulda/context.rb:306:in `merge_block'
/Users/morten/.rvm/gems/ree-1.8.7-2010.02/gems/shoulda-2.11.3/lib/shoulda/context.rb:301:in `initialize'
/Users/morten/.rvm/gems/ree-1.8.7-2010.02/gems/shoulda-2.11.3/lib/shoulda/context.rb:199:in `new'
/Users/morten/.rvm/gems/ree-1.8.7-2010.02/gems/shoulda-2.11.3/lib/shoulda/context.rb:199:in `context'
./test/test_property_sets.rb:19
/Users/morten/.rvm/gems/ree-1.8.7-2010.02/gems/rake-0.8.7/lib/rake/rake_test_loader.rb:5:in `load'
/Users/morten/.rvm/gems/ree-1.8.7-2010.02/gems/rake-0.8.7/lib/rake/rake_test_loader.rb:5
/Users/morten/.rvm/gems/ree-1.8.7-2010.02/gems/rake-0.8.7/lib/rake/rake_test_loader.rb:5:in `each'
/Users/morten/.rvm/gems/ree-1.8.7-2010.02/gems/rake-0.8.7/lib/rake/rake_test_loader.rb:5
  [4;36;1mSQL (0.2ms)[0m   [0;1mSET NAMES 'utf8'[0m
  [4;35;1mSQL (0.2ms)[0m   [0mSET SQL_AUTO_IS_NULL=0[0m
  [4;36;1mSQL (0.3ms)[0m   [0;1mSHOW TABLES[0m
  [4;35;1mSQL (0.8ms)[0m   [0mDROP TABLE `account_settings`[0m
  [4;36;1mSQL (184.6ms)[0m   [0;1mCREATE TABLE `account_settings` (`id` int(11) DEFAULT NULL auto_increment PRIMARY KEY, `account_id` int(11), `name` varchar(255), `value` varchar(255), `created_at` datetime, `updated_at` datetime) ENGINE=InnoDB[0m
  [4;35;1mSQL (0.4ms)[0m   [0mSHOW TABLES[0m
  [4;36;1mSQL (9.6ms)[0m   [0;1mCREATE TABLE `account_texts` (`id` int(11) DEFAULT NULL auto_increment PRIMARY KEY, `account_id` int(11), `name` varchar(255), `value` varchar(255), `created_at` datetime, `updated_at` datetime) ENGINE=InnoDB[0m
  [4;35;1mSQL (0.3ms)[0m   [0mSHOW TABLES[0m
  [4;36;1mSQL (0.9ms)[0m   [0;1mDROP TABLE `accounts`[0m
  [4;35;1mSQL (9.1ms)[0m   [0mCREATE TABLE `accounts` (`id` int(11) DEFAULT NULL auto_increment PRIMARY KEY, `name` varchar(255), `created_at` datetime, `updated_at` datetime) ENGINE=InnoDB[0m
  [4;36;1mSQL (0.3ms)[0m   [0;1mSHOW TABLES[0m
  [4;35;1mSQL (0.1ms)[0m   [0mSELECT version FROM `schema_migrations`[0m
  [4;36;1mSQL (0.4ms)[0m   [0;1mSHOW TABLES[0m
  [4;35;1mAccount Columns (1.0ms)[0m   [0mSHOW FIELDS FROM `accounts`[0m
  [4;36;1mSQL (0.5ms)[0m   [0;1mSHOW TABLES[0m
Unable to load account, underlying cause no such file to load -- account.rb 

 /Users/morten/.rvm/gems/ree-1.8.7-2010.02/gems/activesupport-2.3.10/lib/active_support/dependencies.rb:406:in `load_without_new_constant_marking'
/Users/morten/.rvm/gems/ree-1.8.7-2010.02/gems/activesupport-2.3.10/lib/active_support/dependencies.rb:406:in `load_file'
/Users/morten/.rvm/gems/ree-1.8.7-2010.02/gems/activesupport-2.3.10/lib/active_support/dependencies.rb:547:in `new_constants_in'
/Users/morten/.rvm/gems/ree-1.8.7-2010.02/gems/activesupport-2.3.10/lib/active_support/dependencies.rb:405:in `load_file'
/Users/morten/.rvm/gems/ree-1.8.7-2010.02/gems/activesupport-2.3.10/lib/active_support/dependencies.rb:285:in `require_or_load'
/Users/morten/.rvm/gems/ree-1.8.7-2010.02/gems/activesupport-2.3.10/lib/active_support/dependencies.rb:250:in `depend_on'
/Users/morten/.rvm/gems/ree-1.8.7-2010.02/gems/activesupport-2.3.10/lib/active_support/dependencies.rb:162:in `require_dependency'
/Users/morten/.rvm/gems/ree-1.8.7-2010.02/gems/activerecord-2.3.10/lib/active_record/fixtures.rb:853:in `try_to_load_dependency'
/Users/morten/.rvm/gems/ree-1.8.7-2010.02/gems/activerecord-2.3.10/lib/active_record/fixtures.rb:868:in `require_fixture_classes'
/Users/morten/.rvm/gems/ree-1.8.7-2010.02/gems/activerecord-2.3.10/lib/active_record/fixtures.rb:865:in `each'
/Users/morten/.rvm/gems/ree-1.8.7-2010.02/gems/activerecord-2.3.10/lib/active_record/fixtures.rb:865:in `require_fixture_classes'
/Users/morten/.rvm/gems/ree-1.8.7-2010.02/gems/activerecord-2.3.10/lib/active_record/fixtures.rb:848:in `fixtures'
/Users/morten/.rvm/gems/ree-1.8.7-2010.02/gems/shoulda-2.11.3/lib/shoulda/context.rb:429:in `send'
/Users/morten/.rvm/gems/ree-1.8.7-2010.02/gems/shoulda-2.11.3/lib/shoulda/context.rb:429:in `method_missing'
./test/test_property_sets.rb:20:in `__bind_1294700560_25253'
/Users/morten/.rvm/gems/ree-1.8.7-2010.02/gems/shoulda-2.11.3/lib/shoulda/context.rb:306:in `call'
/Users/morten/.rvm/gems/ree-1.8.7-2010.02/gems/shoulda-2.11.3/lib/shoulda/context.rb:306:in `merge_block'
/Users/morten/.rvm/gems/ree-1.8.7-2010.02/gems/shoulda-2.11.3/lib/shoulda/context.rb:301:in `initialize'
/Users/morten/.rvm/gems/ree-1.8.7-2010.02/gems/shoulda-2.11.3/lib/shoulda/context.rb:199:in `new'
/Users/morten/.rvm/gems/ree-1.8.7-2010.02/gems/shoulda-2.11.3/lib/shoulda/context.rb:199:in `context'
./test/test_property_sets.rb:19
/Users/morten/.rvm/gems/ree-1.8.7-2010.02/gems/rake-0.8.7/lib/rake/rake_test_loader.rb:5:in `load'
/Users/morten/.rvm/gems/ree-1.8.7-2010.02/gems/rake-0.8.7/lib/rake/rake_test_loader.rb:5
/Users/morten/.rvm/gems/ree-1.8.7-2010.02/gems/rake-0.8.7/lib/rake/rake_test_loader.rb:5:in `each'
/Users/morten/.rvm/gems/ree-1.8.7-2010.02/gems/rake-0.8.7/lib/rake/rake_test_loader.rb:5
Unable to load account_setting, underlying cause no such file to load -- account_setting.rb 

 /Users/morten/.rvm/gems/ree-1.8.7-2010.02/gems/activesupport-2.3.10/lib/active_support/dependencies.rb:406:in `load_without_new_constant_marking'
/Users/morten/.rvm/gems/ree-1.8.7-2010.02/gems/activesupport-2.3.10/lib/active_support/dependencies.rb:406:in `load_file'
/Users/morten/.rvm/gems/ree-1.8.7-2010.02/gems/activesupport-2.3.10/lib/active_support/dependencies.rb:547:in `new_constants_in'
/Users/morten/.rvm/gems/ree-1.8.7-2010.02/gems/activesupport-2.3.10/lib/active_support/dependencies.rb:405:in `load_file'
/Users/morten/.rvm/gems/ree-1.8.7-2010.02/gems/activesupport-2.3.10/lib/active_support/dependencies.rb:285:in `require_or_load'
/Users/morten/.rvm/gems/ree-1.8.7-2010.02/gems/activesupport-2.3.10/lib/active_support/dependencies.rb:250:in `depend_on'
/Users/morten/.rvm/gems/ree-1.8.7-2010.02/gems/activesupport-2.3.10/lib/active_support/dependencies.rb:162:in `require_dependency'
/Users/morten/.rvm/gems/ree-1.8.7-2010.02/gems/activerecord-2.3.10/lib/active_record/fixtures.rb:853:in `try_to_load_dependency'
/Users/morten/.rvm/gems/ree-1.8.7-2010.02/gems/activerecord-2.3.10/lib/active_record/fixtures.rb:868:in `require_fixture_classes'
/Users/morten/.rvm/gems/ree-1.8.7-2010.02/gems/activerecord-2.3.10/lib/active_record/fixtures.rb:865:in `each'
/Users/morten/.rvm/gems/ree-1.8.7-2010.02/gems/activerecord-2.3.10/lib/active_record/fixtures.rb:865:in `require_fixture_classes'
/Users/morten/.rvm/gems/ree-1.8.7-2010.02/gems/activerecord-2.3.10/lib/active_record/fixtures.rb:848:in `fixtures'
/Users/morten/.rvm/gems/ree-1.8.7-2010.02/gems/shoulda-2.11.3/lib/shoulda/context.rb:429:in `send'
/Users/morten/.rvm/gems/ree-1.8.7-2010.02/gems/shoulda-2.11.3/lib/shoulda/context.rb:429:in `method_missing'
./test/test_property_sets.rb:20:in `__bind_1294700560_25253'
/Users/morten/.rvm/gems/ree-1.8.7-2010.02/gems/shoulda-2.11.3/lib/shoulda/context.rb:306:in `call'
/Users/morten/.rvm/gems/ree-1.8.7-2010.02/gems/shoulda-2.11.3/lib/shoulda/context.rb:306:in `merge_block'
/Users/morten/.rvm/gems/ree-1.8.7-2010.02/gems/shoulda-2.11.3/lib/shoulda/context.rb:301:in `initialize'
/Users/morten/.rvm/gems/ree-1.8.7-2010.02/gems/shoulda-2.11.3/lib/shoulda/context.rb:199:in `new'
/Users/morten/.rvm/gems/ree-1.8.7-2010.02/gems/shoulda-2.11.3/lib/shoulda/context.rb:199:in `context'
./test/test_property_sets.rb:19
/Users/morten/.rvm/gems/ree-1.8.7-2010.02/gems/rake-0.8.7/lib/rake/rake_test_loader.rb:5:in `load'
/Users/morten/.rvm/gems/ree-1.8.7-2010.02/gems/rake-0.8.7/lib/rake/rake_test_loader.rb:5
/Users/morten/.rvm/gems/ree-1.8.7-2010.02/gems/rake-0.8.7/lib/rake/rake_test_loader.rb:5:in `each'
/Users/morten/.rvm/gems/ree-1.8.7-2010.02/gems/rake-0.8.7/lib/rake/rake_test_loader.rb:5
Unable to load account_text, underlying cause no such file to load -- account_text.rb 

 /Users/morten/.rvm/gems/ree-1.8.7-2010.02/gems/activesupport-2.3.10/lib/active_support/dependencies.rb:406:in `load_without_new_constant_marking'
/Users/morten/.rvm/gems/ree-1.8.7-2010.02/gems/activesupport-2.3.10/lib/active_support/dependencies.rb:406:in `load_file'
/Users/morten/.rvm/gems/ree-1.8.7-2010.02/gems/activesupport-2.3.10/lib/active_support/dependencies.rb:547:in `new_constants_in'
/Users/morten/.rvm/gems/ree-1.8.7-2010.02/gems/activesupport-2.3.10/lib/active_support/dependencies.rb:405:in `load_file'
/Users/morten/.rvm/gems/ree-1.8.7-2010.02/gems/activesupport-2.3.10/lib/active_support/dependencies.rb:285:in `require_or_load'
/Users/morten/.rvm/gems/ree-1.8.7-2010.02/gems/activesupport-2.3.10/lib/active_support/dependencies.rb:250:in `depend_on'
/Users/morten/.rvm/gems/ree-1.8.7-2010.02/gems/activesupport-2.3.10/lib/active_support/dependencies.rb:162:in `require_dependency'
/Users/morten/.rvm/gems/ree-1.8.7-2010.02/gems/activerecord-2.3.10/lib/active_record/fixtures.rb:853:in `try_to_load_dependency'
/Users/morten/.rvm/gems/ree-1.8.7-2010.02/gems/activerecord-2.3.10/lib/active_record/fixtures.rb:868:in `require_fixture_classes'
/Users/morten/.rvm/gems/ree-1.8.7-2010.02/gems/activerecord-2.3.10/lib/active_record/fixtures.rb:865:in `each'
/Users/morten/.rvm/gems/ree-1.8.7-2010.02/gems/activerecord-2.3.10/lib/active_record/fixtures.rb:865:in `require_fixture_classes'
/Users/morten/.rvm/gems/ree-1.8.7-2010.02/gems/activerecord-2.3.10/lib/active_record/fixtures.rb:848:in `fixtures'
/Users/morten/.rvm/gems/ree-1.8.7-2010.02/gems/shoulda-2.11.3/lib/shoulda/context.rb:429:in `send'
/Users/morten/.rvm/gems/ree-1.8.7-2010.02/gems/shoulda-2.11.3/lib/shoulda/context.rb:429:in `method_missing'
./test/test_property_sets.rb:20:in `__bind_1294700560_25253'
/Users/morten/.rvm/gems/ree-1.8.7-2010.02/gems/shoulda-2.11.3/lib/shoulda/context.rb:306:in `call'
/Users/morten/.rvm/gems/ree-1.8.7-2010.02/gems/shoulda-2.11.3/lib/shoulda/context.rb:306:in `merge_block'
/Users/morten/.rvm/gems/ree-1.8.7-2010.02/gems/shoulda-2.11.3/lib/shoulda/context.rb:301:in `initialize'
/Users/morten/.rvm/gems/ree-1.8.7-2010.02/gems/shoulda-2.11.3/lib/shoulda/context.rb:199:in `new'
/Users/morten/.rvm/gems/ree-1.8.7-2010.02/gems/shoulda-2.11.3/lib/shoulda/context.rb:199:in `context'
./test/test_property_sets.rb:19
/Users/morten/.rvm/gems/ree-1.8.7-2010.02/gems/rake-0.8.7/lib/rake/rake_test_loader.rb:5:in `load'
/Users/morten/.rvm/gems/ree-1.8.7-2010.02/gems/rake-0.8.7/lib/rake/rake_test_loader.rb:5
/Users/morten/.rvm/gems/ree-1.8.7-2010.02/gems/rake-0.8.7/lib/rake/rake_test_loader.rb:5:in `each'
/Users/morten/.rvm/gems/ree-1.8.7-2010.02/gems/rake-0.8.7/lib/rake/rake_test_loader.rb:5
  [4;35;1mSQL (0.0ms)[0m   [0mBEGIN[0m
  [4;36;1mSQL (0.2ms)[0m   [0;1mSAVEPOINT active_record_1[0m
  [4;35;1mAccount Create (0.1ms)[0m   [0mINSERT INTO `accounts` (`name`, `created_at`, `updated_at`) VALUES('Name', '2011-01-10 15:02:40', '2011-01-10 15:02:40')[0m
  [4;36;1mSQL (0.2ms)[0m   [0;1mRELEASE SAVEPOINT active_record_1[0m
  [4;35;1mSQL (0.2ms)[0m   [0mSAVEPOINT active_record_1[0m
  [4;36;1mAccount Load (0.4ms)[0m   [0;1mSELECT * FROM `accounts` WHERE (`accounts`.`id` = 2) [0m
  [4;35;1mAccountSetting Load (0.4ms)[0m   [0mSELECT `account_settings`.id FROM `account_settings` WHERE (`account_settings`.`name` = BINARY 'foo' AND `account_settings`.`account_id` = 2) LIMIT 1[0m
  [4;36;1mAccount Update (0.2ms)[0m   [0;1mUPDATE `accounts` SET `updated_at` = '2011-01-10 15:02:40' WHERE `id` = 2[0m
  [4;35;1mAccountSetting Create (0.2ms)[0m   [0mINSERT INTO `account_settings` (`name`, `created_at`, `updated_at`, `account_id`, `value`) VALUES('foo', '2011-01-10 15:02:40', '2011-01-10 15:02:40', 2, '123')[0m
  [4;36;1mAccountSetting Load (0.2ms)[0m   [0;1mSELECT * FROM `account_settings` WHERE (`account_settings`.account_id = 2) [0m
  [4;35;1mSQL (0.1ms)[0m   [0mRELEASE SAVEPOINT active_record_1[0m
  [4;36;1mSQL (0.0ms)[0m   [0;1mSAVEPOINT active_record_1[0m
  [4;35;1mAccount Load (0.1ms)[0m   [0mSELECT * FROM `accounts` WHERE (`accounts`.`id` = 2) [0m
  [4;36;1mAccountSetting Load (0.2ms)[0m   [0;1mSELECT `account_settings`.id FROM `account_settings` WHERE (`account_settings`.`name` = BINARY 'bar' AND `account_settings`.`account_id` = 2) LIMIT 1[0m
  [4;35;1mAccount Update (0.2ms)[0m   [0mUPDATE `accounts` SET `updated_at` = '2011-01-10 15:02:40' WHERE `id` = 2[0m
  [4;36;1mAccountSetting Create (0.2ms)[0m   [0;1mINSERT INTO `account_settings` (`name`, `created_at`, `updated_at`, `account_id`, `value`) VALUES('bar', '2011-01-10 15:02:40', '2011-01-10 15:02:40', 2, '456')[0m
  [4;35;1mAccountSetting Load (0.2ms)[0m   [0mSELECT * FROM `account_settings` WHERE (`account_settings`.account_id = 2) [0m
  [4;36;1mSQL (0.2ms)[0m   [0;1mRELEASE SAVEPOINT active_record_1[0m
  [4;35;1mSQL (0.2ms)[0m   [0mSAVEPOINT active_record_1[0m
  [4;36;1mSQL (0.1ms)[0m   [0;1mRELEASE SAVEPOINT active_record_1[0m
  [4;35;1mAccount Load (0.1ms)[0m   [0mSELECT * FROM `accounts` WHERE (`accounts`.`id` = 2) [0m
  [4;36;1mSQL (0.1ms)[0m   [0;1mSELECT count(*) AS count_all FROM `account_settings` WHERE (`account_settings`.account_id = 2) [0m
  [4;35;1mAccountSetting Load (0.1ms)[0m   [0mSELECT * FROM `account_settings` WHERE (`account_settings`.account_id = 2) [0m
  [4;36;1mSQL (0.4ms)[0m   [0;1mROLLBACK[0m
  [4;35;1mSQL (0.1ms)[0m   [0mBEGIN[0m
  [4;36;1mSQL (0.2ms)[0m   [0;1mSAVEPOINT active_record_1[0m
  [4;35;1mAccount Create (0.3ms)[0m   [0mINSERT INTO `accounts` (`name`, `created_at`, `updated_at`) VALUES('Name', '2011-01-10 15:02:40', '2011-01-10 15:02:40')[0m
  [4;36;1mSQL (0.1ms)[0m   [0;1mRELEASE SAVEPOINT active_record_1[0m
  [4;35;1mAccountSetting Load (0.3ms)[0m   [0mSELECT * FROM `account_settings` WHERE (`account_settings`.account_id = 3) [0m
  [4;36;1mSQL (0.2ms)[0m   [0;1mSAVEPOINT active_record_1[0m
  [4;35;1mAccountSetting Load (0.3ms)[0m   [0mSELECT `account_settings`.id FROM `account_settings` WHERE (`account_settings`.`name` = BINARY 'foo' AND `account_settings`.`account_id` = 3) LIMIT 1[0m
  [4;36;1mAccount Update (0.3ms)[0m   [0;1mUPDATE `accounts` SET `updated_at` = '2011-01-10 15:02:40' WHERE `id` = 3[0m
  [4;35;1mAccountSetting Create (0.2ms)[0m   [0mINSERT INTO `account_settings` (`name`, `created_at`, `updated_at`, `account_id`, `value`) VALUES('foo', '2011-01-10 15:02:40', '2011-01-10 15:02:40', 3, '1')[0m
  [4;36;1mAccountSetting Load (0.2ms)[0m   [0;1mSELECT * FROM `account_settings` WHERE (`account_settings`.account_id = 3) [0m
  [4;35;1mSQL (0.1ms)[0m   [0mRELEASE SAVEPOINT active_record_1[0m
  [4;36;1mSQL (0.1ms)[0m   [0;1mSAVEPOINT active_record_1[0m
  [4;35;1mAccount Load (0.1ms)[0m   [0mSELECT * FROM `accounts` WHERE (`accounts`.`id` = 3) [0m
  [4;36;1mAccountSetting Load (0.2ms)[0m   [0;1mSELECT `account_settings`.id FROM `account_settings` WHERE (`account_settings`.`name` = BINARY 'foo' AND `account_settings`.`account_id` = 3 AND `account_settings`.id <> 730411617) LIMIT 1[0m
  [4;35;1mAccountSetting Update (0.2ms)[0m   [0mUPDATE `account_settings` SET `updated_at` = '2011-01-10 15:02:40', `value` = '2' WHERE `id` = 730411617[0m
  [4;36;1mSQL (0.2ms)[0m   [0;1mRELEASE SAVEPOINT active_record_1[0m
  [4;35;1mSQL (0.4ms)[0m   [0mROLLBACK[0m
  [4;36;1mSQL (0.1ms)[0m   [0;1mBEGIN[0m
  [4;35;1mSQL (0.1ms)[0m   [0mSAVEPOINT active_record_1[0m
  [4;36;1mAccount Create (0.2ms)[0m   [0;1mINSERT INTO `accounts` (`name`, `created_at`, `updated_at`) VALUES('Name', '2011-01-10 15:02:40', '2011-01-10 15:02:40')[0m
  [4;35;1mSQL (0.1ms)[0m   [0mRELEASE SAVEPOINT active_record_1[0m
  [4;36;1mAccountSetting Load (0.3ms)[0m   [0;1mSELECT * FROM `account_settings` WHERE (`account_settings`.account_id = 4) [0m
  [4;35;1mSQL (0.2ms)[0m   [0mSAVEPOINT active_record_1[0m
  [4;36;1mAccountSetting Load (0.2ms)[0m   [0;1mSELECT `account_settings`.id FROM `account_settings` WHERE (`account_settings`.`name` = BINARY 'foo' AND `account_settings`.`account_id` = 4) LIMIT 1[0m
  [4;35;1mAccount Update (0.2ms)[0m   [0mUPDATE `accounts` SET `updated_at` = '2011-01-10 15:02:40' WHERE `id` = 4[0m
  [4;36;1mAccountSetting Create (0.2ms)[0m   [0;1mINSERT INTO `account_settings` (`name`, `created_at`, `updated_at`, `account_id`, `value`) VALUES('foo', '2011-01-10 15:02:40', '2011-01-10 15:02:40', 4, '1')[0m
  [4;35;1mAccountSetting Load (0.2ms)[0m   [0mSELECT * FROM `account_settings` WHERE (`account_settings`.account_id = 4) [0m
  [4;36;1mSQL (0.1ms)[0m   [0;1mRELEASE SAVEPOINT active_record_1[0m
  [4;35;1mSQL (0.1ms)[0m   [0mSAVEPOINT active_record_1[0m
  [4;36;1mAccount Load (0.1ms)[0m   [0;1mSELECT * FROM `accounts` WHERE (`accounts`.`id` = 4) [0m
  [4;35;1mAccount Update (0.1ms)[0m   [0mUPDATE `accounts` SET `updated_at` = '2011-01-10 15:02:40' WHERE `id` = 4[0m
  [4;36;1mAccountSetting Destroy (0.2ms)[0m   [0;1mDELETE FROM `account_settings` WHERE `id` = 730411618[0m
  [4;35;1mAccountSetting Load (0.2ms)[0m   [0mSELECT * FROM `account_settings` WHERE (`account_settings`.account_id = 4) [0m
  [4;36;1mSQL (0.2ms)[0m   [0;1mRELEASE SAVEPOINT active_record_1[0m
  [4;35;1mAccountSetting Load (0.2ms)[0m   [0mSELECT * FROM `account_settings` WHERE (`account_settings`.account_id = 4) [0m
  [4;36;1mSQL (0.4ms)[0m   [0;1mROLLBACK[0m
  [4;35;1mSQL (0.0ms)[0m   [0mBEGIN[0m
  [4;36;1mSQL (0.0ms)[0m   [0;1mSAVEPOINT active_record_1[0m
  [4;35;1mAccount Create (0.1ms)[0m   [0mINSERT INTO `accounts` (`name`, `created_at`, `updated_at`) VALUES('Name', '2011-01-10 15:02:40', '2011-01-10 15:02:40')[0m
  [4;36;1mSQL (0.0ms)[0m   [0;1mRELEASE SAVEPOINT active_record_1[0m
  [4;35;1mSQL (0.1ms)[0m   [0mSELECT count(*) AS count_all FROM `account_settings` WHERE (`account_settings`.account_id = 5) [0m
  [4;36;1mSQL (0.3ms)[0m   [0;1mROLLBACK[0m
  [4;35;1mSQL (0.0ms)[0m   [0mBEGIN[0m
  [4;36;1mSQL (0.0ms)[0m   [0;1mSAVEPOINT active_record_1[0m
  [4;35;1mAccount Create (0.2ms)[0m   [0mINSERT INTO `accounts` (`name`, `created_at`, `updated_at`) VALUES('Name', '2011-01-10 15:02:40', '2011-01-10 15:02:40')[0m
  [4;36;1mSQL (0.1ms)[0m   [0;1mRELEASE SAVEPOINT active_record_1[0m
  [4;35;1mAccountSetting Load (0.1ms)[0m   [0mSELECT * FROM `account_settings` WHERE (`account_settings`.account_id = 6) [0m
  [4;36;1mSQL (0.3ms)[0m   [0;1mROLLBACK[0m
  [4;35;1mSQL (0.0ms)[0m   [0mBEGIN[0m
  [4;36;1mSQL (0.0ms)[0m   [0;1mSAVEPOINT active_record_1[0m
  [4;35;1mAccount Create (0.1ms)[0m   [0mINSERT INTO `accounts` (`name`, `created_at`, `updated_at`) VALUES('Name', '2011-01-10 15:02:40', '2011-01-10 15:02:40')[0m
  [4;36;1mSQL (0.0ms)[0m   [0;1mRELEASE SAVEPOINT active_record_1[0m
  [4;35;1mSQL (0.3ms)[0m   [0mROLLBACK[0m
  [4;36;1mSQL (0.0ms)[0m   [0;1mBEGIN[0m
  [4;35;1mSQL (0.0ms)[0m   [0mSAVEPOINT active_record_1[0m
  [4;36;1mAccount Create (0.1ms)[0m   [0;1mINSERT INTO `accounts` (`name`, `created_at`, `updated_at`) VALUES('Name', '2011-01-10 15:02:40', '2011-01-10 15:02:40')[0m
  [4;35;1mSQL (0.1ms)[0m   [0mRELEASE SAVEPOINT active_record_1[0m
  [4;36;1mAccountSetting Load (0.3ms)[0m   [0;1mSELECT `account_settings`.id FROM `account_settings` WHERE (`account_settings`.`name` = BINARY 'hello' AND `account_settings`.`account_id` = 8) LIMIT 1[0m
  [4;35;1mAccountSetting Load (0.2ms)[0m   [0mSELECT `account_settings`.id FROM `account_settings` WHERE (`account_settings`.`name` = BINARY 'hel_lo' AND `account_settings`.`account_id` = 8) LIMIT 1[0m
  [4;36;1mAccountSetting Load (0.2ms)[0m   [0;1mSELECT `account_settings`.id FROM `account_settings` WHERE (`account_settings`.`name` = BINARY 'hell0' AND `account_settings`.`account_id` = 8) LIMIT 1[0m
  [4;35;1mAccountSetting Load (0.3ms)[0m   [0mSELECT `account_settings`.id FROM `account_settings` WHERE (`account_settings`.`name` = BINARY '_hello' AND `account_settings`.`account_id` = 8) LIMIT 1[0m
  [4;36;1mAccountSetting Load (0.2ms)[0m   [0;1mSELECT `account_settings`.id FROM `account_settings` WHERE (`account_settings`.`name` = BINARY 'hello' AND `account_settings`.`account_id` = 8) LIMIT 1[0m
  [4;35;1mSQL (0.3ms)[0m   [0mROLLBACK[0m
  [4;36;1mSQL (0.1ms)[0m   [0;1mBEGIN[0m
  [4;35;1mSQL (0.0ms)[0m   [0mSAVEPOINT active_record_1[0m
  [4;36;1mAccount Create (0.1ms)[0m   [0;1mINSERT INTO `accounts` (`name`, `created_at`, `updated_at`) VALUES('Name', '2011-01-10 15:02:40', '2011-01-10 15:02:40')[0m
  [4;35;1mSQL (0.2ms)[0m   [0mRELEASE SAVEPOINT active_record_1[0m
  [4;36;1mSQL (0.1ms)[0m   [0;1mSAVEPOINT active_record_1[0m
  [4;35;1mAccountSetting Load (0.1ms)[0m   [0mSELECT `account_settings`.id FROM `account_settings` WHERE (`account_settings`.`name` = BINARY 'unique' AND `account_settings`.`account_id` = 9) LIMIT 1[0m
  [4;36;1mAccount Update (0.4ms)[0m   [0;1mUPDATE `accounts` SET `updated_at` = '2011-01-10 15:02:40' WHERE `id` = 9[0m
  [4;35;1mAccountSetting Create (0.4ms)[0m   [0mINSERT INTO `account_settings` (`name`, `created_at`, `updated_at`, `account_id`, `value`) VALUES('unique', '2011-01-10 15:02:40', '2011-01-10 15:02:40', 9, NULL)[0m
  [4;36;1mAccountSetting Load (0.4ms)[0m   [0;1mSELECT * FROM `account_settings` WHERE (`account_settings`.account_id = 9) [0m
  [4;35;1mSQL (0.2ms)[0m   [0mRELEASE SAVEPOINT active_record_1[0m
  [4;36;1mSQL (0.2ms)[0m   [0;1mSAVEPOINT active_record_1[0m
  [4;35;1mAccountSetting Load (0.2ms)[0m   [0mSELECT `account_settings`.id FROM `account_settings` WHERE (`account_settings`.`name` = BINARY 'unique' AND `account_settings`.`account_id` = 9) LIMIT 1[0m
  [4;36;1mSQL (0.2ms)[0m   [0;1mROLLBACK TO SAVEPOINT active_record_1[0m
  [4;35;1mSQL (0.4ms)[0m   [0mROLLBACK[0m
  [4;36;1mSQL (0.2ms)[0m   [0;1mSET NAMES 'utf8'[0m
  [4;35;1mSQL (0.1ms)[0m   [0mSET SQL_AUTO_IS_NULL=0[0m
  [4;36;1mSQL (0.4ms)[0m   [0;1mSHOW TABLES[0m
  [4;35;1mSQL (2.2ms)[0m   [0mDROP TABLE `account_settings`[0m
  [4;36;1mSQL (190.5ms)[0m   [0;1mCREATE TABLE `account_settings` (`id` int(11) DEFAULT NULL auto_increment PRIMARY KEY, `account_id` int(11), `name` varchar(255), `value` varchar(255), `created_at` datetime, `updated_at` datetime) ENGINE=InnoDB[0m
  [4;35;1mSQL (0.4ms)[0m   [0mSHOW TABLES[0m
  [4;36;1mSQL (1.1ms)[0m   [0;1mDROP TABLE `account_texts`[0m
  [4;35;1mSQL (11.5ms)[0m   [0mCREATE TABLE `account_texts` (`id` int(11) DEFAULT NULL auto_increment PRIMARY KEY, `account_id` int(11), `name` varchar(255), `value` varchar(255), `created_at` datetime, `updated_at` datetime) ENGINE=InnoDB[0m
  [4;36;1mSQL (0.4ms)[0m   [0;1mSHOW TABLES[0m
  [4;35;1mSQL (1.0ms)[0m   [0mDROP TABLE `accounts`[0m
  [4;36;1mSQL (8.8ms)[0m   [0;1mCREATE TABLE `accounts` (`id` int(11) DEFAULT NULL auto_increment PRIMARY KEY, `name` varchar(255), `created_at` datetime, `updated_at` datetime) ENGINE=InnoDB[0m
  [4;35;1mSQL (0.4ms)[0m   [0mSHOW TABLES[0m
  [4;36;1mSQL (0.1ms)[0m   [0;1mSELECT version FROM `schema_migrations`[0m
  [4;35;1mSQL (0.4ms)[0m   [0mSHOW TABLES[0m
  [4;36;1mAccount Columns (1.5ms)[0m   [0;1mSHOW FIELDS FROM `accounts`[0m
  [4;35;1mSQL (0.5ms)[0m   [0mSHOW TABLES[0m
Unable to load account, underlying cause no such file to load -- account.rb 

 /Users/morten/.rvm/gems/ree-1.8.7-2010.02/gems/activesupport-2.3.10/lib/active_support/dependencies.rb:406:in `load_without_new_constant_marking'
/Users/morten/.rvm/gems/ree-1.8.7-2010.02/gems/activesupport-2.3.10/lib/active_support/dependencies.rb:406:in `load_file'
/Users/morten/.rvm/gems/ree-1.8.7-2010.02/gems/activesupport-2.3.10/lib/active_support/dependencies.rb:547:in `new_constants_in'
/Users/morten/.rvm/gems/ree-1.8.7-2010.02/gems/activesupport-2.3.10/lib/active_support/dependencies.rb:405:in `load_file'
/Users/morten/.rvm/gems/ree-1.8.7-2010.02/gems/activesupport-2.3.10/lib/active_support/dependencies.rb:285:in `require_or_load'
/Users/morten/.rvm/gems/ree-1.8.7-2010.02/gems/activesupport-2.3.10/lib/active_support/dependencies.rb:250:in `depend_on'
/Users/morten/.rvm/gems/ree-1.8.7-2010.02/gems/activesupport-2.3.10/lib/active_support/dependencies.rb:162:in `require_dependency'
/Users/morten/.rvm/gems/ree-1.8.7-2010.02/gems/activerecord-2.3.10/lib/active_record/fixtures.rb:853:in `try_to_load_dependency'
/Users/morten/.rvm/gems/ree-1.8.7-2010.02/gems/activerecord-2.3.10/lib/active_record/fixtures.rb:868:in `require_fixture_classes'
/Users/morten/.rvm/gems/ree-1.8.7-2010.02/gems/activerecord-2.3.10/lib/active_record/fixtures.rb:865:in `each'
/Users/morten/.rvm/gems/ree-1.8.7-2010.02/gems/activerecord-2.3.10/lib/active_record/fixtures.rb:865:in `require_fixture_classes'
/Users/morten/.rvm/gems/ree-1.8.7-2010.02/gems/activerecord-2.3.10/lib/active_record/fixtures.rb:848:in `fixtures'
/Users/morten/.rvm/gems/ree-1.8.7-2010.02/gems/shoulda-2.11.3/lib/shoulda/context.rb:429:in `send'
/Users/morten/.rvm/gems/ree-1.8.7-2010.02/gems/shoulda-2.11.3/lib/shoulda/context.rb:429:in `method_missing'
./test/test_property_sets.rb:20:in `__bind_1294700585_752205'
/Users/morten/.rvm/gems/ree-1.8.7-2010.02/gems/shoulda-2.11.3/lib/shoulda/context.rb:306:in `call'
/Users/morten/.rvm/gems/ree-1.8.7-2010.02/gems/shoulda-2.11.3/lib/shoulda/context.rb:306:in `merge_block'
/Users/morten/.rvm/gems/ree-1.8.7-2010.02/gems/shoulda-2.11.3/lib/shoulda/context.rb:301:in `initialize'
/Users/morten/.rvm/gems/ree-1.8.7-2010.02/gems/shoulda-2.11.3/lib/shoulda/context.rb:199:in `new'
/Users/morten/.rvm/gems/ree-1.8.7-2010.02/gems/shoulda-2.11.3/lib/shoulda/context.rb:199:in `context'
./test/test_property_sets.rb:19
/Users/morten/.rvm/gems/ree-1.8.7-2010.02/gems/rake-0.8.7/lib/rake/rake_test_loader.rb:5:in `load'
/Users/morten/.rvm/gems/ree-1.8.7-2010.02/gems/rake-0.8.7/lib/rake/rake_test_loader.rb:5
/Users/morten/.rvm/gems/ree-1.8.7-2010.02/gems/rake-0.8.7/lib/rake/rake_test_loader.rb:5:in `each'
/Users/morten/.rvm/gems/ree-1.8.7-2010.02/gems/rake-0.8.7/lib/rake/rake_test_loader.rb:5
Unable to load account_setting, underlying cause no such file to load -- account_setting.rb 

 /Users/morten/.rvm/gems/ree-1.8.7-2010.02/gems/activesupport-2.3.10/lib/active_support/dependencies.rb:406:in `load_without_new_constant_marking'
/Users/morten/.rvm/gems/ree-1.8.7-2010.02/gems/activesupport-2.3.10/lib/active_support/dependencies.rb:406:in `load_file'
/Users/morten/.rvm/gems/ree-1.8.7-2010.02/gems/activesupport-2.3.10/lib/active_support/dependencies.rb:547:in `new_constants_in'
/Users/morten/.rvm/gems/ree-1.8.7-2010.02/gems/activesupport-2.3.10/lib/active_support/dependencies.rb:405:in `load_file'
/Users/morten/.rvm/gems/ree-1.8.7-2010.02/gems/activesupport-2.3.10/lib/active_support/dependencies.rb:285:in `require_or_load'
/Users/morten/.rvm/gems/ree-1.8.7-2010.02/gems/activesupport-2.3.10/lib/active_support/dependencies.rb:250:in `depend_on'
/Users/morten/.rvm/gems/ree-1.8.7-2010.02/gems/activesupport-2.3.10/lib/active_support/dependencies.rb:162:in `require_dependency'
/Users/morten/.rvm/gems/ree-1.8.7-2010.02/gems/activerecord-2.3.10/lib/active_record/fixtures.rb:853:in `try_to_load_dependency'
/Users/morten/.rvm/gems/ree-1.8.7-2010.02/gems/activerecord-2.3.10/lib/active_record/fixtures.rb:868:in `require_fixture_classes'
/Users/morten/.rvm/gems/ree-1.8.7-2010.02/gems/activerecord-2.3.10/lib/active_record/fixtures.rb:865:in `each'
/Users/morten/.rvm/gems/ree-1.8.7-2010.02/gems/activerecord-2.3.10/lib/active_record/fixtures.rb:865:in `require_fixture_classes'
/Users/morten/.rvm/gems/ree-1.8.7-2010.02/gems/activerecord-2.3.10/lib/active_record/fixtures.rb:848:in `fixtures'
/Users/morten/.rvm/gems/ree-1.8.7-2010.02/gems/shoulda-2.11.3/lib/shoulda/context.rb:429:in `send'
/Users/morten/.rvm/gems/ree-1.8.7-2010.02/gems/shoulda-2.11.3/lib/shoulda/context.rb:429:in `method_missing'
./test/test_property_sets.rb:20:in `__bind_1294700585_752205'
/Users/morten/.rvm/gems/ree-1.8.7-2010.02/gems/shoulda-2.11.3/lib/shoulda/context.rb:306:in `call'
/Users/morten/.rvm/gems/ree-1.8.7-2010.02/gems/shoulda-2.11.3/lib/shoulda/context.rb:306:in `merge_block'
/Users/morten/.rvm/gems/ree-1.8.7-2010.02/gems/shoulda-2.11.3/lib/shoulda/context.rb:301:in `initialize'
/Users/morten/.rvm/gems/ree-1.8.7-2010.02/gems/shoulda-2.11.3/lib/shoulda/context.rb:199:in `new'
/Users/morten/.rvm/gems/ree-1.8.7-2010.02/gems/shoulda-2.11.3/lib/shoulda/context.rb:199:in `context'
./test/test_property_sets.rb:19
/Users/morten/.rvm/gems/ree-1.8.7-2010.02/gems/rake-0.8.7/lib/rake/rake_test_loader.rb:5:in `load'
/Users/morten/.rvm/gems/ree-1.8.7-2010.02/gems/rake-0.8.7/lib/rake/rake_test_loader.rb:5
/Users/morten/.rvm/gems/ree-1.8.7-2010.02/gems/rake-0.8.7/lib/rake/rake_test_loader.rb:5:in `each'
/Users/morten/.rvm/gems/ree-1.8.7-2010.02/gems/rake-0.8.7/lib/rake/rake_test_loader.rb:5
Unable to load account_text, underlying cause no such file to load -- account_text.rb 

 /Users/morten/.rvm/gems/ree-1.8.7-2010.02/gems/activesupport-2.3.10/lib/active_support/dependencies.rb:406:in `load_without_new_constant_marking'
/Users/morten/.rvm/gems/ree-1.8.7-2010.02/gems/activesupport-2.3.10/lib/active_support/dependencies.rb:406:in `load_file'
/Users/morten/.rvm/gems/ree-1.8.7-2010.02/gems/activesupport-2.3.10/lib/active_support/dependencies.rb:547:in `new_constants_in'
/Users/morten/.rvm/gems/ree-1.8.7-2010.02/gems/activesupport-2.3.10/lib/active_support/dependencies.rb:405:in `load_file'
/Users/morten/.rvm/gems/ree-1.8.7-2010.02/gems/activesupport-2.3.10/lib/active_support/dependencies.rb:285:in `require_or_load'
/Users/morten/.rvm/gems/ree-1.8.7-2010.02/gems/activesupport-2.3.10/lib/active_support/dependencies.rb:250:in `depend_on'
/Users/morten/.rvm/gems/ree-1.8.7-2010.02/gems/activesupport-2.3.10/lib/active_support/dependencies.rb:162:in `require_dependency'
/Users/morten/.rvm/gems/ree-1.8.7-2010.02/gems/activerecord-2.3.10/lib/active_record/fixtures.rb:853:in `try_to_load_dependency'
/Users/morten/.rvm/gems/ree-1.8.7-2010.02/gems/activerecord-2.3.10/lib/active_record/fixtures.rb:868:in `require_fixture_classes'
/Users/morten/.rvm/gems/ree-1.8.7-2010.02/gems/activerecord-2.3.10/lib/active_record/fixtures.rb:865:in `each'
/Users/morten/.rvm/gems/ree-1.8.7-2010.02/gems/activerecord-2.3.10/lib/active_record/fixtures.rb:865:in `require_fixture_classes'
/Users/morten/.rvm/gems/ree-1.8.7-2010.02/gems/activerecord-2.3.10/lib/active_record/fixtures.rb:848:in `fixtures'
/Users/morten/.rvm/gems/ree-1.8.7-2010.02/gems/shoulda-2.11.3/lib/shoulda/context.rb:429:in `send'
/Users/morten/.rvm/gems/ree-1.8.7-2010.02/gems/shoulda-2.11.3/lib/shoulda/context.rb:429:in `method_missing'
./test/test_property_sets.rb:20:in `__bind_1294700585_752205'
/Users/morten/.rvm/gems/ree-1.8.7-2010.02/gems/shoulda-2.11.3/lib/shoulda/context.rb:306:in `call'
/Users/morten/.rvm/gems/ree-1.8.7-2010.02/gems/shoulda-2.11.3/lib/shoulda/context.rb:306:in `merge_block'
/Users/morten/.rvm/gems/ree-1.8.7-2010.02/gems/shoulda-2.11.3/lib/shoulda/context.rb:301:in `initialize'
/Users/morten/.rvm/gems/ree-1.8.7-2010.02/gems/shoulda-2.11.3/lib/shoulda/context.rb:199:in `new'
/Users/morten/.rvm/gems/ree-1.8.7-2010.02/gems/shoulda-2.11.3/lib/shoulda/context.rb:199:in `context'
./test/test_property_sets.rb:19
/Users/morten/.rvm/gems/ree-1.8.7-2010.02/gems/rake-0.8.7/lib/rake/rake_test_loader.rb:5:in `load'
/Users/morten/.rvm/gems/ree-1.8.7-2010.02/gems/rake-0.8.7/lib/rake/rake_test_loader.rb:5
/Users/morten/.rvm/gems/ree-1.8.7-2010.02/gems/rake-0.8.7/lib/rake/rake_test_loader.rb:5:in `each'
/Users/morten/.rvm/gems/ree-1.8.7-2010.02/gems/rake-0.8.7/lib/rake/rake_test_loader.rb:5
  [4;36;1mSQL (0.0ms)[0m   [0;1mBEGIN[0m
  [4;35;1mSQL (0.1ms)[0m   [0mSAVEPOINT active_record_1[0m
  [4;36;1mAccount Create (0.2ms)[0m   [0;1mINSERT INTO `accounts` (`name`, `created_at`, `updated_at`) VALUES('Name', '2011-01-10 15:03:05', '2011-01-10 15:03:05')[0m
  [4;35;1mSQL (0.2ms)[0m   [0mRELEASE SAVEPOINT active_record_1[0m
  [4;36;1mSQL (0.2ms)[0m   [0;1mSAVEPOINT active_record_1[0m
  [4;35;1mAccount Load (0.3ms)[0m   [0mSELECT * FROM `accounts` WHERE (`accounts`.`id` = 2) [0m
  [4;36;1mAccountSetting Load (0.3ms)[0m   [0;1mSELECT `account_settings`.id FROM `account_settings` WHERE (`account_settings`.`name` = BINARY 'foo' AND `account_settings`.`account_id` = 2) LIMIT 1[0m
  [4;35;1mAccount Update (0.2ms)[0m   [0mUPDATE `accounts` SET `updated_at` = '2011-01-10 15:03:05' WHERE `id` = 2[0m
  [4;36;1mAccountSetting Create (0.4ms)[0m   [0;1mINSERT INTO `account_settings` (`name`, `created_at`, `updated_at`, `account_id`, `value`) VALUES('foo', '2011-01-10 15:03:05', '2011-01-10 15:03:05', 2, '123')[0m
  [4;35;1mAccountSetting Load (0.3ms)[0m   [0mSELECT * FROM `account_settings` WHERE (`account_settings`.account_id = 2) [0m
  [4;36;1mSQL (0.1ms)[0m   [0;1mRELEASE SAVEPOINT active_record_1[0m
  [4;35;1mSQL (0.1ms)[0m   [0mSAVEPOINT active_record_1[0m
  [4;36;1mAccount Load (0.1ms)[0m   [0;1mSELECT * FROM `accounts` WHERE (`accounts`.`id` = 2) [0m
  [4;35;1mAccountSetting Load (0.1ms)[0m   [0mSELECT `account_settings`.id FROM `account_settings` WHERE (`account_settings`.`name` = BINARY 'bar' AND `account_settings`.`account_id` = 2) LIMIT 1[0m
  [4;36;1mAccount Update (0.2ms)[0m   [0;1mUPDATE `accounts` SET `updated_at` = '2011-01-10 15:03:05' WHERE `id` = 2[0m
  [4;35;1mAccountSetting Create (0.2ms)[0m   [0mINSERT INTO `account_settings` (`name`, `created_at`, `updated_at`, `account_id`, `value`) VALUES('bar', '2011-01-10 15:03:05', '2011-01-10 15:03:05', 2, '456')[0m
  [4;36;1mAccountSetting Load (0.2ms)[0m   [0;1mSELECT * FROM `account_settings` WHERE (`account_settings`.account_id = 2) [0m
  [4;35;1mSQL (0.2ms)[0m   [0mRELEASE SAVEPOINT active_record_1[0m
  [4;36;1mSQL (0.2ms)[0m   [0;1mSAVEPOINT active_record_1[0m
  [4;35;1mSQL (0.1ms)[0m   [0mRELEASE SAVEPOINT active_record_1[0m
  [4;36;1mAccount Load (0.1ms)[0m   [0;1mSELECT * FROM `accounts` WHERE (`accounts`.`id` = 2) [0m
  [4;35;1mSQL (0.1ms)[0m   [0mSELECT count(*) AS count_all FROM `account_settings` WHERE (`account_settings`.account_id = 2) [0m
  [4;36;1mAccountSetting Load (0.1ms)[0m   [0;1mSELECT * FROM `account_settings` WHERE (`account_settings`.account_id = 2) [0m
  [4;35;1mSQL (0.3ms)[0m   [0mROLLBACK[0m
  [4;36;1mSQL (0.0ms)[0m   [0;1mBEGIN[0m
  [4;35;1mSQL (0.1ms)[0m   [0mSAVEPOINT active_record_1[0m
  [4;36;1mAccount Create (0.3ms)[0m   [0;1mINSERT INTO `accounts` (`name`, `created_at`, `updated_at`) VALUES('Name', '2011-01-10 15:03:05', '2011-01-10 15:03:05')[0m
  [4;35;1mSQL (0.1ms)[0m   [0mRELEASE SAVEPOINT active_record_1[0m
  [4;36;1mAccountSetting Load (0.2ms)[0m   [0;1mSELECT * FROM `account_settings` WHERE (`account_settings`.account_id = 3) [0m
  [4;35;1mSQL (0.1ms)[0m   [0mSAVEPOINT active_record_1[0m
  [4;36;1mAccountSetting Load (0.4ms)[0m   [0;1mSELECT `account_settings`.id FROM `account_settings` WHERE (`account_settings`.`name` = BINARY 'foo' AND `account_settings`.`account_id` = 3) LIMIT 1[0m
  [4;35;1mAccount Update (0.4ms)[0m   [0mUPDATE `accounts` SET `updated_at` = '2011-01-10 15:03:05' WHERE `id` = 3[0m
  [4;36;1mAccountSetting Create (0.4ms)[0m   [0;1mINSERT INTO `account_settings` (`name`, `created_at`, `updated_at`, `account_id`, `value`) VALUES('foo', '2011-01-10 15:03:05', '2011-01-10 15:03:05', 3, '1')[0m
  [4;35;1mAccountSetting Load (0.4ms)[0m   [0mSELECT * FROM `account_settings` WHERE (`account_settings`.account_id = 3) [0m
  [4;36;1mSQL (0.2ms)[0m   [0;1mRELEASE SAVEPOINT active_record_1[0m
  [4;35;1mSQL (0.1ms)[0m   [0mSAVEPOINT active_record_1[0m
  [4;36;1mAccount Load (0.2ms)[0m   [0;1mSELECT * FROM `accounts` WHERE (`accounts`.`id` = 3) [0m
  [4;35;1mAccountSetting Load (0.4ms)[0m   [0mSELECT `account_settings`.id FROM `account_settings` WHERE (`account_settings`.`name` = BINARY 'foo' AND `account_settings`.`account_id` = 3 AND `account_settings`.id <> 730411617) LIMIT 1[0m
  [4;36;1mAccountSetting Update (0.4ms)[0m   [0;1mUPDATE `account_settings` SET `updated_at` = '2011-01-10 15:03:05', `value` = '2' WHERE `id` = 730411617[0m
  [4;35;1mSQL (0.2ms)[0m   [0mRELEASE SAVEPOINT active_record_1[0m
  [4;36;1mSQL (0.4ms)[0m   [0;1mROLLBACK[0m
  [4;35;1mSQL (0.1ms)[0m   [0mBEGIN[0m
  [4;36;1mSQL (0.0ms)[0m   [0;1mSAVEPOINT active_record_1[0m
  [4;35;1mAccount Create (0.1ms)[0m   [0mINSERT INTO `accounts` (`name`, `created_at`, `updated_at`) VALUES('Name', '2011-01-10 15:03:05', '2011-01-10 15:03:05')[0m
  [4;36;1mSQL (0.0ms)[0m   [0;1mRELEASE SAVEPOINT active_record_1[0m
  [4;35;1mAccountSetting Load (0.1ms)[0m   [0mSELECT * FROM `account_settings` WHERE (`account_settings`.account_id = 4) [0m
  [4;36;1mSQL (0.1ms)[0m   [0;1mSAVEPOINT active_record_1[0m
  [4;35;1mAccountSetting Load (0.2ms)[0m   [0mSELECT `account_settings`.id FROM `account_settings` WHERE (`account_settings`.`name` = BINARY 'foo' AND `account_settings`.`account_id` = 4) LIMIT 1[0m
  [4;36;1mAccount Update (0.2ms)[0m   [0;1mUPDATE `accounts` SET `updated_at` = '2011-01-10 15:03:05' WHERE `id` = 4[0m
  [4;35;1mAccountSetting Create (0.2ms)[0m   [0mINSERT INTO `account_settings` (`name`, `created_at`, `updated_at`, `account_id`, `value`) VALUES('foo', '2011-01-10 15:03:05', '2011-01-10 15:03:05', 4, '1')[0m
  [4;36;1mAccountSetting Load (0.2ms)[0m   [0;1mSELECT * FROM `account_settings` WHERE (`account_settings`.account_id = 4) [0m
  [4;35;1mSQL (0.2ms)[0m   [0mRELEASE SAVEPOINT active_record_1[0m
  [4;36;1mSQL (0.0ms)[0m   [0;1mSAVEPOINT active_record_1[0m
  [4;35;1mAccount Load (0.1ms)[0m   [0mSELECT * FROM `accounts` WHERE (`accounts`.`id` = 4) [0m
  [4;36;1mAccount Update (0.3ms)[0m   [0;1mUPDATE `accounts` SET `updated_at` = '2011-01-10 15:03:05' WHERE `id` = 4[0m
  [4;35;1mAccountSetting Destroy (0.2ms)[0m   [0mDELETE FROM `account_settings` WHERE `id` = 730411618[0m
  [4;36;1mAccountSetting Load (0.2ms)[0m   [0;1mSELECT * FROM `account_settings` WHERE (`account_settings`.account_id = 4) [0m
  [4;35;1mSQL (0.2ms)[0m   [0mRELEASE SAVEPOINT active_record_1[0m
  [4;36;1mAccountSetting Load (0.1ms)[0m   [0;1mSELECT * FROM `account_settings` WHERE (`account_settings`.account_id = 4) [0m
  [4;35;1mSQL (0.3ms)[0m   [0mROLLBACK[0m
  [4;36;1mSQL (0.0ms)[0m   [0;1mBEGIN[0m
  [4;35;1mSQL (0.0ms)[0m   [0mSAVEPOINT active_record_1[0m
  [4;36;1mAccount Create (0.2ms)[0m   [0;1mINSERT INTO `accounts` (`name`, `created_at`, `updated_at`) VALUES('Name', '2011-01-10 15:03:05', '2011-01-10 15:03:05')[0m
  [4;35;1mSQL (0.2ms)[0m   [0mRELEASE SAVEPOINT active_record_1[0m
  [4;36;1mSQL (0.1ms)[0m   [0;1mSELECT count(*) AS count_all FROM `account_settings` WHERE (`account_settings`.account_id = 5) [0m
  [4;35;1mSQL (0.1ms)[0m   [0mSELECT count(*) AS count_all FROM `account_texts` WHERE (`account_texts`.account_id = 5) [0m
  [4;36;1mSQL (0.3ms)[0m   [0;1mROLLBACK[0m
  [4;35;1mSQL (0.1ms)[0m   [0mBEGIN[0m
  [4;36;1mSQL (0.0ms)[0m   [0;1mSAVEPOINT active_record_1[0m
  [4;35;1mAccount Create (0.2ms)[0m   [0mINSERT INTO `accounts` (`name`, `created_at`, `updated_at`) VALUES('Name', '2011-01-10 15:03:05', '2011-01-10 15:03:05')[0m
  [4;36;1mSQL (0.2ms)[0m   [0;1mRELEASE SAVEPOINT active_record_1[0m
  [4;35;1mAccountSetting Load (0.1ms)[0m   [0mSELECT * FROM `account_settings` WHERE (`account_settings`.account_id = 6) [0m
  [4;36;1mSQL (0.5ms)[0m   [0;1mROLLBACK[0m
  [4;35;1mSQL (0.0ms)[0m   [0mBEGIN[0m
  [4;36;1mSQL (0.1ms)[0m   [0;1mSAVEPOINT active_record_1[0m
  [4;35;1mAccount Create (0.2ms)[0m   [0mINSERT INTO `accounts` (`name`, `created_at`, `updated_at`) VALUES('Name', '2011-01-10 15:03:05', '2011-01-10 15:03:05')[0m
  [4;36;1mSQL (0.2ms)[0m   [0;1mRELEASE SAVEPOINT active_record_1[0m
  [4;35;1mSQL (0.5ms)[0m   [0mROLLBACK[0m
  [4;36;1mSQL (0.0ms)[0m   [0;1mBEGIN[0m
  [4;35;1mSQL (0.0ms)[0m   [0mSAVEPOINT active_record_1[0m
  [4;36;1mAccount Create (0.1ms)[0m   [0;1mINSERT INTO `accounts` (`name`, `created_at`, `updated_at`) VALUES('Name', '2011-01-10 15:03:05', '2011-01-10 15:03:05')[0m
  [4;35;1mSQL (0.0ms)[0m   [0mRELEASE SAVEPOINT active_record_1[0m
  [4;36;1mAccountSetting Load (0.3ms)[0m   [0;1mSELECT `account_settings`.id FROM `account_settings` WHERE (`account_settings`.`name` = BINARY 'hello' AND `account_settings`.`account_id` = 8) LIMIT 1[0m
  [4;35;1mAccountSetting Load (0.2ms)[0m   [0mSELECT `account_settings`.id FROM `account_settings` WHERE (`account_settings`.`name` = BINARY 'hel_lo' AND `account_settings`.`account_id` = 8) LIMIT 1[0m
  [4;36;1mAccountSetting Load (0.2ms)[0m   [0;1mSELECT `account_settings`.id FROM `account_settings` WHERE (`account_settings`.`name` = BINARY 'hell0' AND `account_settings`.`account_id` = 8) LIMIT 1[0m
  [4;35;1mAccountSetting Load (0.2ms)[0m   [0mSELECT `account_settings`.id FROM `account_settings` WHERE (`account_settings`.`name` = BINARY '_hello' AND `account_settings`.`account_id` = 8) LIMIT 1[0m
  [4;36;1mAccountSetting Load (0.2ms)[0m   [0;1mSELECT `account_settings`.id FROM `account_settings` WHERE (`account_settings`.`name` = BINARY 'hello' AND `account_settings`.`account_id` = 8) LIMIT 1[0m
  [4;35;1mSQL (0.5ms)[0m   [0mROLLBACK[0m
  [4;36;1mSQL (0.0ms)[0m   [0;1mBEGIN[0m
  [4;35;1mSQL (0.0ms)[0m   [0mSAVEPOINT active_record_1[0m
  [4;36;1mAccount Create (0.2ms)[0m   [0;1mINSERT INTO `accounts` (`name`, `created_at`, `updated_at`) VALUES('Name', '2011-01-10 15:03:05', '2011-01-10 15:03:05')[0m
  [4;35;1mSQL (0.2ms)[0m   [0mRELEASE SAVEPOINT active_record_1[0m
  [4;36;1mSQL (0.1ms)[0m   [0;1mSAVEPOINT active_record_1[0m
  [4;35;1mAccountSetting Load (0.1ms)[0m   [0mSELECT `account_settings`.id FROM `account_settings` WHERE (`account_settings`.`name` = BINARY 'unique' AND `account_settings`.`account_id` = 9) LIMIT 1[0m
  [4;36;1mAccount Update (0.1ms)[0m   [0;1mUPDATE `accounts` SET `updated_at` = '2011-01-10 15:03:05' WHERE `id` = 9[0m
  [4;35;1mAccountSetting Create (0.1ms)[0m   [0mINSERT INTO `account_settings` (`name`, `created_at`, `updated_at`, `account_id`, `value`) VALUES('unique', '2011-01-10 15:03:05', '2011-01-10 15:03:05', 9, NULL)[0m
  [4;36;1mAccountSetting Load (0.1ms)[0m   [0;1mSELECT * FROM `account_settings` WHERE (`account_settings`.account_id = 9) [0m
  [4;35;1mSQL (0.0ms)[0m   [0mRELEASE SAVEPOINT active_record_1[0m
  [4;36;1mSQL (0.0ms)[0m   [0;1mSAVEPOINT active_record_1[0m
  [4;35;1mAccountSetting Load (0.2ms)[0m   [0mSELECT `account_settings`.id FROM `account_settings` WHERE (`account_settings`.`name` = BINARY 'unique' AND `account_settings`.`account_id` = 9) LIMIT 1[0m
  [4;36;1mSQL (0.2ms)[0m   [0;1mROLLBACK TO SAVEPOINT active_record_1[0m
  [4;35;1mSQL (0.6ms)[0m   [0mROLLBACK[0m
  [4;36;1mSQL (0.2ms)[0m   [0;1mSET NAMES 'utf8'[0m
  [4;35;1mSQL (0.2ms)[0m   [0mSET SQL_AUTO_IS_NULL=0[0m
  [4;36;1mSQL (1.6ms)[0m   [0;1mSHOW TABLES[0m
  [4;35;1mSQL (1.7ms)[0m   [0mDROP TABLE `account_settings`[0m
  [4;36;1mSQL (226.0ms)[0m   [0;1mCREATE TABLE `account_settings` (`id` int(11) DEFAULT NULL auto_increment PRIMARY KEY, `account_id` int(11), `name` varchar(255), `value` varchar(255), `created_at` datetime, `updated_at` datetime) ENGINE=InnoDB[0m
  [4;35;1mSQL (0.4ms)[0m   [0mSHOW TABLES[0m
  [4;36;1mSQL (0.9ms)[0m   [0;1mDROP TABLE `account_texts`[0m
  [4;35;1mSQL (25.4ms)[0m   [0mCREATE TABLE `account_texts` (`id` int(11) DEFAULT NULL auto_increment PRIMARY KEY, `account_id` int(11), `name` varchar(255), `value` varchar(255), `created_at` datetime, `updated_at` datetime) ENGINE=InnoDB[0m
  [4;36;1mSQL (0.3ms)[0m   [0;1mSHOW TABLES[0m
  [4;35;1mSQL (0.7ms)[0m   [0mDROP TABLE `accounts`[0m
  [4;36;1mSQL (9.5ms)[0m   [0;1mCREATE TABLE `accounts` (`id` int(11) DEFAULT NULL auto_increment PRIMARY KEY, `name` varchar(255), `created_at` datetime, `updated_at` datetime) ENGINE=InnoDB[0m
  [4;35;1mSQL (0.4ms)[0m   [0mSHOW TABLES[0m
  [4;36;1mSQL (0.2ms)[0m   [0;1mSELECT version FROM `schema_migrations`[0m
  [4;35;1mSQL (0.4ms)[0m   [0mSHOW TABLES[0m
  [4;36;1mAccount Columns (2.0ms)[0m   [0;1mSHOW FIELDS FROM `accounts`[0m
  [4;35;1mSQL (0.5ms)[0m   [0mSHOW TABLES[0m
Unable to load account, underlying cause no such file to load -- account.rb 

 /Users/morten/.rvm/gems/ree-1.8.7-2010.02/gems/activesupport-2.3.10/lib/active_support/dependencies.rb:406:in `load_without_new_constant_marking'
/Users/morten/.rvm/gems/ree-1.8.7-2010.02/gems/activesupport-2.3.10/lib/active_support/dependencies.rb:406:in `load_file'
/Users/morten/.rvm/gems/ree-1.8.7-2010.02/gems/activesupport-2.3.10/lib/active_support/dependencies.rb:547:in `new_constants_in'
/Users/morten/.rvm/gems/ree-1.8.7-2010.02/gems/activesupport-2.3.10/lib/active_support/dependencies.rb:405:in `load_file'
/Users/morten/.rvm/gems/ree-1.8.7-2010.02/gems/activesupport-2.3.10/lib/active_support/dependencies.rb:285:in `require_or_load'
/Users/morten/.rvm/gems/ree-1.8.7-2010.02/gems/activesupport-2.3.10/lib/active_support/dependencies.rb:250:in `depend_on'
/Users/morten/.rvm/gems/ree-1.8.7-2010.02/gems/activesupport-2.3.10/lib/active_support/dependencies.rb:162:in `require_dependency'
/Users/morten/.rvm/gems/ree-1.8.7-2010.02/gems/activerecord-2.3.10/lib/active_record/fixtures.rb:853:in `try_to_load_dependency'
/Users/morten/.rvm/gems/ree-1.8.7-2010.02/gems/activerecord-2.3.10/lib/active_record/fixtures.rb:868:in `require_fixture_classes'
/Users/morten/.rvm/gems/ree-1.8.7-2010.02/gems/activerecord-2.3.10/lib/active_record/fixtures.rb:865:in `each'
/Users/morten/.rvm/gems/ree-1.8.7-2010.02/gems/activerecord-2.3.10/lib/active_record/fixtures.rb:865:in `require_fixture_classes'
/Users/morten/.rvm/gems/ree-1.8.7-2010.02/gems/activerecord-2.3.10/lib/active_record/fixtures.rb:848:in `fixtures'
/Users/morten/.rvm/gems/ree-1.8.7-2010.02/gems/shoulda-2.11.3/lib/shoulda/context.rb:429:in `send'
/Users/morten/.rvm/gems/ree-1.8.7-2010.02/gems/shoulda-2.11.3/lib/shoulda/context.rb:429:in `method_missing'
./test/test_property_sets.rb:20:in `__bind_1294701766_860805'
/Users/morten/.rvm/gems/ree-1.8.7-2010.02/gems/shoulda-2.11.3/lib/shoulda/context.rb:306:in `call'
/Users/morten/.rvm/gems/ree-1.8.7-2010.02/gems/shoulda-2.11.3/lib/shoulda/context.rb:306:in `merge_block'
/Users/morten/.rvm/gems/ree-1.8.7-2010.02/gems/shoulda-2.11.3/lib/shoulda/context.rb:301:in `initialize'
/Users/morten/.rvm/gems/ree-1.8.7-2010.02/gems/shoulda-2.11.3/lib/shoulda/context.rb:199:in `new'
/Users/morten/.rvm/gems/ree-1.8.7-2010.02/gems/shoulda-2.11.3/lib/shoulda/context.rb:199:in `context'
./test/test_property_sets.rb:19
/Users/morten/.rvm/gems/ree-1.8.7-2010.02/gems/rake-0.8.7/lib/rake/rake_test_loader.rb:5:in `load'
/Users/morten/.rvm/gems/ree-1.8.7-2010.02/gems/rake-0.8.7/lib/rake/rake_test_loader.rb:5
/Users/morten/.rvm/gems/ree-1.8.7-2010.02/gems/rake-0.8.7/lib/rake/rake_test_loader.rb:5:in `each'
/Users/morten/.rvm/gems/ree-1.8.7-2010.02/gems/rake-0.8.7/lib/rake/rake_test_loader.rb:5
Unable to load account_setting, underlying cause no such file to load -- account_setting.rb 

 /Users/morten/.rvm/gems/ree-1.8.7-2010.02/gems/activesupport-2.3.10/lib/active_support/dependencies.rb:406:in `load_without_new_constant_marking'
/Users/morten/.rvm/gems/ree-1.8.7-2010.02/gems/activesupport-2.3.10/lib/active_support/dependencies.rb:406:in `load_file'
/Users/morten/.rvm/gems/ree-1.8.7-2010.02/gems/activesupport-2.3.10/lib/active_support/dependencies.rb:547:in `new_constants_in'
/Users/morten/.rvm/gems/ree-1.8.7-2010.02/gems/activesupport-2.3.10/lib/active_support/dependencies.rb:405:in `load_file'
/Users/morten/.rvm/gems/ree-1.8.7-2010.02/gems/activesupport-2.3.10/lib/active_support/dependencies.rb:285:in `require_or_load'
/Users/morten/.rvm/gems/ree-1.8.7-2010.02/gems/activesupport-2.3.10/lib/active_support/dependencies.rb:250:in `depend_on'
/Users/morten/.rvm/gems/ree-1.8.7-2010.02/gems/activesupport-2.3.10/lib/active_support/dependencies.rb:162:in `require_dependency'
/Users/morten/.rvm/gems/ree-1.8.7-2010.02/gems/activerecord-2.3.10/lib/active_record/fixtures.rb:853:in `try_to_load_dependency'
/Users/morten/.rvm/gems/ree-1.8.7-2010.02/gems/activerecord-2.3.10/lib/active_record/fixtures.rb:868:in `require_fixture_classes'
/Users/morten/.rvm/gems/ree-1.8.7-2010.02/gems/activerecord-2.3.10/lib/active_record/fixtures.rb:865:in `each'
/Users/morten/.rvm/gems/ree-1.8.7-2010.02/gems/activerecord-2.3.10/lib/active_record/fixtures.rb:865:in `require_fixture_classes'
/Users/morten/.rvm/gems/ree-1.8.7-2010.02/gems/activerecord-2.3.10/lib/active_record/fixtures.rb:848:in `fixtures'
/Users/morten/.rvm/gems/ree-1.8.7-2010.02/gems/shoulda-2.11.3/lib/shoulda/context.rb:429:in `send'
/Users/morten/.rvm/gems/ree-1.8.7-2010.02/gems/shoulda-2.11.3/lib/shoulda/context.rb:429:in `method_missing'
./test/test_property_sets.rb:20:in `__bind_1294701766_860805'
/Users/morten/.rvm/gems/ree-1.8.7-2010.02/gems/shoulda-2.11.3/lib/shoulda/context.rb:306:in `call'
/Users/morten/.rvm/gems/ree-1.8.7-2010.02/gems/shoulda-2.11.3/lib/shoulda/context.rb:306:in `merge_block'
/Users/morten/.rvm/gems/ree-1.8.7-2010.02/gems/shoulda-2.11.3/lib/shoulda/context.rb:301:in `initialize'
/Users/morten/.rvm/gems/ree-1.8.7-2010.02/gems/shoulda-2.11.3/lib/shoulda/context.rb:199:in `new'
/Users/morten/.rvm/gems/ree-1.8.7-2010.02/gems/shoulda-2.11.3/lib/shoulda/context.rb:199:in `context'
./test/test_property_sets.rb:19
/Users/morten/.rvm/gems/ree-1.8.7-2010.02/gems/rake-0.8.7/lib/rake/rake_test_loader.rb:5:in `load'
/Users/morten/.rvm/gems/ree-1.8.7-2010.02/gems/rake-0.8.7/lib/rake/rake_test_loader.rb:5
/Users/morten/.rvm/gems/ree-1.8.7-2010.02/gems/rake-0.8.7/lib/rake/rake_test_loader.rb:5:in `each'
/Users/morten/.rvm/gems/ree-1.8.7-2010.02/gems/rake-0.8.7/lib/rake/rake_test_loader.rb:5
Unable to load account_text, underlying cause no such file to load -- account_text.rb 

 /Users/morten/.rvm/gems/ree-1.8.7-2010.02/gems/activesupport-2.3.10/lib/active_support/dependencies.rb:406:in `load_without_new_constant_marking'
/Users/morten/.rvm/gems/ree-1.8.7-2010.02/gems/activesupport-2.3.10/lib/active_support/dependencies.rb:406:in `load_file'
/Users/morten/.rvm/gems/ree-1.8.7-2010.02/gems/activesupport-2.3.10/lib/active_support/dependencies.rb:547:in `new_constants_in'
/Users/morten/.rvm/gems/ree-1.8.7-2010.02/gems/activesupport-2.3.10/lib/active_support/dependencies.rb:405:in `load_file'
/Users/morten/.rvm/gems/ree-1.8.7-2010.02/gems/activesupport-2.3.10/lib/active_support/dependencies.rb:285:in `require_or_load'
/Users/morten/.rvm/gems/ree-1.8.7-2010.02/gems/activesupport-2.3.10/lib/active_support/dependencies.rb:250:in `depend_on'
/Users/morten/.rvm/gems/ree-1.8.7-2010.02/gems/activesupport-2.3.10/lib/active_support/dependencies.rb:162:in `require_dependency'
/Users/morten/.rvm/gems/ree-1.8.7-2010.02/gems/activerecord-2.3.10/lib/active_record/fixtures.rb:853:in `try_to_load_dependency'
/Users/morten/.rvm/gems/ree-1.8.7-2010.02/gems/activerecord-2.3.10/lib/active_record/fixtures.rb:868:in `require_fixture_classes'
/Users/morten/.rvm/gems/ree-1.8.7-2010.02/gems/activerecord-2.3.10/lib/active_record/fixtures.rb:865:in `each'
/Users/morten/.rvm/gems/ree-1.8.7-2010.02/gems/activerecord-2.3.10/lib/active_record/fixtures.rb:865:in `require_fixture_classes'
/Users/morten/.rvm/gems/ree-1.8.7-2010.02/gems/activerecord-2.3.10/lib/active_record/fixtures.rb:848:in `fixtures'
/Users/morten/.rvm/gems/ree-1.8.7-2010.02/gems/shoulda-2.11.3/lib/shoulda/context.rb:429:in `send'
/Users/morten/.rvm/gems/ree-1.8.7-2010.02/gems/shoulda-2.11.3/lib/shoulda/context.rb:429:in `method_missing'
./test/test_property_sets.rb:20:in `__bind_1294701766_860805'
/Users/morten/.rvm/gems/ree-1.8.7-2010.02/gems/shoulda-2.11.3/lib/shoulda/context.rb:306:in `call'
/Users/morten/.rvm/gems/ree-1.8.7-2010.02/gems/shoulda-2.11.3/lib/shoulda/context.rb:306:in `merge_block'
/Users/morten/.rvm/gems/ree-1.8.7-2010.02/gems/shoulda-2.11.3/lib/shoulda/context.rb:301:in `initialize'
/Users/morten/.rvm/gems/ree-1.8.7-2010.02/gems/shoulda-2.11.3/lib/shoulda/context.rb:199:in `new'
/Users/morten/.rvm/gems/ree-1.8.7-2010.02/gems/shoulda-2.11.3/lib/shoulda/context.rb:199:in `context'
./test/test_property_sets.rb:19
/Users/morten/.rvm/gems/ree-1.8.7-2010.02/gems/rake-0.8.7/lib/rake/rake_test_loader.rb:5:in `load'
/Users/morten/.rvm/gems/ree-1.8.7-2010.02/gems/rake-0.8.7/lib/rake/rake_test_loader.rb:5
/Users/morten/.rvm/gems/ree-1.8.7-2010.02/gems/rake-0.8.7/lib/rake/rake_test_loader.rb:5:in `each'
/Users/morten/.rvm/gems/ree-1.8.7-2010.02/gems/rake-0.8.7/lib/rake/rake_test_loader.rb:5
  [4;36;1mSQL (0.0ms)[0m   [0;1mBEGIN[0m
  [4;35;1mSQL (0.2ms)[0m   [0mSAVEPOINT active_record_1[0m
  [4;36;1mAccount Create (0.2ms)[0m   [0;1mINSERT INTO `accounts` (`name`, `created_at`, `updated_at`) VALUES('Name', '2011-01-10 15:22:46', '2011-01-10 15:22:46')[0m
  [4;35;1mSQL (0.1ms)[0m   [0mRELEASE SAVEPOINT active_record_1[0m
  [4;36;1mSQL (0.2ms)[0m   [0;1mSAVEPOINT active_record_1[0m
  [4;35;1mAccount Load (0.3ms)[0m   [0mSELECT * FROM `accounts` WHERE (`accounts`.`id` = 2) [0m
  [4;36;1mAccountSetting Load (0.4ms)[0m   [0;1mSELECT `account_settings`.id FROM `account_settings` WHERE (`account_settings`.`name` = BINARY 'foo' AND `account_settings`.`account_id` = 2) LIMIT 1[0m
  [4;35;1mAccount Update (0.4ms)[0m   [0mUPDATE `accounts` SET `updated_at` = '2011-01-10 15:22:46' WHERE `id` = 2[0m
  [4;36;1mAccountSetting Create (0.2ms)[0m   [0;1mINSERT INTO `account_settings` (`name`, `created_at`, `updated_at`, `account_id`, `value`) VALUES('foo', '2011-01-10 15:22:46', '2011-01-10 15:22:46', 2, '123')[0m
  [4;35;1mAccountSetting Load (0.2ms)[0m   [0mSELECT * FROM `account_settings` WHERE (`account_settings`.account_id = 2) [0m
  [4;36;1mSQL (0.1ms)[0m   [0;1mRELEASE SAVEPOINT active_record_1[0m
  [4;35;1mSQL (0.0ms)[0m   [0mSAVEPOINT active_record_1[0m
  [4;36;1mAccount Load (0.1ms)[0m   [0;1mSELECT * FROM `accounts` WHERE (`accounts`.`id` = 2) [0m
  [4;35;1mAccountSetting Load (0.2ms)[0m   [0mSELECT `account_settings`.id FROM `account_settings` WHERE (`account_settings`.`name` = BINARY 'bar' AND `account_settings`.`account_id` = 2) LIMIT 1[0m
  [4;36;1mAccount Update (0.1ms)[0m   [0;1mUPDATE `accounts` SET `updated_at` = '2011-01-10 15:22:46' WHERE `id` = 2[0m
  [4;35;1mAccountSetting Create (0.1ms)[0m   [0mINSERT INTO `account_settings` (`name`, `created_at`, `updated_at`, `account_id`, `value`) VALUES('bar', '2011-01-10 15:22:46', '2011-01-10 15:22:46', 2, '456')[0m
  [4;36;1mAccountSetting Load (0.1ms)[0m   [0;1mSELECT * FROM `account_settings` WHERE (`account_settings`.account_id = 2) [0m
  [4;35;1mSQL (0.0ms)[0m   [0mRELEASE SAVEPOINT active_record_1[0m
  [4;36;1mSQL (0.0ms)[0m   [0;1mSAVEPOINT active_record_1[0m
  [4;35;1mSQL (0.0ms)[0m   [0mRELEASE SAVEPOINT active_record_1[0m
  [4;36;1mAccount Load (0.2ms)[0m   [0;1mSELECT * FROM `accounts` WHERE (`accounts`.`id` = 2) [0m
  [4;35;1mSQL (0.2ms)[0m   [0mSELECT count(*) AS count_all FROM `account_settings` WHERE (`account_settings`.account_id = 2) [0m
  [4;36;1mAccountSetting Load (0.2ms)[0m   [0;1mSELECT * FROM `account_settings` WHERE (`account_settings`.account_id = 2) [0m
  [4;35;1mSQL (0.6ms)[0m   [0mROLLBACK[0m
  [4;36;1mSQL (0.1ms)[0m   [0;1mBEGIN[0m
  [4;35;1mSQL (0.1ms)[0m   [0mSAVEPOINT active_record_1[0m
  [4;36;1mAccount Create (0.2ms)[0m   [0;1mINSERT INTO `accounts` (`name`, `created_at`, `updated_at`) VALUES('Name', '2011-01-10 15:22:46', '2011-01-10 15:22:46')[0m
  [4;35;1mSQL (0.1ms)[0m   [0mRELEASE SAVEPOINT active_record_1[0m
  [4;36;1mAccountSetting Load (0.2ms)[0m   [0;1mSELECT * FROM `account_settings` WHERE (`account_settings`.account_id = 3) [0m
  [4;35;1mSQL (0.1ms)[0m   [0mSAVEPOINT active_record_1[0m
  [4;36;1mAccountSetting Load (0.3ms)[0m   [0;1mSELECT `account_settings`.id FROM `account_settings` WHERE (`account_settings`.`name` = BINARY 'foo' AND `account_settings`.`account_id` = 3) LIMIT 1[0m
  [4;35;1mAccount Update (0.2ms)[0m   [0mUPDATE `accounts` SET `updated_at` = '2011-01-10 15:22:46' WHERE `id` = 3[0m
  [4;36;1mAccountSetting Create (0.2ms)[0m   [0;1mINSERT INTO `account_settings` (`name`, `created_at`, `updated_at`, `account_id`, `value`) VALUES('foo', '2011-01-10 15:22:46', '2011-01-10 15:22:46', 3, '1')[0m
  [4;35;1mAccountSetting Load (0.2ms)[0m   [0mSELECT * FROM `account_settings` WHERE (`account_settings`.account_id = 3) [0m
  [4;36;1mSQL (0.1ms)[0m   [0;1mRELEASE SAVEPOINT active_record_1[0m
  [4;35;1mSQL (0.1ms)[0m   [0mSELECT count(*) AS count_all FROM `account_texts` WHERE (`account_texts`.account_id = 3) [0m
  [4;36;1mSQL (0.1ms)[0m   [0;1mSAVEPOINT active_record_1[0m
  [4;35;1mAccount Load (0.1ms)[0m   [0mSELECT * FROM `accounts` WHERE (`accounts`.`id` = 3) [0m
  [4;36;1mAccountSetting Load (0.2ms)[0m   [0;1mSELECT `account_settings`.id FROM `account_settings` WHERE (`account_settings`.`name` = BINARY 'foo' AND `account_settings`.`account_id` = 3 AND `account_settings`.id <> 730411617) LIMIT 1[0m
  [4;35;1mAccountSetting Update (0.2ms)[0m   [0mUPDATE `account_settings` SET `updated_at` = '2011-01-10 15:22:46', `value` = '2' WHERE `id` = 730411617[0m
  [4;36;1mSQL (0.1ms)[0m   [0;1mRELEASE SAVEPOINT active_record_1[0m
  [4;35;1mSQL (0.4ms)[0m   [0mROLLBACK[0m
  [4;36;1mSQL (0.0ms)[0m   [0;1mBEGIN[0m
  [4;35;1mSQL (0.0ms)[0m   [0mSAVEPOINT active_record_1[0m
  [4;36;1mAccount Create (0.1ms)[0m   [0;1mINSERT INTO `accounts` (`name`, `created_at`, `updated_at`) VALUES('Name', '2011-01-10 15:22:46', '2011-01-10 15:22:46')[0m
  [4;35;1mSQL (0.0ms)[0m   [0mRELEASE SAVEPOINT active_record_1[0m
  [4;36;1mAccountSetting Load (0.1ms)[0m   [0;1mSELECT * FROM `account_settings` WHERE (`account_settings`.account_id = 4) [0m
  [4;35;1mSQL (0.0ms)[0m   [0mSAVEPOINT active_record_1[0m
  [4;36;1mAccountSetting Load (0.1ms)[0m   [0;1mSELECT `account_settings`.id FROM `account_settings` WHERE (`account_settings`.`name` = BINARY 'foo' AND `account_settings`.`account_id` = 4) LIMIT 1[0m
  [4;35;1mAccount Update (0.2ms)[0m   [0mUPDATE `accounts` SET `updated_at` = '2011-01-10 15:22:46' WHERE `id` = 4[0m
  [4;36;1mAccountSetting Create (0.2ms)[0m   [0;1mINSERT INTO `account_settings` (`name`, `created_at`, `updated_at`, `account_id`, `value`) VALUES('foo', '2011-01-10 15:22:46', '2011-01-10 15:22:46', 4, '1')[0m
  [4;35;1mAccountSetting Load (0.2ms)[0m   [0mSELECT * FROM `account_settings` WHERE (`account_settings`.account_id = 4) [0m
  [4;36;1mSQL (0.2ms)[0m   [0;1mRELEASE SAVEPOINT active_record_1[0m
  [4;35;1mSQL (0.2ms)[0m   [0mSAVEPOINT active_record_1[0m
  [4;36;1mAccount Load (0.2ms)[0m   [0;1mSELECT * FROM `accounts` WHERE (`accounts`.`id` = 4) [0m
  [4;35;1mAccount Update (0.1ms)[0m   [0mUPDATE `accounts` SET `updated_at` = '2011-01-10 15:22:46' WHERE `id` = 4[0m
  [4;36;1mAccountSetting Destroy (0.1ms)[0m   [0;1mDELETE FROM `account_settings` WHERE `id` = 730411618[0m
  [4;35;1mAccountSetting Load (0.3ms)[0m   [0mSELECT * FROM `account_settings` WHERE (`account_settings`.account_id = 4) [0m
  [4;36;1mSQL (0.1ms)[0m   [0;1mRELEASE SAVEPOINT active_record_1[0m
  [4;35;1mAccountSetting Load (0.1ms)[0m   [0mSELECT * FROM `account_settings` WHERE (`account_settings`.account_id = 4) [0m
  [4;36;1mSQL (0.5ms)[0m   [0;1mROLLBACK[0m
  [4;35;1mSQL (0.0ms)[0m   [0mBEGIN[0m
  [4;36;1mSQL (0.0ms)[0m   [0;1mSAVEPOINT active_record_1[0m
  [4;35;1mAccount Create (0.2ms)[0m   [0mINSERT INTO `accounts` (`name`, `created_at`, `updated_at`) VALUES('Name', '2011-01-10 15:22:46', '2011-01-10 15:22:46')[0m
  [4;36;1mSQL (0.2ms)[0m   [0;1mRELEASE SAVEPOINT active_record_1[0m
  [4;35;1mSQL (0.2ms)[0m   [0mSELECT count(*) AS count_all FROM `account_settings` WHERE (`account_settings`.account_id = 5) [0m
  [4;36;1mSQL (0.2ms)[0m   [0;1mSELECT count(*) AS count_all FROM `account_texts` WHERE (`account_texts`.account_id = 5) [0m
  [4;35;1mSQL (0.3ms)[0m   [0mROLLBACK[0m
  [4;36;1mSQL (0.0ms)[0m   [0;1mBEGIN[0m
  [4;35;1mSQL (0.0ms)[0m   [0mSAVEPOINT active_record_1[0m
  [4;36;1mAccount Create (0.1ms)[0m   [0;1mINSERT INTO `accounts` (`name`, `created_at`, `updated_at`) VALUES('Name', '2011-01-10 15:22:46', '2011-01-10 15:22:46')[0m
  [4;35;1mSQL (0.0ms)[0m   [0mRELEASE SAVEPOINT active_record_1[0m
  [4;36;1mAccountSetting Load (0.1ms)[0m   [0;1mSELECT * FROM `account_settings` WHERE (`account_settings`.account_id = 6) [0m
  [4;35;1mSQL (0.5ms)[0m   [0mROLLBACK[0m
  [4;36;1mSQL (0.0ms)[0m   [0;1mBEGIN[0m
  [4;35;1mSQL (0.0ms)[0m   [0mSAVEPOINT active_record_1[0m
  [4;36;1mAccount Create (0.1ms)[0m   [0;1mINSERT INTO `accounts` (`name`, `created_at`, `updated_at`) VALUES('Name', '2011-01-10 15:22:46', '2011-01-10 15:22:46')[0m
  [4;35;1mSQL (0.1ms)[0m   [0mRELEASE SAVEPOINT active_record_1[0m
  [4;36;1mSQL (0.3ms)[0m   [0;1mROLLBACK[0m
  [4;35;1mSQL (0.0ms)[0m   [0mBEGIN[0m
  [4;36;1mSQL (0.0ms)[0m   [0;1mSAVEPOINT active_record_1[0m
  [4;35;1mAccount Create (0.1ms)[0m   [0mINSERT INTO `accounts` (`name`, `created_at`, `updated_at`) VALUES('Name', '2011-01-10 15:22:46', '2011-01-10 15:22:46')[0m
  [4;36;1mSQL (0.1ms)[0m   [0;1mRELEASE SAVEPOINT active_record_1[0m
  [4;35;1mAccountSetting Load (0.3ms)[0m   [0mSELECT `account_settings`.id FROM `account_settings` WHERE (`account_settings`.`name` = BINARY 'hello' AND `account_settings`.`account_id` = 8) LIMIT 1[0m
  [4;36;1mAccountSetting Load (0.2ms)[0m   [0;1mSELECT `account_settings`.id FROM `account_settings` WHERE (`account_settings`.`name` = BINARY 'hel_lo' AND `account_settings`.`account_id` = 8) LIMIT 1[0m
  [4;35;1mAccountSetting Load (0.2ms)[0m   [0mSELECT `account_settings`.id FROM `account_settings` WHERE (`account_settings`.`name` = BINARY 'hell0' AND `account_settings`.`account_id` = 8) LIMIT 1[0m
  [4;36;1mAccountSetting Load (0.1ms)[0m   [0;1mSELECT `account_settings`.id FROM `account_settings` WHERE (`account_settings`.`name` = BINARY '_hello' AND `account_settings`.`account_id` = 8) LIMIT 1[0m
  [4;35;1mAccountSetting Load (0.2ms)[0m   [0mSELECT `account_settings`.id FROM `account_settings` WHERE (`account_settings`.`name` = BINARY 'hello' AND `account_settings`.`account_id` = 8) LIMIT 1[0m
  [4;36;1mSQL (0.4ms)[0m   [0;1mROLLBACK[0m
  [4;35;1mSQL (0.1ms)[0m   [0mBEGIN[0m
  [4;36;1mSQL (0.1ms)[0m   [0;1mSAVEPOINT active_record_1[0m
  [4;35;1mAccount Create (0.1ms)[0m   [0mINSERT INTO `accounts` (`name`, `created_at`, `updated_at`) VALUES('Name', '2011-01-10 15:22:46', '2011-01-10 15:22:46')[0m
  [4;36;1mSQL (0.1ms)[0m   [0;1mRELEASE SAVEPOINT active_record_1[0m
  [4;35;1mSQL (0.1ms)[0m   [0mSAVEPOINT active_record_1[0m
  [4;36;1mAccountSetting Load (0.1ms)[0m   [0;1mSELECT `account_settings`.id FROM `account_settings` WHERE (`account_settings`.`name` = BINARY 'unique' AND `account_settings`.`account_id` = 9) LIMIT 1[0m
  [4;35;1mAccount Update (0.1ms)[0m   [0mUPDATE `accounts` SET `updated_at` = '2011-01-10 15:22:46' WHERE `id` = 9[0m
  [4;36;1mAccountSetting Create (0.1ms)[0m   [0;1mINSERT INTO `account_settings` (`name`, `created_at`, `updated_at`, `account_id`, `value`) VALUES('unique', '2011-01-10 15:22:46', '2011-01-10 15:22:46', 9, NULL)[0m
  [4;35;1mAccountSetting Load (0.2ms)[0m   [0mSELECT * FROM `account_settings` WHERE (`account_settings`.account_id = 9) [0m
  [4;36;1mSQL (0.1ms)[0m   [0;1mRELEASE SAVEPOINT active_record_1[0m
  [4;35;1mSQL (0.0ms)[0m   [0mSAVEPOINT active_record_1[0m
  [4;36;1mAccountSetting Load (0.1ms)[0m   [0;1mSELECT `account_settings`.id FROM `account_settings` WHERE (`account_settings`.`name` = BINARY 'unique' AND `account_settings`.`account_id` = 9) LIMIT 1[0m
  [4;35;1mSQL (0.2ms)[0m   [0mROLLBACK TO SAVEPOINT active_record_1[0m
  [4;36;1mSQL (0.4ms)[0m   [0;1mROLLBACK[0m
  [4;36;1mSQL (0.2ms)[0m   [0;1mSET NAMES 'utf8'[0m
  [4;35;1mSQL (0.2ms)[0m   [0mSET SQL_AUTO_IS_NULL=0[0m
  [4;36;1mSQL (0.5ms)[0m   [0;1mSHOW TABLES[0m
  [4;35;1mSQL (1.4ms)[0m   [0mDROP TABLE `account_settings`[0m
  [4;36;1mSQL (169.3ms)[0m   [0;1mCREATE TABLE `account_settings` (`id` int(11) DEFAULT NULL auto_increment PRIMARY KEY, `account_id` int(11), `name` varchar(255), `value` varchar(255), `created_at` datetime, `updated_at` datetime) ENGINE=InnoDB[0m
  [4;35;1mSQL (0.3ms)[0m   [0mSHOW TABLES[0m
  [4;36;1mSQL (0.8ms)[0m   [0;1mDROP TABLE `account_texts`[0m
  [4;35;1mSQL (12.5ms)[0m   [0mCREATE TABLE `account_texts` (`id` int(11) DEFAULT NULL auto_increment PRIMARY KEY, `account_id` int(11), `name` varchar(255), `value` varchar(255), `created_at` datetime, `updated_at` datetime) ENGINE=InnoDB[0m
  [4;36;1mSQL (0.3ms)[0m   [0;1mSHOW TABLES[0m
  [4;35;1mSQL (0.8ms)[0m   [0mDROP TABLE `accounts`[0m
  [4;36;1mSQL (9.1ms)[0m   [0;1mCREATE TABLE `accounts` (`id` int(11) DEFAULT NULL auto_increment PRIMARY KEY, `name` varchar(255), `created_at` datetime, `updated_at` datetime) ENGINE=InnoDB[0m
  [4;35;1mSQL (0.3ms)[0m   [0mSHOW TABLES[0m
  [4;36;1mSQL (0.1ms)[0m   [0;1mSELECT version FROM `schema_migrations`[0m
  [4;35;1mSQL (0.7ms)[0m   [0mSHOW TABLES[0m
  [4;36;1mAccount Columns (1.4ms)[0m   [0;1mSHOW FIELDS FROM `accounts`[0m
  [4;35;1mSQL (0.4ms)[0m   [0mSHOW TABLES[0m
Unable to load account, underlying cause no such file to load -- account.rb 

 /Users/morten/.rvm/gems/ree-1.8.7-2010.02/gems/activesupport-2.3.10/lib/active_support/dependencies.rb:406:in `load_without_new_constant_marking'
/Users/morten/.rvm/gems/ree-1.8.7-2010.02/gems/activesupport-2.3.10/lib/active_support/dependencies.rb:406:in `load_file'
/Users/morten/.rvm/gems/ree-1.8.7-2010.02/gems/activesupport-2.3.10/lib/active_support/dependencies.rb:547:in `new_constants_in'
/Users/morten/.rvm/gems/ree-1.8.7-2010.02/gems/activesupport-2.3.10/lib/active_support/dependencies.rb:405:in `load_file'
/Users/morten/.rvm/gems/ree-1.8.7-2010.02/gems/activesupport-2.3.10/lib/active_support/dependencies.rb:285:in `require_or_load'
/Users/morten/.rvm/gems/ree-1.8.7-2010.02/gems/activesupport-2.3.10/lib/active_support/dependencies.rb:250:in `depend_on'
/Users/morten/.rvm/gems/ree-1.8.7-2010.02/gems/activesupport-2.3.10/lib/active_support/dependencies.rb:162:in `require_dependency'
/Users/morten/.rvm/gems/ree-1.8.7-2010.02/gems/activerecord-2.3.10/lib/active_record/fixtures.rb:853:in `try_to_load_dependency'
/Users/morten/.rvm/gems/ree-1.8.7-2010.02/gems/activerecord-2.3.10/lib/active_record/fixtures.rb:868:in `require_fixture_classes'
/Users/morten/.rvm/gems/ree-1.8.7-2010.02/gems/activerecord-2.3.10/lib/active_record/fixtures.rb:865:in `each'
/Users/morten/.rvm/gems/ree-1.8.7-2010.02/gems/activerecord-2.3.10/lib/active_record/fixtures.rb:865:in `require_fixture_classes'
/Users/morten/.rvm/gems/ree-1.8.7-2010.02/gems/activerecord-2.3.10/lib/active_record/fixtures.rb:848:in `fixtures'
/Users/morten/.rvm/gems/ree-1.8.7-2010.02/gems/shoulda-2.11.3/lib/shoulda/context.rb:429:in `send'
/Users/morten/.rvm/gems/ree-1.8.7-2010.02/gems/shoulda-2.11.3/lib/shoulda/context.rb:429:in `method_missing'
./test/test_property_sets.rb:20:in `__bind_1294701912_106634'
/Users/morten/.rvm/gems/ree-1.8.7-2010.02/gems/shoulda-2.11.3/lib/shoulda/context.rb:306:in `call'
/Users/morten/.rvm/gems/ree-1.8.7-2010.02/gems/shoulda-2.11.3/lib/shoulda/context.rb:306:in `merge_block'
/Users/morten/.rvm/gems/ree-1.8.7-2010.02/gems/shoulda-2.11.3/lib/shoulda/context.rb:301:in `initialize'
/Users/morten/.rvm/gems/ree-1.8.7-2010.02/gems/shoulda-2.11.3/lib/shoulda/context.rb:199:in `new'
/Users/morten/.rvm/gems/ree-1.8.7-2010.02/gems/shoulda-2.11.3/lib/shoulda/context.rb:199:in `context'
./test/test_property_sets.rb:19
/Users/morten/.rvm/gems/ree-1.8.7-2010.02/gems/rake-0.8.7/lib/rake/rake_test_loader.rb:5:in `load'
/Users/morten/.rvm/gems/ree-1.8.7-2010.02/gems/rake-0.8.7/lib/rake/rake_test_loader.rb:5
/Users/morten/.rvm/gems/ree-1.8.7-2010.02/gems/rake-0.8.7/lib/rake/rake_test_loader.rb:5:in `each'
/Users/morten/.rvm/gems/ree-1.8.7-2010.02/gems/rake-0.8.7/lib/rake/rake_test_loader.rb:5
Unable to load account_setting, underlying cause no such file to load -- account_setting.rb 

 /Users/morten/.rvm/gems/ree-1.8.7-2010.02/gems/activesupport-2.3.10/lib/active_support/dependencies.rb:406:in `load_without_new_constant_marking'
/Users/morten/.rvm/gems/ree-1.8.7-2010.02/gems/activesupport-2.3.10/lib/active_support/dependencies.rb:406:in `load_file'
/Users/morten/.rvm/gems/ree-1.8.7-2010.02/gems/activesupport-2.3.10/lib/active_support/dependencies.rb:547:in `new_constants_in'
/Users/morten/.rvm/gems/ree-1.8.7-2010.02/gems/activesupport-2.3.10/lib/active_support/dependencies.rb:405:in `load_file'
/Users/morten/.rvm/gems/ree-1.8.7-2010.02/gems/activesupport-2.3.10/lib/active_support/dependencies.rb:285:in `require_or_load'
/Users/morten/.rvm/gems/ree-1.8.7-2010.02/gems/activesupport-2.3.10/lib/active_support/dependencies.rb:250:in `depend_on'
/Users/morten/.rvm/gems/ree-1.8.7-2010.02/gems/activesupport-2.3.10/lib/active_support/dependencies.rb:162:in `require_dependency'
/Users/morten/.rvm/gems/ree-1.8.7-2010.02/gems/activerecord-2.3.10/lib/active_record/fixtures.rb:853:in `try_to_load_dependency'
/Users/morten/.rvm/gems/ree-1.8.7-2010.02/gems/activerecord-2.3.10/lib/active_record/fixtures.rb:868:in `require_fixture_classes'
/Users/morten/.rvm/gems/ree-1.8.7-2010.02/gems/activerecord-2.3.10/lib/active_record/fixtures.rb:865:in `each'
/Users/morten/.rvm/gems/ree-1.8.7-2010.02/gems/activerecord-2.3.10/lib/active_record/fixtures.rb:865:in `require_fixture_classes'
/Users/morten/.rvm/gems/ree-1.8.7-2010.02/gems/activerecord-2.3.10/lib/active_record/fixtures.rb:848:in `fixtures'
/Users/morten/.rvm/gems/ree-1.8.7-2010.02/gems/shoulda-2.11.3/lib/shoulda/context.rb:429:in `send'
/Users/morten/.rvm/gems/ree-1.8.7-2010.02/gems/shoulda-2.11.3/lib/shoulda/context.rb:429:in `method_missing'
./test/test_property_sets.rb:20:in `__bind_1294701912_106634'
/Users/morten/.rvm/gems/ree-1.8.7-2010.02/gems/shoulda-2.11.3/lib/shoulda/context.rb:306:in `call'
/Users/morten/.rvm/gems/ree-1.8.7-2010.02/gems/shoulda-2.11.3/lib/shoulda/context.rb:306:in `merge_block'
/Users/morten/.rvm/gems/ree-1.8.7-2010.02/gems/shoulda-2.11.3/lib/shoulda/context.rb:301:in `initialize'
/Users/morten/.rvm/gems/ree-1.8.7-2010.02/gems/shoulda-2.11.3/lib/shoulda/context.rb:199:in `new'
/Users/morten/.rvm/gems/ree-1.8.7-2010.02/gems/shoulda-2.11.3/lib/shoulda/context.rb:199:in `context'
./test/test_property_sets.rb:19
/Users/morten/.rvm/gems/ree-1.8.7-2010.02/gems/rake-0.8.7/lib/rake/rake_test_loader.rb:5:in `load'
/Users/morten/.rvm/gems/ree-1.8.7-2010.02/gems/rake-0.8.7/lib/rake/rake_test_loader.rb:5
/Users/morten/.rvm/gems/ree-1.8.7-2010.02/gems/rake-0.8.7/lib/rake/rake_test_loader.rb:5:in `each'
/Users/morten/.rvm/gems/ree-1.8.7-2010.02/gems/rake-0.8.7/lib/rake/rake_test_loader.rb:5
Unable to load account_text, underlying cause no such file to load -- account_text.rb 

 /Users/morten/.rvm/gems/ree-1.8.7-2010.02/gems/activesupport-2.3.10/lib/active_support/dependencies.rb:406:in `load_without_new_constant_marking'
/Users/morten/.rvm/gems/ree-1.8.7-2010.02/gems/activesupport-2.3.10/lib/active_support/dependencies.rb:406:in `load_file'
/Users/morten/.rvm/gems/ree-1.8.7-2010.02/gems/activesupport-2.3.10/lib/active_support/dependencies.rb:547:in `new_constants_in'
/Users/morten/.rvm/gems/ree-1.8.7-2010.02/gems/activesupport-2.3.10/lib/active_support/dependencies.rb:405:in `load_file'
/Users/morten/.rvm/gems/ree-1.8.7-2010.02/gems/activesupport-2.3.10/lib/active_support/dependencies.rb:285:in `require_or_load'
/Users/morten/.rvm/gems/ree-1.8.7-2010.02/gems/activesupport-2.3.10/lib/active_support/dependencies.rb:250:in `depend_on'
/Users/morten/.rvm/gems/ree-1.8.7-2010.02/gems/activesupport-2.3.10/lib/active_support/dependencies.rb:162:in `require_dependency'
/Users/morten/.rvm/gems/ree-1.8.7-2010.02/gems/activerecord-2.3.10/lib/active_record/fixtures.rb:853:in `try_to_load_dependency'
/Users/morten/.rvm/gems/ree-1.8.7-2010.02/gems/activerecord-2.3.10/lib/active_record/fixtures.rb:868:in `require_fixture_classes'
/Users/morten/.rvm/gems/ree-1.8.7-2010.02/gems/activerecord-2.3.10/lib/active_record/fixtures.rb:865:in `each'
/Users/morten/.rvm/gems/ree-1.8.7-2010.02/gems/activerecord-2.3.10/lib/active_record/fixtures.rb:865:in `require_fixture_classes'
/Users/morten/.rvm/gems/ree-1.8.7-2010.02/gems/activerecord-2.3.10/lib/active_record/fixtures.rb:848:in `fixtures'
/Users/morten/.rvm/gems/ree-1.8.7-2010.02/gems/shoulda-2.11.3/lib/shoulda/context.rb:429:in `send'
/Users/morten/.rvm/gems/ree-1.8.7-2010.02/gems/shoulda-2.11.3/lib/shoulda/context.rb:429:in `method_missing'
./test/test_property_sets.rb:20:in `__bind_1294701912_106634'
/Users/morten/.rvm/gems/ree-1.8.7-2010.02/gems/shoulda-2.11.3/lib/shoulda/context.rb:306:in `call'
/Users/morten/.rvm/gems/ree-1.8.7-2010.02/gems/shoulda-2.11.3/lib/shoulda/context.rb:306:in `merge_block'
/Users/morten/.rvm/gems/ree-1.8.7-2010.02/gems/shoulda-2.11.3/lib/shoulda/context.rb:301:in `initialize'
/Users/morten/.rvm/gems/ree-1.8.7-2010.02/gems/shoulda-2.11.3/lib/shoulda/context.rb:199:in `new'
/Users/morten/.rvm/gems/ree-1.8.7-2010.02/gems/shoulda-2.11.3/lib/shoulda/context.rb:199:in `context'
./test/test_property_sets.rb:19
/Users/morten/.rvm/gems/ree-1.8.7-2010.02/gems/rake-0.8.7/lib/rake/rake_test_loader.rb:5:in `load'
/Users/morten/.rvm/gems/ree-1.8.7-2010.02/gems/rake-0.8.7/lib/rake/rake_test_loader.rb:5
/Users/morten/.rvm/gems/ree-1.8.7-2010.02/gems/rake-0.8.7/lib/rake/rake_test_loader.rb:5:in `each'
/Users/morten/.rvm/gems/ree-1.8.7-2010.02/gems/rake-0.8.7/lib/rake/rake_test_loader.rb:5
  [4;36;1mSQL (0.0ms)[0m   [0;1mBEGIN[0m
  [4;35;1mSQL (0.2ms)[0m   [0mSAVEPOINT active_record_1[0m
  [4;36;1mAccount Create (0.2ms)[0m   [0;1mINSERT INTO `accounts` (`name`, `created_at`, `updated_at`) VALUES('Name', '2011-01-10 15:25:12', '2011-01-10 15:25:12')[0m
  [4;35;1mSQL (0.2ms)[0m   [0mRELEASE SAVEPOINT active_record_1[0m
  [4;36;1mSQL (0.1ms)[0m   [0;1mSAVEPOINT active_record_1[0m
  [4;35;1mAccount Load (0.2ms)[0m   [0mSELECT * FROM `accounts` WHERE (`accounts`.`id` = 2) [0m
  [4;36;1mAccountSetting Load (0.2ms)[0m   [0;1mSELECT `account_settings`.id FROM `account_settings` WHERE (`account_settings`.`name` = BINARY 'foo' AND `account_settings`.`account_id` = 2) LIMIT 1[0m
  [4;35;1mAccount Update (0.3ms)[0m   [0mUPDATE `accounts` SET `updated_at` = '2011-01-10 15:25:12' WHERE `id` = 2[0m
  [4;36;1mAccountSetting Create (0.3ms)[0m   [0;1mINSERT INTO `account_settings` (`name`, `created_at`, `updated_at`, `account_id`, `value`) VALUES('foo', '2011-01-10 15:25:12', '2011-01-10 15:25:12', 2, '123')[0m
  [4;35;1mAccountSetting Load (0.2ms)[0m   [0mSELECT * FROM `account_settings` WHERE (`account_settings`.account_id = 2) [0m
  [4;36;1mSQL (0.1ms)[0m   [0;1mRELEASE SAVEPOINT active_record_1[0m
  [4;35;1mSQL (0.1ms)[0m   [0mSAVEPOINT active_record_1[0m
  [4;36;1mAccount Load (0.1ms)[0m   [0;1mSELECT * FROM `accounts` WHERE (`accounts`.`id` = 2) [0m
  [4;35;1mAccountSetting Load (0.2ms)[0m   [0mSELECT `account_settings`.id FROM `account_settings` WHERE (`account_settings`.`name` = BINARY 'bar' AND `account_settings`.`account_id` = 2) LIMIT 1[0m
  [4;36;1mAccount Update (0.2ms)[0m   [0;1mUPDATE `accounts` SET `updated_at` = '2011-01-10 15:25:12' WHERE `id` = 2[0m
  [4;35;1mAccountSetting Create (0.2ms)[0m   [0mINSERT INTO `account_settings` (`name`, `created_at`, `updated_at`, `account_id`, `value`) VALUES('bar', '2011-01-10 15:25:12', '2011-01-10 15:25:12', 2, '456')[0m
  [4;36;1mAccountSetting Load (0.2ms)[0m   [0;1mSELECT * FROM `account_settings` WHERE (`account_settings`.account_id = 2) [0m
  [4;35;1mSQL (0.2ms)[0m   [0mRELEASE SAVEPOINT active_record_1[0m
  [4;36;1mSQL (0.2ms)[0m   [0;1mSAVEPOINT active_record_1[0m
  [4;35;1mSQL (0.1ms)[0m   [0mRELEASE SAVEPOINT active_record_1[0m
  [4;36;1mAccount Load (0.1ms)[0m   [0;1mSELECT * FROM `accounts` WHERE (`accounts`.`id` = 2) [0m
  [4;35;1mSQL (0.1ms)[0m   [0mSELECT count(*) AS count_all FROM `account_settings` WHERE (`account_settings`.account_id = 2) [0m
  [4;36;1mAccountSetting Load (0.2ms)[0m   [0;1mSELECT * FROM `account_settings` WHERE (`account_settings`.account_id = 2) [0m
  [4;35;1mSQL (0.6ms)[0m   [0mROLLBACK[0m
  [4;36;1mSQL (0.1ms)[0m   [0;1mBEGIN[0m
  [4;35;1mSQL (0.1ms)[0m   [0mSAVEPOINT active_record_1[0m
  [4;36;1mAccount Create (0.4ms)[0m   [0;1mINSERT INTO `accounts` (`name`, `created_at`, `updated_at`) VALUES('Name', '2011-01-10 15:25:12', '2011-01-10 15:25:12')[0m
  [4;35;1mSQL (0.1ms)[0m   [0mRELEASE SAVEPOINT active_record_1[0m
  [4;36;1mAccountSetting Load (0.4ms)[0m   [0;1mSELECT * FROM `account_settings` WHERE (`account_settings`.account_id = 3) [0m
  [4;35;1mSQL (0.2ms)[0m   [0mSAVEPOINT active_record_1[0m
  [4;36;1mAccountSetting Load (0.3ms)[0m   [0;1mSELECT `account_settings`.id FROM `account_settings` WHERE (`account_settings`.`name` = BINARY 'foo' AND `account_settings`.`account_id` = 3) LIMIT 1[0m
  [4;35;1mAccount Update (0.3ms)[0m   [0mUPDATE `accounts` SET `updated_at` = '2011-01-10 15:25:12' WHERE `id` = 3[0m
  [4;36;1mAccountSetting Create (0.2ms)[0m   [0;1mINSERT INTO `account_settings` (`name`, `created_at`, `updated_at`, `account_id`, `value`) VALUES('foo', '2011-01-10 15:25:12', '2011-01-10 15:25:12', 3, '1')[0m
  [4;35;1mAccountSetting Load (0.2ms)[0m   [0mSELECT * FROM `account_settings` WHERE (`account_settings`.account_id = 3) [0m
  [4;36;1mSQL (0.1ms)[0m   [0;1mRELEASE SAVEPOINT active_record_1[0m
  [4;35;1mSQL (0.1ms)[0m   [0mSELECT count(*) AS count_all FROM `account_texts` WHERE (`account_texts`.account_id = 3) [0m
  [4;36;1mSQL (0.0ms)[0m   [0;1mSAVEPOINT active_record_1[0m
  [4;35;1mAccount Load (0.1ms)[0m   [0mSELECT * FROM `accounts` WHERE (`accounts`.`id` = 3) [0m
  [4;36;1mAccountSetting Load (0.2ms)[0m   [0;1mSELECT `account_settings`.id FROM `account_settings` WHERE (`account_settings`.`name` = BINARY 'foo' AND `account_settings`.`account_id` = 3 AND `account_settings`.id <> 730411617) LIMIT 1[0m
  [4;35;1mAccountSetting Update (0.2ms)[0m   [0mUPDATE `account_settings` SET `updated_at` = '2011-01-10 15:25:12', `value` = '2' WHERE `id` = 730411617[0m
  [4;36;1mSQL (0.2ms)[0m   [0;1mRELEASE SAVEPOINT active_record_1[0m
  [4;35;1mSQL (0.6ms)[0m   [0mROLLBACK[0m
  [4;36;1mSQL (0.0ms)[0m   [0;1mBEGIN[0m
  [4;35;1mSQL (0.0ms)[0m   [0mSAVEPOINT active_record_1[0m
  [4;36;1mAccount Create (0.1ms)[0m   [0;1mINSERT INTO `accounts` (`name`, `created_at`, `updated_at`) VALUES('Name', '2011-01-10 15:25:12', '2011-01-10 15:25:12')[0m
  [4;35;1mSQL (0.0ms)[0m   [0mRELEASE SAVEPOINT active_record_1[0m
  [4;36;1mAccountSetting Load (0.1ms)[0m   [0;1mSELECT * FROM `account_settings` WHERE (`account_settings`.account_id = 4) [0m
  [4;35;1mSQL (0.1ms)[0m   [0mSAVEPOINT active_record_1[0m
  [4;36;1mAccountSetting Load (0.2ms)[0m   [0;1mSELECT `account_settings`.id FROM `account_settings` WHERE (`account_settings`.`name` = BINARY 'foo' AND `account_settings`.`account_id` = 4) LIMIT 1[0m
  [4;35;1mAccount Update (0.3ms)[0m   [0mUPDATE `accounts` SET `updated_at` = '2011-01-10 15:25:12' WHERE `id` = 4[0m
  [4;36;1mAccountSetting Create (0.1ms)[0m   [0;1mINSERT INTO `account_settings` (`name`, `created_at`, `updated_at`, `account_id`, `value`) VALUES('foo', '2011-01-10 15:25:12', '2011-01-10 15:25:12', 4, '1')[0m
  [4;35;1mAccountSetting Load (0.1ms)[0m   [0mSELECT * FROM `account_settings` WHERE (`account_settings`.account_id = 4) [0m
  [4;36;1mSQL (0.0ms)[0m   [0;1mRELEASE SAVEPOINT active_record_1[0m
  [4;35;1mSQL (0.0ms)[0m   [0mSAVEPOINT active_record_1[0m
  [4;36;1mAccount Load (0.1ms)[0m   [0;1mSELECT * FROM `accounts` WHERE (`accounts`.`id` = 4) [0m
  [4;35;1mAccount Update (0.1ms)[0m   [0mUPDATE `accounts` SET `updated_at` = '2011-01-10 15:25:12' WHERE `id` = 4[0m
  [4;36;1mAccountSetting Destroy (0.2ms)[0m   [0;1mDELETE FROM `account_settings` WHERE `id` = 730411618[0m
  [4;35;1mAccountSetting Load (0.2ms)[0m   [0mSELECT * FROM `account_settings` WHERE (`account_settings`.account_id = 4) [0m
  [4;36;1mSQL (0.2ms)[0m   [0;1mRELEASE SAVEPOINT active_record_1[0m
  [4;35;1mAccountSetting Load (0.1ms)[0m   [0mSELECT * FROM `account_settings` WHERE (`account_settings`.account_id = 4) [0m
  [4;36;1mSQL (0.4ms)[0m   [0;1mROLLBACK[0m
  [4;35;1mSQL (0.1ms)[0m   [0mBEGIN[0m
  [4;36;1mSQL (0.1ms)[0m   [0;1mSAVEPOINT active_record_1[0m
  [4;35;1mAccount Create (0.2ms)[0m   [0mINSERT INTO `accounts` (`name`, `created_at`, `updated_at`) VALUES('Name', '2011-01-10 15:25:12', '2011-01-10 15:25:12')[0m
  [4;36;1mSQL (0.2ms)[0m   [0;1mRELEASE SAVEPOINT active_record_1[0m
  [4;35;1mSQL (0.4ms)[0m   [0mSELECT count(*) AS count_all FROM `account_settings` WHERE (`account_settings`.account_id = 5) [0m
  [4;36;1mSQL (0.4ms)[0m   [0;1mSELECT count(*) AS count_all FROM `account_texts` WHERE (`account_texts`.account_id = 5) [0m
  [4;35;1mSQL (0.7ms)[0m   [0mROLLBACK[0m
  [4;36;1mSQL (0.0ms)[0m   [0;1mBEGIN[0m
  [4;35;1mSQL (0.0ms)[0m   [0mSAVEPOINT active_record_1[0m
  [4;36;1mAccount Create (0.2ms)[0m   [0;1mINSERT INTO `accounts` (`name`, `created_at`, `updated_at`) VALUES('Name', '2011-01-10 15:25:12', '2011-01-10 15:25:12')[0m
  [4;35;1mSQL (0.2ms)[0m   [0mRELEASE SAVEPOINT active_record_1[0m
  [4;36;1mAccountSetting Load (0.3ms)[0m   [0;1mSELECT * FROM `account_settings` WHERE (`account_settings`.account_id = 6) [0m
  [4;35;1mSQL (0.5ms)[0m   [0mROLLBACK[0m
  [4;36;1mSQL (0.0ms)[0m   [0;1mBEGIN[0m
  [4;35;1mSQL (0.1ms)[0m   [0mSAVEPOINT active_record_1[0m
  [4;36;1mAccount Create (0.2ms)[0m   [0;1mINSERT INTO `accounts` (`name`, `created_at`, `updated_at`) VALUES('Name', '2011-01-10 15:25:12', '2011-01-10 15:25:12')[0m
  [4;35;1mSQL (0.2ms)[0m   [0mRELEASE SAVEPOINT active_record_1[0m
  [4;36;1mSQL (0.4ms)[0m   [0;1mROLLBACK[0m
  [4;35;1mSQL (0.0ms)[0m   [0mBEGIN[0m
  [4;36;1mSQL (0.0ms)[0m   [0;1mSAVEPOINT active_record_1[0m
  [4;35;1mAccount Create (0.2ms)[0m   [0mINSERT INTO `accounts` (`name`, `created_at`, `updated_at`) VALUES('Name', '2011-01-10 15:25:12', '2011-01-10 15:25:12')[0m
  [4;36;1mSQL (0.2ms)[0m   [0;1mRELEASE SAVEPOINT active_record_1[0m
  [4;35;1mAccountSetting Load (0.3ms)[0m   [0mSELECT `account_settings`.id FROM `account_settings` WHERE (`account_settings`.`name` = BINARY 'hello' AND `account_settings`.`account_id` = 8) LIMIT 1[0m
  [4;36;1mAccountSetting Load (0.2ms)[0m   [0;1mSELECT `account_settings`.id FROM `account_settings` WHERE (`account_settings`.`name` = BINARY 'hel_lo' AND `account_settings`.`account_id` = 8) LIMIT 1[0m
  [4;35;1mAccountSetting Load (0.1ms)[0m   [0mSELECT `account_settings`.id FROM `account_settings` WHERE (`account_settings`.`name` = BINARY 'hell0' AND `account_settings`.`account_id` = 8) LIMIT 1[0m
  [4;36;1mAccountSetting Load (0.1ms)[0m   [0;1mSELECT `account_settings`.id FROM `account_settings` WHERE (`account_settings`.`name` = BINARY '_hello' AND `account_settings`.`account_id` = 8) LIMIT 1[0m
  [4;35;1mAccountSetting Load (0.1ms)[0m   [0mSELECT `account_settings`.id FROM `account_settings` WHERE (`account_settings`.`name` = BINARY 'hello' AND `account_settings`.`account_id` = 8) LIMIT 1[0m
  [4;36;1mSQL (0.5ms)[0m   [0;1mROLLBACK[0m
  [4;35;1mSQL (0.0ms)[0m   [0mBEGIN[0m
  [4;36;1mSQL (0.1ms)[0m   [0;1mSAVEPOINT active_record_1[0m
  [4;35;1mAccount Create (0.2ms)[0m   [0mINSERT INTO `accounts` (`name`, `created_at`, `updated_at`) VALUES('Name', '2011-01-10 15:25:12', '2011-01-10 15:25:12')[0m
  [4;36;1mSQL (0.2ms)[0m   [0;1mRELEASE SAVEPOINT active_record_1[0m
  [4;35;1mSQL (0.1ms)[0m   [0mSAVEPOINT active_record_1[0m
  [4;36;1mAccountSetting Load (0.1ms)[0m   [0;1mSELECT `account_settings`.id FROM `account_settings` WHERE (`account_settings`.`name` = BINARY 'unique' AND `account_settings`.`account_id` = 9) LIMIT 1[0m
  [4;35;1mAccount Update (0.2ms)[0m   [0mUPDATE `accounts` SET `updated_at` = '2011-01-10 15:25:12' WHERE `id` = 9[0m
  [4;36;1mAccountSetting Create (0.2ms)[0m   [0;1mINSERT INTO `account_settings` (`name`, `created_at`, `updated_at`, `account_id`, `value`) VALUES('unique', '2011-01-10 15:25:12', '2011-01-10 15:25:12', 9, NULL)[0m
  [4;35;1mAccountSetting Load (0.1ms)[0m   [0mSELECT * FROM `account_settings` WHERE (`account_settings`.account_id = 9) [0m
  [4;36;1mSQL (0.1ms)[0m   [0;1mRELEASE SAVEPOINT active_record_1[0m
  [4;35;1mSQL (0.1ms)[0m   [0mSAVEPOINT active_record_1[0m
  [4;36;1mAccountSetting Load (0.2ms)[0m   [0;1mSELECT `account_settings`.id FROM `account_settings` WHERE (`account_settings`.`name` = BINARY 'unique' AND `account_settings`.`account_id` = 9) LIMIT 1[0m
  [4;35;1mSQL (0.1ms)[0m   [0mROLLBACK TO SAVEPOINT active_record_1[0m
  [4;36;1mSQL (0.5ms)[0m   [0;1mROLLBACK[0m
